117.207.199.48 - - [02/Apr/2012:08:49:32 +0530] "POST /kuhsonline/qptrans/get1.php?q=1 HTTP/1.1" 200 10 "http://kuhas.ac.in/kuhsonline/qptrans/dnload.php" "Mozilla/5.0 (Windows NT 6.1; rv:7.0.1) Gecko/20100101 Firefox/7.0.1"
117.211.75.64 - - [02/Apr/2012:08:49:33 +0530] "GET /kuhsonline/qptrans/index.php HTTP/1.1" 200 2732 "http://kuhas.ac.in/kuhsonline/main/maincap.php" "Mozilla/5.0 (Windows NT 6.1; rv:11.0) Gecko/20100101 Firefox/11.0"
117.199.12.206 - - [02/Apr/2012:08:49:33 +0530] "GET /kuhsonline/main/login.php HTTP/1.1" 200 5038 "http://www.kuhas.ac.in/kuhsonline/main/frame.html" "Mozilla/5.0 (Windows NT 6.1; rv:11.0) Gecko/20100101 Firefox/11.0"
117.199.12.206 - - [02/Apr/2012:08:49:33 +0530] "GET /kuhsonline/main/login.php HTTP/1.1" 200 5038 "http://www.kuhas.ac.in/kuhsonline/main/frame.html" "Mozilla/5.0 (Windows NT 6.1; rv:11.0) Gecko/20100101 Firefox/11.0"
115.249.106.74 - - [02/Apr/2012:08:49:34 +0530] "GET /kuhsonline/main/frame.html HTTP/1.1" 304 - "-" "Mozilla/5.0 (Windows NT 6.1; rv:11.0) Gecko/20100101 Firefox/11.0"
117.199.12.206 - - [02/Apr/2012:08:49:34 +0530] "GET /kuhsonline/images/newimage.png HTTP/1.1" 404 613 "http://www.kuhas.ac.in/kuhsonline/main/login.php" "Mozilla/5.0 (Windows NT 6.1; rv:11.0) Gecko/20100101 Firefox/11.0"
115.249.106.74 - - [02/Apr/2012:08:49:34 +0530] "GET /kuhsonline/main/head.php HTTP/1.1" 200 1157 "http://kuhas.ac.in/kuhsonline/main/frame.html" "Mozilla/5.0 (Windows NT 6.1; rv:11.0) Gecko/20100101 Firefox/11.0"
115.249.106.74 - - [02/Apr/2012:08:49:34 +0530] "GET /kuhsonline/css/style.css HTTP/1.1" 304 - "http://kuhas.ac.in/kuhsonline/main/head.php" "Mozilla/5.0 (Windows NT 6.1; rv:11.0) Gecko/20100101 Firefox/11.0"
115.249.106.74 - - [02/Apr/2012:08:49:34 +0530] "GET /kuhsonline/images/cap_logo.jpg HTTP/1.1" 304 - "http://kuhas.ac.in/kuhsonline/main/head.php" "Mozilla/5.0 (Windows NT 6.1; rv:11.0) Gecko/20100101 Firefox/11.0"
115.249.106.74 - - [02/Apr/2012:08:49:34 +0530] "GET /kuhsonline/qptrans/dnload.php HTTP/1.1" 200 11906 "http://kuhas.ac.in/kuhsonline/qptrans/collpage.php" "Mozilla/5.0 (Windows NT 6.1; rv:11.0) Gecko/20100101 Firefox/11.0"
115.249.106.74 - - [02/Apr/2012:08:49:34 +0530] "GET /kuhsonline/main/frame.html HTTP/1.1" 304 - "-" "Mozilla/5.0 (Windows NT 6.1; rv:11.0) Gecko/20100101 Firefox/11.0"
115.249.106.74 - - [02/Apr/2012:08:49:34 +0530] "GET /kuhsonline/qptrans/dnload.php HTTP/1.1" 200 11906 "http://kuhas.ac.in/kuhsonline/qptrans/collpage.php" "Mozilla/5.0 (Windows NT 6.1; rv:11.0) Gecko/20100101 Firefox/11.0"
115.249.106.74 - - [02/Apr/2012:08:49:34 +0530] "GET /kuhsonline/main/head.php HTTP/1.1" 200 1157 "http://kuhas.ac.in/kuhsonline/main/frame.html" "Mozilla/5.0 (Windows NT 6.1; rv:11.0) Gecko/20100101 Firefox/11.0"
115.249.106.74 - - [02/Apr/2012:08:49:34 +0530] "GET /kuhsonline/css/style.css HTTP/1.1" 304 - "http://kuhas.ac.in/kuhsonline/main/head.php" "Mozilla/5.0 (Windows NT 6.1; rv:11.0) Gecko/20100101 Firefox/11.0"
117.207.199.48 - - [02/Apr/2012:08:49:34 +0530] "GET /kuhsonline/qptrans/get.php?id=download HTTP/1.1" 200 284 "http://kuhas.ac.in/kuhsonline/qptrans/dnload.php" "Mozilla/5.0 (Windows NT 6.1; rv:7.0.1) Gecko/20100101 Firefox/7.0.1"
115.249.106.74 - - [02/Apr/2012:08:49:34 +0530] "GET /kuhsonline/images/cap_logo.jpg HTTP/1.1" 304 - "http://kuhas.ac.in/kuhsonline/main/head.php" "Mozilla/5.0 (Windows NT 6.1; rv:11.0) Gecko/20100101 Firefox/11.0"
115.249.106.74 - - [02/Apr/2012:08:49:34 +0530] "GET /kuhsonline/css/loginmodule.css HTTP/1.1" 304 - "http://kuhas.ac.in/kuhsonline/qptrans/dnload.php" "Mozilla/5.0 (Windows NT 6.1; rv:11.0) Gecko/20100101 Firefox/11.0"
115.249.106.74 - - [02/Apr/2012:08:49:35 +0530] "GET /kuhsonline/css/css2.css HTTP/1.1" 304 - "http://kuhas.ac.in/kuhsonline/qptrans/dnload.php" "Mozilla/5.0 (Windows NT 6.1; rv:11.0) Gecko/20100101 Firefox/11.0"
115.249.106.74 - - [02/Apr/2012:08:49:35 +0530] "GET /kuhsonline/js/myjslib.js HTTP/1.1" 304 - "http://kuhas.ac.in/kuhsonline/qptrans/dnload.php" "Mozilla/5.0 (Windows NT 6.1; rv:11.0) Gecko/20100101 Firefox/11.0"
115.249.106.74 - - [02/Apr/2012:08:49:35 +0530] "GET /kuhsonline/images/pleasewait.gif HTTP/1.1" 304 - "http://kuhas.ac.in/kuhsonline/qptrans/dnload.php" "Mozilla/5.0 (Windows NT 6.1; rv:11.0) Gecko/20100101 Firefox/11.0"
115.249.106.74 - - [02/Apr/2012:08:49:35 +0530] "POST /kuhsonline/qptrans/get1.php?q=1 HTTP/1.1" 200 10 "http://kuhas.ac.in/kuhsonline/qptrans/dnload.php" "Mozilla/5.0 (Windows NT 6.1; rv:11.0) Gecko/20100101 Firefox/11.0"
106.66.92.63 - - [02/Apr/2012:08:49:38 +0530] "GET /kuhsonline/qptrans/get.php?id=download HTTP/1.1" 200 284 "http://www.kuhas.ac.in/kuhsonline/qptrans/dnload.php" "Mozilla/5.0 (Windows NT 6.1; rv:6.0) Gecko/20100101 Firefox/6.0"
117.211.75.64 - - [02/Apr/2012:08:49:41 +0530] "POST /kuhsonline/qptrans/login-exec.php HTTP/1.1" 302 - "http://kuhas.ac.in/kuhsonline/qptrans/index.php" "Mozilla/5.0 (Windows NT 6.1; rv:11.0) Gecko/20100101 Firefox/11.0"
117.211.75.64 - - [02/Apr/2012:08:49:41 +0530] "GET /kuhsonline/qptrans/collpage.php HTTP/1.1" 200 1636 "http://kuhas.ac.in/kuhsonline/qptrans/index.php" "Mozilla/5.0 (Windows NT 6.1; rv:11.0) Gecko/20100101 Firefox/11.0"
117.231.61.145 - - [02/Apr/2012:08:49:43 +0530] "GET /kuhsonline/qptrans/index.php HTTP/1.1" 200 2732 "http://www.kuhas.ac.in/kuhsonline/main/maincap.php" "Mozilla/5.0 (Windows NT 6.1; rv:11.0) Gecko/20100101 Firefox/11.0"
106.66.92.63 - - [02/Apr/2012:08:49:44 +0530] "GET /kuhsonline/main/frame.html HTTP/1.1" 304 - "-" "Mozilla/5.0 (Windows NT 6.1; rv:6.0) Gecko/20100101 Firefox/6.0"
106.66.92.63 - - [02/Apr/2012:08:49:44 +0530] "GET /kuhsonline/main/head.php HTTP/1.1" 200 1157 "http://www.kuhas.ac.in/kuhsonline/main/frame.html" "Mozilla/5.0 (Windows NT 6.1; rv:6.0) Gecko/20100101 Firefox/6.0"
117.207.199.48 - - [02/Apr/2012:08:49:44 +0530] "GET /kuhsonline/main/frame.html HTTP/1.0" 304 - "-" "Mozilla/5.0 (Windows NT 6.1; rv:11.0) Gecko/20100101 Firefox/11.0"
117.211.75.64 - - [02/Apr/2012:08:49:44 +0530] "GET /kuhsonline/qptrans/dnload.php HTTP/1.1" 200 11906 "http://kuhas.ac.in/kuhsonline/qptrans/collpage.php" "Mozilla/5.0 (Windows NT 6.1; rv:11.0) Gecko/20100101 Firefox/11.0"
106.66.92.63 - - [02/Apr/2012:08:49:45 +0530] "GET /kuhsonline/css/style.css HTTP/1.1" 304 - "http://www.kuhas.ac.in/kuhsonline/main/head.php" "Mozilla/5.0 (Windows NT 6.1; rv:6.0) Gecko/20100101 Firefox/6.0"
106.66.92.63 - - [02/Apr/2012:08:49:45 +0530] "GET /kuhsonline/images/cap_logo.jpg HTTP/1.1" 304 - "http://www.kuhas.ac.in/kuhsonline/main/head.php" "Mozilla/5.0 (Windows NT 6.1; rv:6.0) Gecko/20100101 Firefox/6.0"
106.66.92.63 - - [02/Apr/2012:08:49:44 +0530] "GET /kuhsonline/qptrans/dnload.php HTTP/1.1" 200 11906 "http://www.kuhas.ac.in/kuhsonline/qptrans/collpage.php" "Mozilla/5.0 (Windows NT 6.1; rv:6.0) Gecko/20100101 Firefox/6.0"
117.211.75.64 - - [02/Apr/2012:08:49:45 +0530] "POST /kuhsonline/qptrans/get1.php?q=1 HTTP/1.1" 200 10 "http://kuhas.ac.in/kuhsonline/qptrans/dnload.php" "Mozilla/5.0 (Windows NT 6.1; rv:11.0) Gecko/20100101 Firefox/11.0"
106.66.92.63 - - [02/Apr/2012:08:49:45 +0530] "GET /kuhsonline/css/loginmodule.css HTTP/1.1" 304 - "http://www.kuhas.ac.in/kuhsonline/qptrans/dnload.php" "Mozilla/5.0 (Windows NT 6.1; rv:6.0) Gecko/20100101 Firefox/6.0"
106.66.92.63 - - [02/Apr/2012:08:49:45 +0530] "GET /kuhsonline/css/css2.css HTTP/1.1" 304 - "http://www.kuhas.ac.in/kuhsonline/qptrans/dnload.php" "Mozilla/5.0 (Windows NT 6.1; rv:6.0) Gecko/20100101 Firefox/6.0"
106.66.92.63 - - [02/Apr/2012:08:49:45 +0530] "GET /kuhsonline/js/myjslib.js HTTP/1.1" 304 - "http://www.kuhas.ac.in/kuhsonline/qptrans/dnload.php" "Mozilla/5.0 (Windows NT 6.1; rv:6.0) Gecko/20100101 Firefox/6.0"
117.207.199.48 - - [02/Apr/2012:08:49:45 +0530] "GET /kuhsonline/main/head.php HTTP/1.0" 200 1157 "http://www.kuhas.ac.in/kuhsonline/main/frame.html" "Mozilla/5.0 (Windows NT 6.1; rv:11.0) Gecko/20100101 Firefox/11.0"
106.66.92.63 - - [02/Apr/2012:08:49:45 +0530] "GET /kuhsonline/images/pleasewait.gif HTTP/1.1" 304 - "http://www.kuhas.ac.in/kuhsonline/qptrans/dnload.php" "Mozilla/5.0 (Windows NT 6.1; rv:6.0) Gecko/20100101 Firefox/6.0"
117.207.199.48 - - [02/Apr/2012:08:49:45 +0530] "GET /kuhsonline/qptrans/dnload.php HTTP/1.0" 200 11906 "http://www.kuhas.ac.in/kuhsonline/qptrans/collpage.php" "Mozilla/5.0 (Windows NT 6.1; rv:11.0) Gecko/20100101 Firefox/11.0"
106.66.92.63 - - [02/Apr/2012:08:49:45 +0530] "POST /kuhsonline/qptrans/get1.php?q=1 HTTP/1.1" 200 10 "http://www.kuhas.ac.in/kuhsonline/qptrans/dnload.php" "Mozilla/5.0 (Windows NT 6.1; rv:6.0) Gecko/20100101 Firefox/6.0"
117.207.199.48 - - [02/Apr/2012:08:49:45 +0530] "GET /kuhsonline/css/style.css HTTP/1.0" 304 - "http://www.kuhas.ac.in/kuhsonline/main/head.php" "Mozilla/5.0 (Windows NT 6.1; rv:11.0) Gecko/20100101 Firefox/11.0"
117.207.199.48 - - [02/Apr/2012:08:49:45 +0530] "GET /kuhsonline/images/cap_logo.jpg HTTP/1.0" 304 - "http://www.kuhas.ac.in/kuhsonline/main/head.php" "Mozilla/5.0 (Windows NT 6.1; rv:11.0) Gecko/20100101 Firefox/11.0"
117.207.199.48 - - [02/Apr/2012:08:49:46 +0530] "GET /kuhsonline/css/css2.css HTTP/1.0" 304 - "http://www.kuhas.ac.in/kuhsonline/qptrans/dnload.php" "Mozilla/5.0 (Windows NT 6.1; rv:11.0) Gecko/20100101 Firefox/11.0"
117.207.199.48 - - [02/Apr/2012:08:49:46 +0530] "GET /kuhsonline/css/loginmodule.css HTTP/1.0" 304 - "http://www.kuhas.ac.in/kuhsonline/qptrans/dnload.php" "Mozilla/5.0 (Windows NT 6.1; rv:11.0) Gecko/20100101 Firefox/11.0"
117.207.199.48 - - [02/Apr/2012:08:49:46 +0530] "GET /kuhsonline/js/myjslib.js HTTP/1.0" 304 - "http://www.kuhas.ac.in/kuhsonline/qptrans/dnload.php" "Mozilla/5.0 (Windows NT 6.1; rv:11.0) Gecko/20100101 Firefox/11.0"
117.207.199.48 - - [02/Apr/2012:08:49:47 +0530] "GET /kuhsonline/images/pleasewait.gif HTTP/1.0" 304 - "http://www.kuhas.ac.in/kuhsonline/qptrans/dnload.php" "Mozilla/5.0 (Windows NT 6.1; rv:11.0) Gecko/20100101 Firefox/11.0"
106.66.92.63 - - [02/Apr/2012:08:49:48 +0530] "GET /kuhsonline/main/frame.html HTTP/1.1" 304 - "-" "Mozilla/5.0 (Windows NT 6.1; rv:6.0) Gecko/20100101 Firefox/6.0"
115.184.205.197 - - [02/Apr/2012:08:49:48 +0530] "GET /kuhsonline HTTP/1.1" 301 432 "-" "Mozilla/4.0 (compatible; MSIE 8.0; Windows NT 6.1; Trident/4.0; SLCC2; .NET CLR 2.0.50727; .NET CLR 3.5.30729; .NET CLR 3.0.30729; Media Center PC 6.0; InfoPath.3)"
106.66.92.63 - - [02/Apr/2012:08:49:48 +0530] "GET /kuhsonline/main/head.php HTTP/1.1" 200 1157 "http://www.kuhas.ac.in/kuhsonline/main/frame.html" "Mozilla/5.0 (Windows NT 6.1; rv:6.0) Gecko/20100101 Firefox/6.0"
117.207.199.48 - - [02/Apr/2012:08:49:48 +0530] "POST /kuhsonline/qptrans/get1.php?q=1 HTTP/1.0" 200 10 "http://www.kuhas.ac.in/kuhsonline/qptrans/dnload.php" "Mozilla/5.0 (Windows NT 6.1; rv:11.0) Gecko/20100101 Firefox/11.0"
106.66.92.63 - - [02/Apr/2012:08:49:49 +0530] "GET /kuhsonline/css/style.css HTTP/1.1" 304 - "http://www.kuhas.ac.in/kuhsonline/main/head.php" "Mozilla/5.0 (Windows NT 6.1; rv:6.0) Gecko/20100101 Firefox/6.0"
106.66.92.63 - - [02/Apr/2012:08:49:49 +0530] "GET /kuhsonline/images/cap_logo.jpg HTTP/1.1" 304 - "http://www.kuhas.ac.in/kuhsonline/main/head.php" "Mozilla/5.0 (Windows NT 6.1; rv:6.0) Gecko/20100101 Firefox/6.0"
106.66.92.63 - - [02/Apr/2012:08:49:48 +0530] "GET /kuhsonline/qptrans/dnload.php HTTP/1.1" 200 11906 "http://www.kuhas.ac.in/kuhsonline/qptrans/collpage.php" "Mozilla/5.0 (Windows NT 6.1; rv:6.0) Gecko/20100101 Firefox/6.0"
106.66.92.63 - - [02/Apr/2012:08:49:50 +0530] "GET /kuhsonline/css/loginmodule.css HTTP/1.1" 304 - "http://www.kuhas.ac.in/kuhsonline/qptrans/dnload.php" "Mozilla/5.0 (Windows NT 6.1; rv:6.0) Gecko/20100101 Firefox/6.0"
59.90.167.4 - - [02/Apr/2012:08:49:47 +0530] "GET /kuhsonline/qptrans/get.php?id=download HTTP/1.1" 200 284 "http://www.kuhas.ac.in/kuhsonline/qptrans/dnload.php" "Mozilla/5.0 (Windows NT 6.1; rv:11.0) Gecko/20100101 Firefox/11.0"
106.66.92.63 - - [02/Apr/2012:08:49:50 +0530] "GET /kuhsonline/css/css2.css HTTP/1.1" 304 - "http://www.kuhas.ac.in/kuhsonline/qptrans/dnload.php" "Mozilla/5.0 (Windows NT 6.1; rv:6.0) Gecko/20100101 Firefox/6.0"
106.66.92.63 - - [02/Apr/2012:08:49:50 +0530] "GET /kuhsonline/js/myjslib.js HTTP/1.1" 304 - "http://www.kuhas.ac.in/kuhsonline/qptrans/dnload.php" "Mozilla/5.0 (Windows NT 6.1; rv:6.0) Gecko/20100101 Firefox/6.0"
117.211.75.64 - - [02/Apr/2012:08:49:48 +0530] "GET /kuhsonline/qptrans/get.php?id=download HTTP/1.1" 200 284 "http://kuhas.ac.in/kuhsonline/qptrans/dnload.php" "Mozilla/5.0 (Windows NT 6.1; rv:11.0) Gecko/20100101 Firefox/11.0"
115.184.205.197 - - [02/Apr/2012:08:49:49 +0530] "GET /kuhsonline/ HTTP/1.1" 302 80 "-" "Mozilla/4.0 (compatible; MSIE 8.0; Windows NT 6.1; Trident/4.0; SLCC2; .NET CLR 2.0.50727; .NET CLR 3.5.30729; .NET CLR 3.0.30729; Media Center PC 6.0; InfoPath.3)"
117.207.199.48 - - [02/Apr/2012:08:49:49 +0530] "GET /kuhsonline/qptrans/get.php?id=download HTTP/1.0" 200 284 "http://www.kuhas.ac.in/kuhsonline/qptrans/dnload.php" "Mozilla/5.0 (Windows NT 6.1; rv:11.0) Gecko/20100101 Firefox/11.0"
106.66.92.63 - - [02/Apr/2012:08:49:50 +0530] "GET /kuhsonline/images/pleasewait.gif HTTP/1.1" 304 - "http://www.kuhas.ac.in/kuhsonline/qptrans/dnload.php" "Mozilla/5.0 (Windows NT 6.1; rv:6.0) Gecko/20100101 Firefox/6.0"
106.66.92.63 - - [02/Apr/2012:08:49:50 +0530] "POST /kuhsonline/qptrans/get1.php?q=1 HTTP/1.1" 200 10 "http://www.kuhas.ac.in/kuhsonline/qptrans/dnload.php" "Mozilla/5.0 (Windows NT 6.1; rv:6.0) Gecko/20100101 Firefox/6.0"
115.184.205.197 - - [02/Apr/2012:08:49:51 +0530] "GET /kuhsonline/main/frame.html HTTP/1.1" 304 - "-" "Mozilla/4.0 (compatible; MSIE 8.0; Windows NT 6.1; Trident/4.0; SLCC2; .NET CLR 2.0.50727; .NET CLR 3.5.30729; .NET CLR 3.0.30729; Media Center PC 6.0; InfoPath.3)"
115.184.205.197 - - [02/Apr/2012:08:49:52 +0530] "GET /kuhsonline/main/head.php HTTP/1.1" 200 1157 "http://www.kuhas.ac.in/kuhsonline/main/frame.html" "Mozilla/4.0 (compatible; MSIE 7.0; Windows NT 6.1; Trident/4.0; SLCC2; .NET CLR 2.0.50727; .NET CLR 3.5.30729; .NET CLR 3.0.30729; Media Center PC 6.0; InfoPath.3)"
115.184.205.197 - - [02/Apr/2012:08:49:53 +0530] "GET /kuhsonline/main/maincap.php HTTP/1.1" 302 - "http://www.kuhas.ac.in/kuhsonline/main/frame.html" "Mozilla/4.0 (compatible; MSIE 7.0; Windows NT 6.1; Trident/4.0; SLCC2; .NET CLR 2.0.50727; .NET CLR 3.5.30729; .NET CLR 3.0.30729; Media Center PC 6.0; InfoPath.3)"
117.204.83.146 - - [02/Apr/2012:08:49:54 +0530] "GET /kuhsonline/main/frame.html HTTP/1.1" 304 - "-" "Mozilla/5.0 (Windows NT 6.1; rv:5.0.1) Gecko/20100101 Firefox/5.0.1"
115.184.205.197 - - [02/Apr/2012:08:49:54 +0530] "GET /kuhsonline/css/style.css HTTP/1.1" 304 - "http://www.kuhas.ac.in/kuhsonline/main/head.php" "Mozilla/4.0 (compatible; MSIE 7.0; Windows NT 6.1; Trident/4.0; SLCC2; .NET CLR 2.0.50727; .NET CLR 3.5.30729; .NET CLR 3.0.30729; Media Center PC 6.0; InfoPath.3)"
117.204.83.146 - - [02/Apr/2012:08:49:54 +0530] "GET /kuhsonline/main/head.php HTTP/1.1" 200 1157 "http://kuhas.ac.in/kuhsonline/main/frame.html" "Mozilla/5.0 (Windows NT 6.1; rv:5.0.1) Gecko/20100101 Firefox/5.0.1"
115.184.205.197 - - [02/Apr/2012:08:49:54 +0530] "GET /kuhsonline/main/login.php HTTP/1.1" 200 5038 "http://www.kuhas.ac.in/kuhsonline/main/frame.html" "Mozilla/4.0 (compatible; MSIE 7.0; Windows NT 6.1; Trident/4.0; SLCC2; .NET CLR 2.0.50727; .NET CLR 3.5.30729; .NET CLR 3.0.30729; Media Center PC 6.0; InfoPath.3)"
117.204.83.146 - - [02/Apr/2012:08:49:55 +0530] "GET /kuhsonline/css/style.css HTTP/1.1" 304 - "http://kuhas.ac.in/kuhsonline/main/head.php" "Mozilla/5.0 (Windows NT 6.1; rv:5.0.1) Gecko/20100101 Firefox/5.0.1"
117.204.83.146 - - [02/Apr/2012:08:49:55 +0530] "GET /kuhsonline/images/cap_logo.jpg HTTP/1.1" 304 - "http://kuhas.ac.in/kuhsonline/main/head.php" "Mozilla/5.0 (Windows NT 6.1; rv:5.0.1) Gecko/20100101 Firefox/5.0.1"
117.204.83.146 - - [02/Apr/2012:08:49:54 +0530] "GET /kuhsonline/qptrans/dnload.php HTTP/1.1" 200 11906 "http://kuhas.ac.in/kuhsonline/qptrans/collpage.php" "Mozilla/5.0 (Windows NT 6.1; rv:5.0.1) Gecko/20100101 Firefox/5.0.1"
115.184.205.197 - - [02/Apr/2012:08:49:55 +0530] "GET /kuhsonline/images/cap_logo.jpg HTTP/1.1" 304 - "http://www.kuhas.ac.in/kuhsonline/main/head.php" "Mozilla/4.0 (compatible; MSIE 7.0; Windows NT 6.1; Trident/4.0; SLCC2; .NET CLR 2.0.50727; .NET CLR 3.5.30729; .NET CLR 3.0.30729; Media Center PC 6.0; InfoPath.3)"
117.204.83.146 - - [02/Apr/2012:08:49:55 +0530] "GET /kuhsonline/css/loginmodule.css HTTP/1.1" 304 - "http://kuhas.ac.in/kuhsonline/qptrans/dnload.php" "Mozilla/5.0 (Windows NT 6.1; rv:5.0.1) Gecko/20100101 Firefox/5.0.1"
117.204.83.146 - - [02/Apr/2012:08:49:55 +0530] "GET /kuhsonline/css/css2.css HTTP/1.1" 304 - "http://kuhas.ac.in/kuhsonline/qptrans/dnload.php" "Mozilla/5.0 (Windows NT 6.1; rv:5.0.1) Gecko/20100101 Firefox/5.0.1"
117.204.83.146 - - [02/Apr/2012:08:49:55 +0530] "GET /kuhsonline/js/myjslib.js HTTP/1.1" 304 - "http://kuhas.ac.in/kuhsonline/qptrans/dnload.php" "Mozilla/5.0 (Windows NT 6.1; rv:5.0.1) Gecko/20100101 Firefox/5.0.1"
117.204.83.146 - - [02/Apr/2012:08:49:55 +0530] "GET /kuhsonline/images/pleasewait.gif HTTP/1.1" 304 - "http://kuhas.ac.in/kuhsonline/qptrans/dnload.php" "Mozilla/5.0 (Windows NT 6.1; rv:5.0.1) Gecko/20100101 Firefox/5.0.1"
117.204.83.146 - - [02/Apr/2012:08:49:55 +0530] "POST /kuhsonline/qptrans/get1.php?q=1 HTTP/1.1" 200 10 "http://kuhas.ac.in/kuhsonline/qptrans/dnload.php" "Mozilla/5.0 (Windows NT 6.1; rv:5.0.1) Gecko/20100101 Firefox/5.0.1"
115.184.205.197 - - [02/Apr/2012:08:49:56 +0530] "GET /kuhsonline/Enc_password/sha256.js HTTP/1.1" 304 - "http://www.kuhas.ac.in/kuhsonline/main/login.php" "Mozilla/4.0 (compatible; MSIE 7.0; Windows NT 6.1; Trident/4.0; SLCC2; .NET CLR 2.0.50727; .NET CLR 3.5.30729; .NET CLR 3.0.30729; Media Center PC 6.0; InfoPath.3)"
115.184.205.197 - - [02/Apr/2012:08:49:57 +0530] "GET /kuhsonline/Enc_password/kencrypt.js HTTP/1.1" 304 - "http://www.kuhas.ac.in/kuhsonline/main/login.php" "Mozilla/4.0 (compatible; MSIE 7.0; Windows NT 6.1; Trident/4.0; SLCC2; .NET CLR 2.0.50727; .NET CLR 3.5.30729; .NET CLR 3.0.30729; Media Center PC 6.0; InfoPath.3)"
117.253.194.41 - - [02/Apr/2012:08:49:57 +0530] "GET /kuhsonline/qptrans/get.php?id=download HTTP/1.1" 200 284 "http://www.kuhas.ac.in/kuhsonline/qptrans/dnload.php" "Mozilla/5.0 (Windows NT 6.1; rv:11.0) Gecko/20100101 Firefox/11.0"
117.211.133.6 - - [02/Apr/2012:08:49:57 +0530] "GET /kuhsonline/qptrans/get.php?id=download HTTP/1.1" 200 284 "http://kuhas.ac.in/kuhsonline/qptrans/dnload.php" "Mozilla/5.0 (Windows NT 6.1; rv:11.0) Gecko/20100101 Firefox/11.0"
115.184.205.197 - - [02/Apr/2012:08:49:58 +0530] "GET /kuhsonline/images/newimage.png HTTP/1.1" 404 613 "http://www.kuhas.ac.in/kuhsonline/main/login.php" "Mozilla/4.0 (compatible; MSIE 7.0; Windows NT 6.1; Trident/4.0; SLCC2; .NET CLR 2.0.50727; .NET CLR 3.5.30729; .NET CLR 3.0.30729; Media Center PC 6.0; InfoPath.3)"
115.184.205.197 - - [02/Apr/2012:08:49:58 +0530] "GET /kuhsonline/images/btn-go.gif HTTP/1.1" 304 - "http://www.kuhas.ac.in/kuhsonline/main/login.php" "Mozilla/4.0 (compatible; MSIE 7.0; Windows NT 6.1; Trident/4.0; SLCC2; .NET CLR 2.0.50727; .NET CLR 3.5.30729; .NET CLR 3.0.30729; Media Center PC 6.0; InfoPath.3)"
117.253.194.41 - - [02/Apr/2012:08:50:01 +0530] "GET /kuhsonline/qptrans/get.php?id=download HTTP/1.1" 200 284 "http://www.kuhas.ac.in/kuhsonline/qptrans/dnload.php" "Mozilla/5.0 (Windows NT 6.1; rv:11.0) Gecko/20100101 Firefox/11.0"
117.204.83.146 - - [02/Apr/2012:08:50:03 +0530] "GET /kuhsonline/main/frame.html HTTP/1.1" 304 - "-" "Mozilla/5.0 (Windows NT 6.1; rv:5.0.1) Gecko/20100101 Firefox/5.0.1"
117.204.83.146 - - [02/Apr/2012:08:50:03 +0530] "GET /kuhsonline/main/head.php HTTP/1.1" 200 1157 "http://kuhas.ac.in/kuhsonline/main/frame.html" "Mozilla/5.0 (Windows NT 6.1; rv:5.0.1) Gecko/20100101 Firefox/5.0.1"
117.204.83.146 - - [02/Apr/2012:08:50:03 +0530] "GET /kuhsonline/css/style.css HTTP/1.1" 304 - "http://kuhas.ac.in/kuhsonline/main/head.php" "Mozilla/5.0 (Windows NT 6.1; rv:5.0.1) Gecko/20100101 Firefox/5.0.1"
117.204.83.146 - - [02/Apr/2012:08:50:03 +0530] "GET /kuhsonline/images/cap_logo.jpg HTTP/1.1" 304 - "http://kuhas.ac.in/kuhsonline/main/head.php" "Mozilla/5.0 (Windows NT 6.1; rv:5.0.1) Gecko/20100101 Firefox/5.0.1"
117.204.83.146 - - [02/Apr/2012:08:50:03 +0530] "GET /kuhsonline/qptrans/dnload.php HTTP/1.1" 200 11905 "http://kuhas.ac.in/kuhsonline/qptrans/collpage.php" "Mozilla/5.0 (Windows NT 6.1; rv:5.0.1) Gecko/20100101 Firefox/5.0.1"
117.204.83.146 - - [02/Apr/2012:08:50:04 +0530] "GET /kuhsonline/css/loginmodule.css HTTP/1.1" 304 - "http://kuhas.ac.in/kuhsonline/qptrans/dnload.php" "Mozilla/5.0 (Windows NT 6.1; rv:5.0.1) Gecko/20100101 Firefox/5.0.1"
117.204.83.146 - - [02/Apr/2012:08:50:04 +0530] "GET /kuhsonline/css/css2.css HTTP/1.1" 304 - "http://kuhas.ac.in/kuhsonline/qptrans/dnload.php" "Mozilla/5.0 (Windows NT 6.1; rv:5.0.1) Gecko/20100101 Firefox/5.0.1"
117.204.83.146 - - [02/Apr/2012:08:50:04 +0530] "GET /kuhsonline/js/myjslib.js HTTP/1.1" 304 - "http://kuhas.ac.in/kuhsonline/qptrans/dnload.php" "Mozilla/5.0 (Windows NT 6.1; rv:5.0.1) Gecko/20100101 Firefox/5.0.1"
117.204.83.146 - - [02/Apr/2012:08:50:04 +0530] "GET /kuhsonline/images/pleasewait.gif HTTP/1.1" 304 - "http://kuhas.ac.in/kuhsonline/qptrans/dnload.php" "Mozilla/5.0 (Windows NT 6.1; rv:5.0.1) Gecko/20100101 Firefox/5.0.1"
115.249.106.74 - - [02/Apr/2012:08:50:04 +0530] "GET /kuhsonline/main/frame.html HTTP/1.1" 304 - "-" "Mozilla/5.0 (Windows NT 6.1; rv:11.0) Gecko/20100101 Firefox/11.0"
115.249.106.74 - - [02/Apr/2012:08:50:04 +0530] "GET /kuhsonline/main/head.php HTTP/1.1" 200 1157 "http://kuhas.ac.in/kuhsonline/main/frame.html" "Mozilla/5.0 (Windows NT 6.1; rv:11.0) Gecko/20100101 Firefox/11.0"
117.204.83.146 - - [02/Apr/2012:08:50:04 +0530] "POST /kuhsonline/qptrans/get1.php?q=1 HTTP/1.1" 200 10 "http://kuhas.ac.in/kuhsonline/qptrans/dnload.php" "Mozilla/5.0 (Windows NT 6.1; rv:5.0.1) Gecko/20100101 Firefox/5.0.1"
115.249.106.74 - - [02/Apr/2012:08:50:04 +0530] "GET /kuhsonline/css/style.css HTTP/1.1" 304 - "http://kuhas.ac.in/kuhsonline/main/head.php" "Mozilla/5.0 (Windows NT 6.1; rv:11.0) Gecko/20100101 Firefox/11.0"
115.249.106.74 - - [02/Apr/2012:08:50:04 +0530] "GET /kuhsonline/images/cap_logo.jpg HTTP/1.1" 304 - "http://kuhas.ac.in/kuhsonline/main/head.php" "Mozilla/5.0 (Windows NT 6.1; rv:11.0) Gecko/20100101 Firefox/11.0"
115.249.106.74 - - [02/Apr/2012:08:50:04 +0530] "GET /kuhsonline/qptrans/dnload.php HTTP/1.1" 200 11905 "http://kuhas.ac.in/kuhsonline/qptrans/collpage.php" "Mozilla/5.0 (Windows NT 6.1; rv:11.0) Gecko/20100101 Firefox/11.0"
115.249.106.74 - - [02/Apr/2012:08:50:05 +0530] "GET /kuhsonline/css/loginmodule.css HTTP/1.1" 304 - "http://kuhas.ac.in/kuhsonline/qptrans/dnload.php" "Mozilla/5.0 (Windows NT 6.1; rv:11.0) Gecko/20100101 Firefox/11.0"
115.249.106.74 - - [02/Apr/2012:08:50:05 +0530] "GET /kuhsonline/js/myjslib.js HTTP/1.1" 304 - "http://kuhas.ac.in/kuhsonline/qptrans/dnload.php" "Mozilla/5.0 (Windows NT 6.1; rv:11.0) Gecko/20100101 Firefox/11.0"
115.249.106.74 - - [02/Apr/2012:08:50:05 +0530] "GET /kuhsonline/css/css2.css HTTP/1.1" 304 - "http://kuhas.ac.in/kuhsonline/qptrans/dnload.php" "Mozilla/5.0 (Windows NT 6.1; rv:11.0) Gecko/20100101 Firefox/11.0"
115.249.106.74 - - [02/Apr/2012:08:50:05 +0530] "GET /kuhsonline/images/pleasewait.gif HTTP/1.1" 304 - "http://kuhas.ac.in/kuhsonline/qptrans/dnload.php" "Mozilla/5.0 (Windows NT 6.1; rv:11.0) Gecko/20100101 Firefox/11.0"
115.249.106.74 - - [02/Apr/2012:08:50:05 +0530] "POST /kuhsonline/qptrans/get1.php?q=1 HTTP/1.1" 200 10 "http://kuhas.ac.in/kuhsonline/qptrans/dnload.php" "Mozilla/5.0 (Windows NT 6.1; rv:11.0) Gecko/20100101 Firefox/11.0"
117.204.83.146 - - [02/Apr/2012:08:50:05 +0530] "GET /kuhsonline/qptrans/get.php?id=download HTTP/1.1" 200 284 "http://kuhas.ac.in/kuhsonline/qptrans/dnload.php" "Mozilla/5.0 (Windows NT 6.1; rv:5.0.1) Gecko/20100101 Firefox/5.0.1"
115.249.106.74 - - [02/Apr/2012:08:50:07 +0530] "GET /kuhsonline/qptrans/get.php?id=download HTTP/1.1" 200 284 "http://kuhas.ac.in/kuhsonline/qptrans/dnload.php" "Mozilla/5.0 (Windows NT 6.1; rv:11.0) Gecko/20100101 Firefox/11.0"
117.253.194.41 - - [02/Apr/2012:08:50:07 +0530] "GET /kuhsonline/qptrans/get.php?id=download HTTP/1.1" 200 284 "http://www.kuhas.ac.in/kuhsonline/qptrans/dnload.php" "Mozilla/5.0 (Windows NT 6.1; rv:11.0) Gecko/20100101 Firefox/11.0"
59.90.167.4 - - [02/Apr/2012:08:50:08 +0530] "GET /kuhsonline/main/frame.html HTTP/1.1" 304 - "-" "Mozilla/5.0 (Windows NT 6.1; rv:11.0) Gecko/20100101 Firefox/11.0"
59.90.167.4 - - [02/Apr/2012:08:50:09 +0530] "GET /kuhsonline/main/head.php HTTP/1.1" 200 1157 "http://www.kuhas.ac.in/kuhsonline/main/frame.html" "Mozilla/5.0 (Windows NT 6.1; rv:11.0) Gecko/20100101 Firefox/11.0"
59.90.167.4 - - [02/Apr/2012:08:50:09 +0530] "GET /kuhsonline/css/style.css HTTP/1.1" 304 - "http://www.kuhas.ac.in/kuhsonline/main/head.php" "Mozilla/5.0 (Windows NT 6.1; rv:11.0) Gecko/20100101 Firefox/11.0"
59.90.167.4 - - [02/Apr/2012:08:50:09 +0530] "GET /kuhsonline/images/cap_logo.jpg HTTP/1.1" 304 - "http://www.kuhas.ac.in/kuhsonline/main/head.php" "Mozilla/5.0 (Windows NT 6.1; rv:11.0) Gecko/20100101 Firefox/11.0"
59.90.167.4 - - [02/Apr/2012:08:50:09 +0530] "GET /kuhsonline/css/loginmodule.css HTTP/1.1" 304 - "http://www.kuhas.ac.in/kuhsonline/qptrans/dnload.php" "Mozilla/5.0 (Windows NT 6.1; rv:11.0) Gecko/20100101 Firefox/11.0"
59.90.167.4 - - [02/Apr/2012:08:50:09 +0530] "GET /kuhsonline/css/css2.css HTTP/1.1" 304 - "http://www.kuhas.ac.in/kuhsonline/qptrans/dnload.php" "Mozilla/5.0 (Windows NT 6.1; rv:11.0) Gecko/20100101 Firefox/11.0"
59.90.167.4 - - [02/Apr/2012:08:50:09 +0530] "GET /kuhsonline/qptrans/dnload.php HTTP/1.1" 200 11905 "http://www.kuhas.ac.in/kuhsonline/qptrans/collpage.php" "Mozilla/5.0 (Windows NT 6.1; rv:11.0) Gecko/20100101 Firefox/11.0"
59.90.167.4 - - [02/Apr/2012:08:50:09 +0530] "GET /kuhsonline/js/myjslib.js HTTP/1.1" 304 - "http://www.kuhas.ac.in/kuhsonline/qptrans/dnload.php" "Mozilla/5.0 (Windows NT 6.1; rv:11.0) Gecko/20100101 Firefox/11.0"
59.90.167.4 - - [02/Apr/2012:08:50:09 +0530] "GET /kuhsonline/images/pleasewait.gif HTTP/1.1" 304 - "http://www.kuhas.ac.in/kuhsonline/qptrans/dnload.php" "Mozilla/5.0 (Windows NT 6.1; rv:11.0) Gecko/20100101 Firefox/11.0"
59.90.167.4 - - [02/Apr/2012:08:50:09 +0530] "POST /kuhsonline/qptrans/get1.php?q=1 HTTP/1.1" 200 10 "http://www.kuhas.ac.in/kuhsonline/qptrans/dnload.php" "Mozilla/5.0 (Windows NT 6.1; rv:11.0) Gecko/20100101 Firefox/11.0"
59.98.104.122 - - [02/Apr/2012:08:50:10 +0530] "POST /kuhsonline/main/logincheck.php HTTP/1.1" 200 254 "http://kuhas.ac.in/kuhsonline/main/login.php" "Mozilla/5.0 (Windows; U; Windows NT 6.1; en-US; rv:1.9.1.7) Gecko/20091221 BRI/1 Firefox/3.5.7"
59.98.104.122 - - [02/Apr/2012:08:50:10 +0530] "GET /kuhsonline/main/maincap.php HTTP/1.1" 200 4036 "http://kuhas.ac.in/kuhsonline/main/logincheck.php" "Mozilla/5.0 (Windows; U; Windows NT 6.1; en-US; rv:1.9.1.7) Gecko/20091221 BRI/1 Firefox/3.5.7"
59.90.167.4 - - [02/Apr/2012:08:50:11 +0530] "GET /kuhsonline/qptrans/get.php?id=download HTTP/1.1" 200 284 "http://www.kuhas.ac.in/kuhsonline/qptrans/dnload.php" "Mozilla/5.0 (Windows NT 6.1; rv:11.0) Gecko/20100101 Firefox/11.0"
117.211.75.52 - - [02/Apr/2012:08:50:12 +0530] "GET /kuhsonline/main/frame.html HTTP/1.1" 304 - "-" "Mozilla/5.0 (Windows; U; Windows NT 5.1; en-US; rv:1.9.1.5) Gecko/20091102 Firefox/3.5.5"
117.211.75.52 - - [02/Apr/2012:08:50:12 +0530] "GET /kuhsonline/main/head.php HTTP/1.1" 200 1157 "http://kuhas.ac.in/kuhsonline/main/frame.html" "Mozilla/5.0 (Windows; U; Windows NT 5.1; en-US; rv:1.9.1.5) Gecko/20091102 Firefox/3.5.5"
117.211.75.52 - - [02/Apr/2012:08:50:13 +0530] "GET /kuhsonline/js/myjslib.js HTTP/1.1" 304 - "http://kuhas.ac.in/kuhsonline/qptrans/dnload.php" "Mozilla/5.0 (Windows; U; Windows NT 5.1; en-US; rv:1.9.1.5) Gecko/20091102 Firefox/3.5.5"
117.211.75.52 - - [02/Apr/2012:08:50:13 +0530] "GET /kuhsonline/css/style.css HTTP/1.1" 304 - "http://kuhas.ac.in/kuhsonline/main/head.php" "Mozilla/5.0 (Windows; U; Windows NT 5.1; en-US; rv:1.9.1.5) Gecko/20091102 Firefox/3.5.5"
117.211.75.52 - - [02/Apr/2012:08:50:13 +0530] "GET /kuhsonline/images/cap_logo.jpg HTTP/1.1" 304 - "http://kuhas.ac.in/kuhsonline/main/head.php" "Mozilla/5.0 (Windows; U; Windows NT 5.1; en-US; rv:1.9.1.5) Gecko/20091102 Firefox/3.5.5"
117.211.75.52 - - [02/Apr/2012:08:50:12 +0530] "GET /kuhsonline/qptrans/dnload.php HTTP/1.1" 200 11906 "http://kuhas.ac.in/kuhsonline/qptrans/collpage.php" "Mozilla/5.0 (Windows; U; Windows NT 5.1; en-US; rv:1.9.1.5) Gecko/20091102 Firefox/3.5.5"
117.211.75.52 - - [02/Apr/2012:08:50:13 +0530] "GET /kuhsonline/css/css2.css HTTP/1.1" 304 - "http://kuhas.ac.in/kuhsonline/qptrans/dnload.php" "Mozilla/5.0 (Windows; U; Windows NT 5.1; en-US; rv:1.9.1.5) Gecko/20091102 Firefox/3.5.5"
117.211.75.52 - - [02/Apr/2012:08:50:13 +0530] "GET /kuhsonline/css/loginmodule.css HTTP/1.1" 304 - "http://kuhas.ac.in/kuhsonline/qptrans/dnload.php" "Mozilla/5.0 (Windows; U; Windows NT 5.1; en-US; rv:1.9.1.5) Gecko/20091102 Firefox/3.5.5"
115.184.205.197 - - [02/Apr/2012:08:50:12 +0530] "POST /kuhsonline/main/logincheck.php HTTP/1.1" 200 254 "http://www.kuhas.ac.in/kuhsonline/main/login.php" "Mozilla/4.0 (compatible; MSIE 8.0; Windows NT 6.1; Trident/4.0; SLCC2; .NET CLR 2.0.50727; .NET CLR 3.5.30729; .NET CLR 3.0.30729; Media Center PC 6.0; InfoPath.3)"
117.211.75.52 - - [02/Apr/2012:08:50:13 +0530] "GET /kuhsonline/images/pleasewait.gif HTTP/1.1" 304 - "http://kuhas.ac.in/kuhsonline/qptrans/dnload.php" "Mozilla/5.0 (Windows; U; Windows NT 5.1; en-US; rv:1.9.1.5) Gecko/20091102 Firefox/3.5.5"
117.211.75.52 - - [02/Apr/2012:08:50:13 +0530] "POST /kuhsonline/qptrans/get1.php?q=1 HTTP/1.1" 200 10 "http://kuhas.ac.in/kuhsonline/qptrans/dnload.php" "Mozilla/5.0 (Windows; U; Windows NT 5.1; en-US; rv:1.9.1.5) Gecko/20091102 Firefox/3.5.5"
106.66.244.188 - - [02/Apr/2012:08:50:13 +0530] "GET /kuhsonline/qptrans/dnload.php HTTP/1.1" 200 11906 "-" "Mozilla/4.0 (compatible; MSIE 8.0; Windows NT 6.1; Trident/4.0; SLCC2; .NET CLR 2.0.50727; .NET CLR 3.5.30729; .NET CLR 3.0.30729; Media Center PC 6.0; InfoPath.2)"
106.66.244.188 - - [02/Apr/2012:08:50:14 +0530] "GET /kuhsonline/css/loginmodule.css HTTP/1.1" 304 - "http://www.kuhas.ac.in/kuhsonline/qptrans/dnload.php" "Mozilla/4.0 (compatible; MSIE 8.0; Windows NT 6.1; Trident/4.0; SLCC2; .NET CLR 2.0.50727; .NET CLR 3.5.30729; .NET CLR 3.0.30729; Media Center PC 6.0; InfoPath.2)"
106.66.244.188 - - [02/Apr/2012:08:50:14 +0530] "GET /kuhsonline/css/css2.css HTTP/1.1" 304 - "http://www.kuhas.ac.in/kuhsonline/qptrans/dnload.php" "Mozilla/4.0 (compatible; MSIE 8.0; Windows NT 6.1; Trident/4.0; SLCC2; .NET CLR 2.0.50727; .NET CLR 3.5.30729; .NET CLR 3.0.30729; Media Center PC 6.0; InfoPath.2)"
106.66.244.188 - - [02/Apr/2012:08:50:14 +0530] "GET /kuhsonline/js/myjslib.js HTTP/1.1" 304 - "http://www.kuhas.ac.in/kuhsonline/qptrans/dnload.php" "Mozilla/4.0 (compatible; MSIE 8.0; Windows NT 6.1; Trident/4.0; SLCC2; .NET CLR 2.0.50727; .NET CLR 3.5.30729; .NET CLR 3.0.30729; Media Center PC 6.0; InfoPath.2)"
106.66.244.188 - - [02/Apr/2012:08:50:14 +0530] "GET /kuhsonline/images/pleasewait.gif HTTP/1.1" 304 - "http://www.kuhas.ac.in/kuhsonline/qptrans/dnload.php" "Mozilla/4.0 (compatible; MSIE 8.0; Windows NT 6.1; Trident/4.0; SLCC2; .NET CLR 2.0.50727; .NET CLR 3.5.30729; .NET CLR 3.0.30729; Media Center PC 6.0; InfoPath.2)"
117.253.194.41 - - [02/Apr/2012:08:50:14 +0530] "GET /kuhsonline/qptrans/get.php?id=download HTTP/1.1" 200 284 "http://www.kuhas.ac.in/kuhsonline/qptrans/dnload.php" "Mozilla/5.0 (Windows NT 6.1; rv:11.0) Gecko/20100101 Firefox/11.0"
106.66.244.188 - - [02/Apr/2012:08:50:14 +0530] "POST /kuhsonline/qptrans/get1.php?q=1 HTTP/1.1" 200 10 "http://www.kuhas.ac.in/kuhsonline/qptrans/dnload.php" "Mozilla/4.0 (compatible; MSIE 8.0; Windows NT 6.1; Trident/4.0; SLCC2; .NET CLR 2.0.50727; .NET CLR 3.5.30729; .NET CLR 3.0.30729; Media Center PC 6.0; InfoPath.2)"
115.184.205.197 - - [02/Apr/2012:08:50:14 +0530] "GET /kuhsonline/main/maincap.php HTTP/1.1" 200 4060 "http://www.kuhas.ac.in/kuhsonline/main/logincheck.php" "Mozilla/4.0 (compatible; MSIE 8.0; Windows NT 6.1; Trident/4.0; SLCC2; .NET CLR 2.0.50727; .NET CLR 3.5.30729; .NET CLR 3.0.30729; Media Center PC 6.0; InfoPath.3)"
117.253.194.41 - - [02/Apr/2012:08:50:15 +0530] "GET /kuhsonline/qptrans/get.php?id=download HTTP/1.1" 200 284 "http://www.kuhas.ac.in/kuhsonline/qptrans/dnload.php" "Mozilla/5.0 (Windows NT 6.1; rv:11.0) Gecko/20100101 Firefox/11.0"
117.253.194.41 - - [02/Apr/2012:08:50:16 +0530] "GET /kuhsonline/qptrans/get.php?id=download HTTP/1.1" 200 284 "http://www.kuhas.ac.in/kuhsonline/qptrans/dnload.php" "Mozilla/5.0 (Windows NT 6.1; rv:11.0) Gecko/20100101 Firefox/11.0"
115.184.205.197 - - [02/Apr/2012:08:50:16 +0530] "GET /kuhsonline/js/stm31.js HTTP/1.1" 304 - "http://www.kuhas.ac.in/kuhsonline/main/maincap.php" "Mozilla/4.0 (compatible; MSIE 8.0; Windows NT 6.1; Trident/4.0; SLCC2; .NET CLR 2.0.50727; .NET CLR 3.5.30729; .NET CLR 3.0.30729; Media Center PC 6.0; InfoPath.3)"
115.184.205.197 - - [02/Apr/2012:08:50:17 +0530] "GET /kuhsonline/images/blank.gif HTTP/1.1" 304 - "http://www.kuhas.ac.in/kuhsonline/main/maincap.php" "Mozilla/4.0 (compatible; MSIE 8.0; Windows NT 6.1; Trident/4.0; SLCC2; .NET CLR 2.0.50727; .NET CLR 3.5.30729; .NET CLR 3.0.30729; Media Center PC 6.0; InfoPath.3)"
106.66.244.188 - - [02/Apr/2012:08:50:17 +0530] "GET /kuhsonline/css/loginmodule.css HTTP/1.1" 304 - "http://www.kuhas.ac.in/kuhsonline/qptrans/dnload.php" "Mozilla/4.0 (compatible; MSIE 8.0; Windows NT 6.1; Trident/4.0; SLCC2; .NET CLR 2.0.50727; .NET CLR 3.5.30729; .NET CLR 3.0.30729; Media Center PC 6.0; InfoPath.2)"
106.66.244.188 - - [02/Apr/2012:08:50:17 +0530] "GET /kuhsonline/qptrans/dnload.php HTTP/1.1" 200 11906 "-" "Mozilla/4.0 (compatible; MSIE 8.0; Windows NT 6.1; Trident/4.0; SLCC2; .NET CLR 2.0.50727; .NET CLR 3.5.30729; .NET CLR 3.0.30729; Media Center PC 6.0; InfoPath.2)"
106.66.244.188 - - [02/Apr/2012:08:50:18 +0530] "GET /kuhsonline/css/css2.css HTTP/1.1" 304 - "http://www.kuhas.ac.in/kuhsonline/qptrans/dnload.php" "Mozilla/4.0 (compatible; MSIE 8.0; Windows NT 6.1; Trident/4.0; SLCC2; .NET CLR 2.0.50727; .NET CLR 3.5.30729; .NET CLR 3.0.30729; Media Center PC 6.0; InfoPath.2)"
106.66.244.188 - - [02/Apr/2012:08:50:18 +0530] "GET /kuhsonline/js/myjslib.js HTTP/1.1" 304 - "http://www.kuhas.ac.in/kuhsonline/qptrans/dnload.php" "Mozilla/4.0 (compatible; MSIE 8.0; Windows NT 6.1; Trident/4.0; SLCC2; .NET CLR 2.0.50727; .NET CLR 3.5.30729; .NET CLR 3.0.30729; Media Center PC 6.0; InfoPath.2)"
106.66.244.188 - - [02/Apr/2012:08:50:18 +0530] "GET /kuhsonline/images/pleasewait.gif HTTP/1.1" 304 - "http://www.kuhas.ac.in/kuhsonline/qptrans/dnload.php" "Mozilla/4.0 (compatible; MSIE 8.0; Windows NT 6.1; Trident/4.0; SLCC2; .NET CLR 2.0.50727; .NET CLR 3.5.30729; .NET CLR 3.0.30729; Media Center PC 6.0; InfoPath.2)"
117.253.194.41 - - [02/Apr/2012:08:50:18 +0530] "GET /kuhsonline/qptrans/get.php?id=download HTTP/1.1" 200 284 "http://www.kuhas.ac.in/kuhsonline/qptrans/dnload.php" "Mozilla/5.0 (Windows NT 6.1; rv:11.0) Gecko/20100101 Firefox/11.0"
117.199.12.206 - - [02/Apr/2012:08:50:18 +0530] "POST /kuhsonline/main/logincheck.php HTTP/1.1" 200 254 "http://www.kuhas.ac.in/kuhsonline/main/login.php" "Mozilla/5.0 (Windows NT 6.1; rv:11.0) Gecko/20100101 Firefox/11.0"
106.66.244.188 - - [02/Apr/2012:08:50:18 +0530] "POST /kuhsonline/qptrans/get1.php?q=1 HTTP/1.1" 200 10 "http://www.kuhas.ac.in/kuhsonline/qptrans/dnload.php" "Mozilla/4.0 (compatible; MSIE 8.0; Windows NT 6.1; Trident/4.0; SLCC2; .NET CLR 2.0.50727; .NET CLR 3.5.30729; .NET CLR 3.0.30729; Media Center PC 6.0; InfoPath.2)"
117.199.12.206 - - [02/Apr/2012:08:50:18 +0530] "GET /kuhsonline/main/maincap.php HTTP/1.1" 200 4051 "http://www.kuhas.ac.in/kuhsonline/main/logincheck.php" "Mozilla/5.0 (Windows NT 6.1; rv:11.0) Gecko/20100101 Firefox/11.0"
59.98.104.122 - - [02/Apr/2012:08:50:18 +0530] "GET /kuhsonline/qptrans/index.php HTTP/1.1" 200 2732 "http://kuhas.ac.in/kuhsonline/main/maincap.php" "Mozilla/5.0 (Windows; U; Windows NT 6.1; en-US; rv:1.9.1.7) Gecko/20091221 BRI/1 Firefox/3.5.7"
117.211.75.54 - - [02/Apr/2012:08:50:20 +0530] "GET /kuhsonline/qptrans/dnload.php HTTP/1.1" 200 11906 "-" "Mozilla/5.0 (Windows NT 6.1; rv:5.0.1) Gecko/20100101 Firefox/5.0.1"
117.211.75.54 - - [02/Apr/2012:08:50:20 +0530] "GET /kuhsonline/css/loginmodule.css HTTP/1.1" 304 - "http://kuhas.ac.in/kuhsonline/qptrans/dnload.php" "Mozilla/5.0 (Windows NT 6.1; rv:5.0.1) Gecko/20100101 Firefox/5.0.1"
117.211.75.54 - - [02/Apr/2012:08:50:20 +0530] "GET /kuhsonline/css/css2.css HTTP/1.1" 304 - "http://kuhas.ac.in/kuhsonline/qptrans/dnload.php" "Mozilla/5.0 (Windows NT 6.1; rv:5.0.1) Gecko/20100101 Firefox/5.0.1"
117.211.75.54 - - [02/Apr/2012:08:50:20 +0530] "GET /kuhsonline/js/myjslib.js HTTP/1.1" 304 - "http://kuhas.ac.in/kuhsonline/qptrans/dnload.php" "Mozilla/5.0 (Windows NT 6.1; rv:5.0.1) Gecko/20100101 Firefox/5.0.1"
115.184.205.197 - - [02/Apr/2012:08:50:20 +0530] "GET /kuhsonline/qptrans/index.php HTTP/1.1" 200 2732 "http://www.kuhas.ac.in/kuhsonline/main/maincap.php" "Mozilla/4.0 (compatible; MSIE 8.0; Windows NT 6.1; Trident/4.0; SLCC2; .NET CLR 2.0.50727; .NET CLR 3.5.30729; .NET CLR 3.0.30729; Media Center PC 6.0; InfoPath.3)"
117.211.75.54 - - [02/Apr/2012:08:50:20 +0530] "GET /kuhsonline/images/pleasewait.gif HTTP/1.1" 304 - "http://kuhas.ac.in/kuhsonline/qptrans/dnload.php" "Mozilla/5.0 (Windows NT 6.1; rv:5.0.1) Gecko/20100101 Firefox/5.0.1"
117.211.75.54 - - [02/Apr/2012:08:50:20 +0530] "POST /kuhsonline/qptrans/get1.php?q=1 HTTP/1.1" 200 10 "http://kuhas.ac.in/kuhsonline/qptrans/dnload.php" "Mozilla/5.0 (Windows NT 6.1; rv:5.0.1) Gecko/20100101 Firefox/5.0.1"
117.211.75.52 - - [02/Apr/2012:08:50:20 +0530] "GET /kuhsonline/qptrans/dnload.php HTTP/1.1" 200 11906 "-" "Mozilla/5.0 (Windows; U; Windows NT 5.1; en-US; rv:1.9.2.28) Gecko/20120306 Firefox/3.6.28"
117.211.75.52 - - [02/Apr/2012:08:50:21 +0530] "GET /kuhsonline/css/loginmodule.css HTTP/1.1" 304 - "http://kuhas.ac.in/kuhsonline/qptrans/dnload.php" "Mozilla/5.0 (Windows; U; Windows NT 5.1; en-US; rv:1.9.2.28) Gecko/20120306 Firefox/3.6.28"
117.211.75.52 - - [02/Apr/2012:08:50:21 +0530] "GET /kuhsonline/js/myjslib.js HTTP/1.1" 304 - "http://kuhas.ac.in/kuhsonline/qptrans/dnload.php" "Mozilla/5.0 (Windows; U; Windows NT 5.1; en-US; rv:1.9.2.28) Gecko/20120306 Firefox/3.6.28"
117.211.75.52 - - [02/Apr/2012:08:50:21 +0530] "GET /kuhsonline/css/css2.css HTTP/1.1" 304 - "http://kuhas.ac.in/kuhsonline/qptrans/dnload.php" "Mozilla/5.0 (Windows; U; Windows NT 5.1; en-US; rv:1.9.2.28) Gecko/20120306 Firefox/3.6.28"
117.211.75.52 - - [02/Apr/2012:08:50:21 +0530] "GET /kuhsonline/images/pleasewait.gif HTTP/1.1" 304 - "http://kuhas.ac.in/kuhsonline/qptrans/dnload.php" "Mozilla/5.0 (Windows; U; Windows NT 5.1; en-US; rv:1.9.2.28) Gecko/20120306 Firefox/3.6.28"
117.211.75.52 - - [02/Apr/2012:08:50:21 +0530] "POST /kuhsonline/qptrans/get1.php?q=1 HTTP/1.1" 200 10 "http://kuhas.ac.in/kuhsonline/qptrans/dnload.php" "Mozilla/5.0 (Windows; U; Windows NT 5.1; en-US; rv:1.9.2.28) Gecko/20120306 Firefox/3.6.28"
117.253.194.41 - - [02/Apr/2012:08:50:21 +0530] "GET /kuhsonline/qptrans/get.php?id=download HTTP/1.1" 200 284 "http://www.kuhas.ac.in/kuhsonline/qptrans/dnload.php" "Mozilla/5.0 (Windows NT 6.1; rv:11.0) Gecko/20100101 Firefox/11.0"
115.184.205.197 - - [02/Apr/2012:08:50:21 +0530] "GET /kuhsonline/css/loginmodule.css HTTP/1.1" 304 - "http://www.kuhas.ac.in/kuhsonline/qptrans/index.php" "Mozilla/4.0 (compatible; MSIE 8.0; Windows NT 6.1; Trident/4.0; SLCC2; .NET CLR 2.0.50727; .NET CLR 3.5.30729; .NET CLR 3.0.30729; Media Center PC 6.0; InfoPath.3)"
117.211.75.52 - - [02/Apr/2012:08:50:21 +0530] "GET /kuhsonline/qptrans/get.php?id=download HTTP/1.1" 200 284 "http://kuhas.ac.in/kuhsonline/qptrans/dnload.php" "Mozilla/5.0 (Windows; U; Windows NT 5.1; en-US; rv:1.9.1.5) Gecko/20091102 Firefox/3.5.5"
115.184.205.197 - - [02/Apr/2012:08:50:22 +0530] "GET /kuhsonline/js/myjslib.js HTTP/1.1" 304 - "http://www.kuhas.ac.in/kuhsonline/qptrans/index.php" "Mozilla/4.0 (compatible; MSIE 8.0; Windows NT 6.1; Trident/4.0; SLCC2; .NET CLR 2.0.50727; .NET CLR 3.5.30729; .NET CLR 3.0.30729; Media Center PC 6.0; InfoPath.3)"
117.253.194.41 - - [02/Apr/2012:08:50:22 +0530] "GET /kuhsonline/qptrans/get.php?id=download HTTP/1.1" 200 284 "http://www.kuhas.ac.in/kuhsonline/qptrans/dnload.php" "Mozilla/5.0 (Windows NT 6.1; rv:11.0) Gecko/20100101 Firefox/11.0"
115.184.205.197 - - [02/Apr/2012:08:50:23 +0530] "GET /kuhsonline/css/css2.css HTTP/1.1" 304 - "http://www.kuhas.ac.in/kuhsonline/qptrans/index.php" "Mozilla/4.0 (compatible; MSIE 8.0; Windows NT 6.1; Trident/4.0; SLCC2; .NET CLR 2.0.50727; .NET CLR 3.5.30729; .NET CLR 3.0.30729; Media Center PC 6.0; InfoPath.3)"
115.184.205.197 - - [02/Apr/2012:08:50:23 +0530] "GET /kuhsonline/images/ReturnButton.gif HTTP/1.1" 304 - "http://www.kuhas.ac.in/kuhsonline/qptrans/index.php" "Mozilla/4.0 (compatible; MSIE 8.0; Windows NT 6.1; Trident/4.0; SLCC2; .NET CLR 2.0.50727; .NET CLR 3.5.30729; .NET CLR 3.0.30729; Media Center PC 6.0; InfoPath.3)"
115.184.205.197 - - [02/Apr/2012:08:50:24 +0530] "GET /kuhsonline/images/login55.gif HTTP/1.1" 304 - "http://www.kuhas.ac.in/kuhsonline/qptrans/index.php" "Mozilla/4.0 (compatible; MSIE 8.0; Windows NT 6.1; Trident/4.0; SLCC2; .NET CLR 2.0.50727; .NET CLR 3.5.30729; .NET CLR 3.0.30729; Media Center PC 6.0; InfoPath.3)"
117.253.194.41 - - [02/Apr/2012:08:50:25 +0530] "GET /kuhsonline/qptrans/get.php?id=download HTTP/1.1" 200 284 "http://www.kuhas.ac.in/kuhsonline/qptrans/dnload.php" "Mozilla/5.0 (Windows NT 6.1; rv:11.0) Gecko/20100101 Firefox/11.0"
117.253.194.41 - - [02/Apr/2012:08:50:25 +0530] "GET /kuhsonline/qptrans/get.php?id=download HTTP/1.1" 200 284 "http://www.kuhas.ac.in/kuhsonline/qptrans/dnload.php" "Mozilla/5.0 (Windows NT 6.1; rv:11.0) Gecko/20100101 Firefox/11.0"
117.199.12.206 - - [02/Apr/2012:08:50:26 +0530] "GET /kuhsonline/qptrans/index.php HTTP/1.1" 200 2732 "http://www.kuhas.ac.in/kuhsonline/main/maincap.php" "Mozilla/5.0 (Windows NT 6.1; rv:11.0) Gecko/20100101 Firefox/11.0"
117.253.194.41 - - [02/Apr/2012:08:50:26 +0530] "GET /kuhsonline/qptrans/get.php?id=download HTTP/1.1" 200 284 "http://www.kuhas.ac.in/kuhsonline/qptrans/dnload.php" "Mozilla/5.0 (Windows NT 6.1; rv:11.0) Gecko/20100101 Firefox/11.0"
117.253.194.41 - - [02/Apr/2012:08:50:26 +0530] "GET /kuhsonline/qptrans/get.php?id=download HTTP/1.1" 200 284 "http://www.kuhas.ac.in/kuhsonline/qptrans/dnload.php" "Mozilla/5.0 (Windows NT 6.1; rv:11.0) Gecko/20100101 Firefox/11.0"
117.253.194.41 - - [02/Apr/2012:08:50:26 +0530] "GET /kuhsonline/qptrans/get.php?id=download HTTP/1.1" 200 284 "http://www.kuhas.ac.in/kuhsonline/qptrans/dnload.php" "Mozilla/5.0 (Windows NT 6.1; rv:11.0) Gecko/20100101 Firefox/11.0"
59.90.167.4 - - [02/Apr/2012:08:50:27 +0530] "GET /kuhsonline/qptrans/get.php?id=download HTTP/1.1" 200 284 "http://www.kuhas.ac.in/kuhsonline/qptrans/dnload.php" "Mozilla/5.0 (Windows NT 6.1; rv:11.0) Gecko/20100101 Firefox/11.0"
117.253.194.41 - - [02/Apr/2012:08:50:27 +0530] "GET /kuhsonline/qptrans/get.php?id=download HTTP/1.1" 200 284 "http://www.kuhas.ac.in/kuhsonline/qptrans/dnload.php" "Mozilla/5.0 (Windows NT 6.1; rv:11.0) Gecko/20100101 Firefox/11.0"
115.249.106.74 - - [02/Apr/2012:08:50:28 +0530] "GET /kuhsonline/main/frame.html HTTP/1.1" 304 - "-" "Mozilla/5.0 (Windows NT 6.1; rv:11.0) Gecko/20100101 Firefox/11.0"
115.249.106.74 - - [02/Apr/2012:08:50:28 +0530] "GET /kuhsonline/main/head.php HTTP/1.1" 200 1157 "http://kuhas.ac.in/kuhsonline/main/frame.html" "Mozilla/5.0 (Windows NT 6.1; rv:11.0) Gecko/20100101 Firefox/11.0"
115.249.106.74 - - [02/Apr/2012:08:50:28 +0530] "GET /kuhsonline/css/style.css HTTP/1.1" 304 - "http://kuhas.ac.in/kuhsonline/main/head.php" "Mozilla/5.0 (Windows NT 6.1; rv:11.0) Gecko/20100101 Firefox/11.0"
115.249.106.74 - - [02/Apr/2012:08:50:28 +0530] "GET /kuhsonline/qptrans/dnload.php HTTP/1.1" 200 11906 "http://kuhas.ac.in/kuhsonline/qptrans/collpage.php" "Mozilla/5.0 (Windows NT 6.1; rv:11.0) Gecko/20100101 Firefox/11.0"
115.249.106.74 - - [02/Apr/2012:08:50:28 +0530] "GET /kuhsonline/images/cap_logo.jpg HTTP/1.1" 304 - "http://kuhas.ac.in/kuhsonline/main/head.php" "Mozilla/5.0 (Windows NT 6.1; rv:11.0) Gecko/20100101 Firefox/11.0"
115.249.106.74 - - [02/Apr/2012:08:50:28 +0530] "GET /kuhsonline/js/myjslib.js HTTP/1.1" 304 - "http://kuhas.ac.in/kuhsonline/qptrans/dnload.php" "Mozilla/5.0 (Windows NT 6.1; rv:11.0) Gecko/20100101 Firefox/11.0"
115.249.106.74 - - [02/Apr/2012:08:50:28 +0530] "GET /kuhsonline/css/css2.css HTTP/1.1" 304 - "http://kuhas.ac.in/kuhsonline/qptrans/dnload.php" "Mozilla/5.0 (Windows NT 6.1; rv:11.0) Gecko/20100101 Firefox/11.0"
115.249.106.74 - - [02/Apr/2012:08:50:28 +0530] "GET /kuhsonline/css/loginmodule.css HTTP/1.1" 304 - "http://kuhas.ac.in/kuhsonline/qptrans/dnload.php" "Mozilla/5.0 (Windows NT 6.1; rv:11.0) Gecko/20100101 Firefox/11.0"
115.249.106.74 - - [02/Apr/2012:08:50:28 +0530] "GET /kuhsonline/images/pleasewait.gif HTTP/1.1" 304 - "http://kuhas.ac.in/kuhsonline/qptrans/dnload.php" "Mozilla/5.0 (Windows NT 6.1; rv:11.0) Gecko/20100101 Firefox/11.0"
115.249.106.74 - - [02/Apr/2012:08:50:29 +0530] "POST /kuhsonline/qptrans/get1.php?q=1 HTTP/1.1" 200 10 "http://kuhas.ac.in/kuhsonline/qptrans/dnload.php" "Mozilla/5.0 (Windows NT 6.1; rv:11.0) Gecko/20100101 Firefox/11.0"
106.66.92.63 - - [02/Apr/2012:08:50:30 +0530] "GET /kuhsonline/main/frame.html HTTP/1.1" 304 - "-" "Mozilla/5.0 (Windows NT 6.1; rv:6.0) Gecko/20100101 Firefox/6.0"
115.184.205.197 - - [02/Apr/2012:08:50:29 +0530] "POST /kuhsonline/qptrans/login-exec.php HTTP/1.1" 302 - "http://www.kuhas.ac.in/kuhsonline/qptrans/index.php" "Mozilla/4.0 (compatible; MSIE 8.0; Windows NT 6.1; Trident/4.0; SLCC2; .NET CLR 2.0.50727; .NET CLR 3.5.30729; .NET CLR 3.0.30729; Media Center PC 6.0; InfoPath.3)"
106.66.92.63 - - [02/Apr/2012:08:50:30 +0530] "GET /kuhsonline/main/head.php HTTP/1.1" 200 1157 "http://www.kuhas.ac.in/kuhsonline/main/frame.html" "Mozilla/5.0 (Windows NT 6.1; rv:6.0) Gecko/20100101 Firefox/6.0"
106.66.92.63 - - [02/Apr/2012:08:50:30 +0530] "GET /kuhsonline/css/style.css HTTP/1.1" 304 - "http://www.kuhas.ac.in/kuhsonline/main/head.php" "Mozilla/5.0 (Windows NT 6.1; rv:6.0) Gecko/20100101 Firefox/6.0"
106.66.92.63 - - [02/Apr/2012:08:50:30 +0530] "GET /kuhsonline/qptrans/dnload.php HTTP/1.1" 200 11906 "http://www.kuhas.ac.in/kuhsonline/qptrans/collpage.php" "Mozilla/5.0 (Windows NT 6.1; rv:6.0) Gecko/20100101 Firefox/6.0"
106.66.92.63 - - [02/Apr/2012:08:50:30 +0530] "GET /kuhsonline/images/cap_logo.jpg HTTP/1.1" 304 - "http://www.kuhas.ac.in/kuhsonline/main/head.php" "Mozilla/5.0 (Windows NT 6.1; rv:6.0) Gecko/20100101 Firefox/6.0"
115.184.205.197 - - [02/Apr/2012:08:50:30 +0530] "GET /kuhsonline/qptrans/collpage.php HTTP/1.1" 200 1636 "http://www.kuhas.ac.in/kuhsonline/qptrans/index.php" "Mozilla/4.0 (compatible; MSIE 8.0; Windows NT 6.1; Trident/4.0; SLCC2; .NET CLR 2.0.50727; .NET CLR 3.5.30729; .NET CLR 3.0.30729; Media Center PC 6.0; InfoPath.3)"
106.66.92.63 - - [02/Apr/2012:08:50:31 +0530] "GET /kuhsonline/css/loginmodule.css HTTP/1.1" 304 - "http://www.kuhas.ac.in/kuhsonline/qptrans/dnload.php" "Mozilla/5.0 (Windows NT 6.1; rv:6.0) Gecko/20100101 Firefox/6.0"
106.66.92.63 - - [02/Apr/2012:08:50:31 +0530] "GET /kuhsonline/css/css2.css HTTP/1.1" 304 - "http://www.kuhas.ac.in/kuhsonline/qptrans/dnload.php" "Mozilla/5.0 (Windows NT 6.1; rv:6.0) Gecko/20100101 Firefox/6.0"
106.66.92.63 - - [02/Apr/2012:08:50:31 +0530] "GET /kuhsonline/js/myjslib.js HTTP/1.1" 304 - "http://www.kuhas.ac.in/kuhsonline/qptrans/dnload.php" "Mozilla/5.0 (Windows NT 6.1; rv:6.0) Gecko/20100101 Firefox/6.0"
106.66.92.63 - - [02/Apr/2012:08:50:31 +0530] "GET /kuhsonline/images/pleasewait.gif HTTP/1.1" 304 - "http://www.kuhas.ac.in/kuhsonline/qptrans/dnload.php" "Mozilla/5.0 (Windows NT 6.1; rv:6.0) Gecko/20100101 Firefox/6.0"
106.66.92.63 - - [02/Apr/2012:08:50:31 +0530] "POST /kuhsonline/qptrans/get1.php?q=1 HTTP/1.1" 200 10 "http://www.kuhas.ac.in/kuhsonline/qptrans/dnload.php" "Mozilla/5.0 (Windows NT 6.1; rv:6.0) Gecko/20100101 Firefox/6.0"
117.253.194.41 - - [02/Apr/2012:08:50:32 +0530] "GET /kuhsonline/qptrans/get.php?id=download HTTP/1.1" 200 284 "http://www.kuhas.ac.in/kuhsonline/qptrans/dnload.php" "Mozilla/5.0 (Windows NT 6.1; rv:11.0) Gecko/20100101 Firefox/11.0"
117.253.194.41 - - [02/Apr/2012:08:50:32 +0530] "GET /kuhsonline/qptrans/get.php?id=download HTTP/1.1" 200 284 "http://www.kuhas.ac.in/kuhsonline/qptrans/dnload.php" "Mozilla/5.0 (Windows NT 6.1; rv:11.0) Gecko/20100101 Firefox/11.0"
115.184.205.197 - - [02/Apr/2012:08:50:32 +0530] "GET /kuhsonline/qptrans/blankpage.html HTTP/1.1" 304 - "http://www.kuhas.ac.in/kuhsonline/qptrans/collpage.php" "Mozilla/4.0 (compatible; MSIE 8.0; Windows NT 6.1; Trident/4.0; SLCC2; .NET CLR 2.0.50727; .NET CLR 3.5.30729; .NET CLR 3.0.30729; Media Center PC 6.0; InfoPath.3)"
117.253.194.41 - - [02/Apr/2012:08:50:33 +0530] "GET /kuhsonline/qptrans/get.php?id=download HTTP/1.1" 200 284 "http://www.kuhas.ac.in/kuhsonline/qptrans/dnload.php" "Mozilla/5.0 (Windows NT 6.1; rv:11.0) Gecko/20100101 Firefox/11.0"
117.253.194.41 - - [02/Apr/2012:08:50:33 +0530] "GET /kuhsonline/qptrans/get.php?id=download HTTP/1.1" 200 284 "http://www.kuhas.ac.in/kuhsonline/qptrans/dnload.php" "Mozilla/5.0 (Windows NT 6.1; rv:11.0) Gecko/20100101 Firefox/11.0"
117.253.194.41 - - [02/Apr/2012:08:50:36 +0530] "GET /kuhsonline/qptrans/get.php?id=download HTTP/1.1" 200 284 "http://www.kuhas.ac.in/kuhsonline/qptrans/dnload.php" "Mozilla/5.0 (Windows NT 6.1; rv:11.0) Gecko/20100101 Firefox/11.0"
106.66.92.63 - - [02/Apr/2012:08:50:36 +0530] "GET /kuhsonline/main/frame.html HTTP/1.1" 304 - "-" "Mozilla/5.0 (Windows NT 6.1; rv:6.0) Gecko/20100101 Firefox/6.0"
