117.211.75.52 - - [02/Apr/2012:08:25:30 +0530] "GET /kuhsonline/main/maincap.php HTTP/1.1" 200 4046 "http://kuhas.ac.in/kuhsonline/main/logincheck.php" "Mozilla/5.0 (Windows; U; Windows NT 5.1; en-US; rv:1.9.1.5) Gecko/20091102 Firefox/3.5.5"
117.211.75.52 - - [02/Apr/2012:08:25:33 +0530] "GET /kuhsonline/qptrans/index.php HTTP/1.1" 200 2732 "http://kuhas.ac.in/kuhsonline/main/maincap.php" "Mozilla/5.0 (Windows; U; Windows NT 5.1; en-US; rv:1.9.1.5) Gecko/20091102 Firefox/3.5.5"
117.211.75.52 - - [02/Apr/2012:08:25:40 +0530] "POST /kuhsonline/qptrans/login-exec.php HTTP/1.1" 302 - "http://kuhas.ac.in/kuhsonline/qptrans/index.php" "Mozilla/5.0 (Windows; U; Windows NT 5.1; en-US; rv:1.9.1.5) Gecko/20091102 Firefox/3.5.5"
117.211.75.52 - - [02/Apr/2012:08:25:40 +0530] "GET /kuhsonline/qptrans/collpage.php HTTP/1.1" 200 1636 "http://kuhas.ac.in/kuhsonline/qptrans/index.php" "Mozilla/5.0 (Windows; U; Windows NT 5.1; en-US; rv:1.9.1.5) Gecko/20091102 Firefox/3.5.5"
117.211.75.52 - - [02/Apr/2012:08:25:43 +0530] "GET /kuhsonline/qptrans/dnload.php HTTP/1.1" 200 11906 "http://kuhas.ac.in/kuhsonline/qptrans/collpage.php" "Mozilla/5.0 (Windows; U; Windows NT 5.1; en-US; rv:1.9.1.5) Gecko/20091102 Firefox/3.5.5"
117.211.75.52 - - [02/Apr/2012:08:25:43 +0530] "POST /kuhsonline/qptrans/get1.php?q=1 HTTP/1.1" 200 10 "http://kuhas.ac.in/kuhsonline/qptrans/dnload.php" "Mozilla/5.0 (Windows; U; Windows NT 5.1; en-US; rv:1.9.1.5) Gecko/20091102 Firefox/3.5.5"
117.211.75.52 - - [02/Apr/2012:08:25:45 +0530] "GET /kuhsonline/main/frame.html HTTP/1.1" 304 - "-" "Mozilla/5.0 (Windows; U; Windows NT 5.1; en-US; rv:1.9.1.5) Gecko/20091102 Firefox/3.5.5"
117.211.75.52 - - [02/Apr/2012:08:25:45 +0530] "GET /kuhsonline/main/head.php HTTP/1.1" 200 1157 "http://kuhas.ac.in/kuhsonline/main/frame.html" "Mozilla/5.0 (Windows; U; Windows NT 5.1; en-US; rv:1.9.1.5) Gecko/20091102 Firefox/3.5.5"
117.211.75.52 - - [02/Apr/2012:08:25:45 +0530] "GET /kuhsonline/images/cap_logo.jpg HTTP/1.1" 304 - "http://kuhas.ac.in/kuhsonline/main/head.php" "Mozilla/5.0 (Windows; U; Windows NT 5.1; en-US; rv:1.9.1.5) Gecko/20091102 Firefox/3.5.5"
117.211.75.52 - - [02/Apr/2012:08:25:45 +0530] "GET /kuhsonline/css/style.css HTTP/1.1" 304 - "http://kuhas.ac.in/kuhsonline/main/head.php" "Mozilla/5.0 (Windows; U; Windows NT 5.1; en-US; rv:1.9.1.5) Gecko/20091102 Firefox/3.5.5"
117.211.75.52 - - [02/Apr/2012:08:25:45 +0530] "GET /kuhsonline/qptrans/dnload.php HTTP/1.1" 200 11906 "http://kuhas.ac.in/kuhsonline/qptrans/collpage.php" "Mozilla/5.0 (Windows; U; Windows NT 5.1; en-US; rv:1.9.1.5) Gecko/20091102 Firefox/3.5.5"
117.211.75.52 - - [02/Apr/2012:08:25:45 +0530] "GET /kuhsonline/css/css2.css HTTP/1.1" 304 - "http://kuhas.ac.in/kuhsonline/qptrans/dnload.php" "Mozilla/5.0 (Windows; U; Windows NT 5.1; en-US; rv:1.9.1.5) Gecko/20091102 Firefox/3.5.5"
117.211.75.52 - - [02/Apr/2012:08:25:45 +0530] "GET /kuhsonline/css/loginmodule.css HTTP/1.1" 304 - "http://kuhas.ac.in/kuhsonline/qptrans/dnload.php" "Mozilla/5.0 (Windows; U; Windows NT 5.1; en-US; rv:1.9.1.5) Gecko/20091102 Firefox/3.5.5"
117.211.75.52 - - [02/Apr/2012:08:25:45 +0530] "GET /kuhsonline/js/myjslib.js HTTP/1.1" 304 - "http://kuhas.ac.in/kuhsonline/qptrans/dnload.php" "Mozilla/5.0 (Windows; U; Windows NT 5.1; en-US; rv:1.9.1.5) Gecko/20091102 Firefox/3.5.5"
117.211.75.52 - - [02/Apr/2012:08:25:45 +0530] "GET /kuhsonline/images/pleasewait.gif HTTP/1.1" 304 - "http://kuhas.ac.in/kuhsonline/qptrans/dnload.php" "Mozilla/5.0 (Windows; U; Windows NT 5.1; en-US; rv:1.9.1.5) Gecko/20091102 Firefox/3.5.5"
117.211.75.52 - - [02/Apr/2012:08:25:46 +0530] "POST /kuhsonline/qptrans/get1.php?q=1 HTTP/1.1" 200 10 "http://kuhas.ac.in/kuhsonline/qptrans/dnload.php" "Mozilla/5.0 (Windows; U; Windows NT 5.1; en-US; rv:1.9.1.5) Gecko/20091102 Firefox/3.5.5"
117.211.133.6 - - [02/Apr/2012:08:25:50 +0530] "GET /kuhsonline/qptrans/dnload.php HTTP/1.1" 200 11906 "-" "Mozilla/5.0 (Windows NT 6.1; rv:11.0) Gecko/20100101 Firefox/11.0"
117.211.133.6 - - [02/Apr/2012:08:25:51 +0530] "GET /kuhsonline/css/loginmodule.css HTTP/1.1" 304 - "http://kuhas.ac.in/kuhsonline/qptrans/dnload.php" "Mozilla/5.0 (Windows NT 6.1; rv:11.0) Gecko/20100101 Firefox/11.0"
117.211.133.6 - - [02/Apr/2012:08:25:51 +0530] "GET /kuhsonline/css/css2.css HTTP/1.1" 304 - "http://kuhas.ac.in/kuhsonline/qptrans/dnload.php" "Mozilla/5.0 (Windows NT 6.1; rv:11.0) Gecko/20100101 Firefox/11.0"
117.211.133.6 - - [02/Apr/2012:08:25:51 +0530] "GET /kuhsonline/js/myjslib.js HTTP/1.1" 304 - "http://kuhas.ac.in/kuhsonline/qptrans/dnload.php" "Mozilla/5.0 (Windows NT 6.1; rv:11.0) Gecko/20100101 Firefox/11.0"
117.211.133.6 - - [02/Apr/2012:08:25:51 +0530] "GET /kuhsonline/images/pleasewait.gif HTTP/1.1" 304 - "http://kuhas.ac.in/kuhsonline/qptrans/dnload.php" "Mozilla/5.0 (Windows NT 6.1; rv:11.0) Gecko/20100101 Firefox/11.0"
117.211.133.6 - - [02/Apr/2012:08:25:51 +0530] "POST /kuhsonline/qptrans/get1.php?q=1 HTTP/1.1" 200 10 "http://kuhas.ac.in/kuhsonline/qptrans/dnload.php" "Mozilla/5.0 (Windows NT 6.1; rv:11.0) Gecko/20100101 Firefox/11.0"
59.90.167.4 - - [02/Apr/2012:08:26:01 +0530] "GET /kuhsonline/main/frame.html HTTP/1.1" 304 - "-" "Mozilla/5.0 (Windows NT 6.1; rv:11.0) Gecko/20100101 Firefox/11.0"
59.90.167.4 - - [02/Apr/2012:08:26:01 +0530] "GET /kuhsonline/main/head.php HTTP/1.1" 200 1157 "http://www.kuhas.ac.in/kuhsonline/main/frame.html" "Mozilla/5.0 (Windows NT 6.1; rv:11.0) Gecko/20100101 Firefox/11.0"
59.90.167.4 - - [02/Apr/2012:08:26:02 +0530] "GET /kuhsonline/css/style.css HTTP/1.1" 304 - "http://www.kuhas.ac.in/kuhsonline/main/head.php" "Mozilla/5.0 (Windows NT 6.1; rv:11.0) Gecko/20100101 Firefox/11.0"
59.90.167.4 - - [02/Apr/2012:08:26:02 +0530] "GET /kuhsonline/css/loginmodule.css HTTP/1.1" 304 - "http://www.kuhas.ac.in/kuhsonline/qptrans/dnload.php" "Mozilla/5.0 (Windows NT 6.1; rv:11.0) Gecko/20100101 Firefox/11.0"
59.90.167.4 - - [02/Apr/2012:08:26:02 +0530] "GET /kuhsonline/qptrans/dnload.php HTTP/1.1" 200 11905 "http://www.kuhas.ac.in/kuhsonline/qptrans/collpage.php" "Mozilla/5.0 (Windows NT 6.1; rv:11.0) Gecko/20100101 Firefox/11.0"
59.90.167.4 - - [02/Apr/2012:08:26:02 +0530] "GET /kuhsonline/css/css2.css HTTP/1.1" 304 - "http://www.kuhas.ac.in/kuhsonline/qptrans/dnload.php" "Mozilla/5.0 (Windows NT 6.1; rv:11.0) Gecko/20100101 Firefox/11.0"
59.90.167.4 - - [02/Apr/2012:08:26:02 +0530] "GET /kuhsonline/images/cap_logo.jpg HTTP/1.1" 304 - "http://www.kuhas.ac.in/kuhsonline/main/head.php" "Mozilla/5.0 (Windows NT 6.1; rv:11.0) Gecko/20100101 Firefox/11.0"
59.90.167.4 - - [02/Apr/2012:08:26:02 +0530] "GET /kuhsonline/js/myjslib.js HTTP/1.1" 304 - "http://www.kuhas.ac.in/kuhsonline/qptrans/dnload.php" "Mozilla/5.0 (Windows NT 6.1; rv:11.0) Gecko/20100101 Firefox/11.0"
59.90.167.4 - - [02/Apr/2012:08:26:02 +0530] "GET /kuhsonline/images/pleasewait.gif HTTP/1.1" 304 - "http://www.kuhas.ac.in/kuhsonline/qptrans/dnload.php" "Mozilla/5.0 (Windows NT 6.1; rv:11.0) Gecko/20100101 Firefox/11.0"
59.90.167.4 - - [02/Apr/2012:08:26:02 +0530] "POST /kuhsonline/qptrans/get1.php?q=1 HTTP/1.1" 200 10 "http://www.kuhas.ac.in/kuhsonline/qptrans/dnload.php" "Mozilla/5.0 (Windows NT 6.1; rv:11.0) Gecko/20100101 Firefox/11.0"
117.211.75.52 - - [02/Apr/2012:08:26:04 +0530] "GET /kuhsonline/main/frame.html HTTP/1.1" 200 463 "-" "Mozilla/5.0 (Windows; U; Windows NT 5.1; en-US; rv:1.9.2.28) Gecko/20120306 Firefox/3.6.28"
117.211.75.52 - - [02/Apr/2012:08:26:04 +0530] "GET /kuhsonline/main/head.php HTTP/1.1" 200 1157 "http://kuhas.ac.in/kuhsonline/main/frame.html" "Mozilla/5.0 (Windows; U; Windows NT 5.1; en-US; rv:1.9.2.28) Gecko/20120306 Firefox/3.6.28"
117.211.75.52 - - [02/Apr/2012:08:26:04 +0530] "GET /kuhsonline/main/maincap.php HTTP/1.1" 302 - "http://kuhas.ac.in/kuhsonline/main/frame.html" "Mozilla/5.0 (Windows; U; Windows NT 5.1; en-US; rv:1.9.2.28) Gecko/20120306 Firefox/3.6.28"
117.211.75.52 - - [02/Apr/2012:08:26:05 +0530] "GET /kuhsonline/css/style.css HTTP/1.1" 200 1960 "http://kuhas.ac.in/kuhsonline/main/head.php" "Mozilla/5.0 (Windows; U; Windows NT 5.1; en-US; rv:1.9.2.28) Gecko/20120306 Firefox/3.6.28"
59.90.167.4 - - [02/Apr/2012:08:26:05 +0530] "GET /kuhsonline/main/frame.html HTTP/1.1" 304 - "-" "Mozilla/5.0 (Windows NT 6.1; rv:11.0) Gecko/20100101 Firefox/11.0"
117.211.75.52 - - [02/Apr/2012:08:26:05 +0530] "GET /kuhsonline/main/login.php HTTP/1.1" 200 5038 "http://kuhas.ac.in/kuhsonline/main/frame.html" "Mozilla/5.0 (Windows; U; Windows NT 5.1; en-US; rv:1.9.2.28) Gecko/20120306 Firefox/3.6.28"
117.211.75.52 - - [02/Apr/2012:08:26:05 +0530] "GET /kuhsonline/Enc_password/kencrypt.js HTTP/1.1" 200 9143 "http://kuhas.ac.in/kuhsonline/main/login.php" "Mozilla/5.0 (Windows; U; Windows NT 5.1; en-US; rv:1.9.2.28) Gecko/20120306 Firefox/3.6.28"
117.211.75.52 - - [02/Apr/2012:08:26:05 +0530] "GET /kuhsonline/Enc_password/sha256.js HTTP/1.1" 200 4056 "http://kuhas.ac.in/kuhsonline/main/login.php" "Mozilla/5.0 (Windows; U; Windows NT 5.1; en-US; rv:1.9.2.28) Gecko/20120306 Firefox/3.6.28"
59.90.167.4 - - [02/Apr/2012:08:26:05 +0530] "GET /kuhsonline/main/head.php HTTP/1.1" 200 1157 "http://www.kuhas.ac.in/kuhsonline/main/frame.html" "Mozilla/5.0 (Windows NT 6.1; rv:11.0) Gecko/20100101 Firefox/11.0"
117.211.75.52 - - [02/Apr/2012:08:26:05 +0530] "GET /kuhsonline/images/btn-go.gif HTTP/1.1" 200 710 "http://kuhas.ac.in/kuhsonline/main/login.php" "Mozilla/5.0 (Windows; U; Windows NT 5.1; en-US; rv:1.9.2.28) Gecko/20120306 Firefox/3.6.28"
117.211.75.52 - - [02/Apr/2012:08:26:05 +0530] "GET /kuhsonline/images/newimage.png HTTP/1.1" 404 613 "http://kuhas.ac.in/kuhsonline/main/login.php" "Mozilla/5.0 (Windows; U; Windows NT 5.1; en-US; rv:1.9.2.28) Gecko/20120306 Firefox/3.6.28"
59.90.167.4 - - [02/Apr/2012:08:26:05 +0530] "GET /kuhsonline/css/style.css HTTP/1.1" 304 - "http://www.kuhas.ac.in/kuhsonline/main/head.php" "Mozilla/5.0 (Windows NT 6.1; rv:11.0) Gecko/20100101 Firefox/11.0"
59.90.167.4 - - [02/Apr/2012:08:26:05 +0530] "GET /kuhsonline/css/loginmodule.css HTTP/1.1" 304 - "http://www.kuhas.ac.in/kuhsonline/qptrans/dnload.php" "Mozilla/5.0 (Windows NT 6.1; rv:11.0) Gecko/20100101 Firefox/11.0"
59.90.167.4 - - [02/Apr/2012:08:26:05 +0530] "GET /kuhsonline/css/css2.css HTTP/1.1" 304 - "http://www.kuhas.ac.in/kuhsonline/qptrans/dnload.php" "Mozilla/5.0 (Windows NT 6.1; rv:11.0) Gecko/20100101 Firefox/11.0"
59.90.167.4 - - [02/Apr/2012:08:26:05 +0530] "GET /kuhsonline/js/myjslib.js HTTP/1.1" 304 - "http://www.kuhas.ac.in/kuhsonline/qptrans/dnload.php" "Mozilla/5.0 (Windows NT 6.1; rv:11.0) Gecko/20100101 Firefox/11.0"
59.90.167.4 - - [02/Apr/2012:08:26:05 +0530] "GET /kuhsonline/images/cap_logo.jpg HTTP/1.1" 304 - "http://www.kuhas.ac.in/kuhsonline/main/head.php" "Mozilla/5.0 (Windows NT 6.1; rv:11.0) Gecko/20100101 Firefox/11.0"
59.90.167.4 - - [02/Apr/2012:08:26:05 +0530] "GET /kuhsonline/qptrans/dnload.php HTTP/1.1" 200 11905 "http://www.kuhas.ac.in/kuhsonline/qptrans/collpage.php" "Mozilla/5.0 (Windows NT 6.1; rv:11.0) Gecko/20100101 Firefox/11.0"
59.90.167.4 - - [02/Apr/2012:08:26:06 +0530] "GET /kuhsonline/images/pleasewait.gif HTTP/1.1" 304 - "http://www.kuhas.ac.in/kuhsonline/qptrans/dnload.php" "Mozilla/5.0 (Windows NT 6.1; rv:11.0) Gecko/20100101 Firefox/11.0"
59.90.167.4 - - [02/Apr/2012:08:26:06 +0530] "POST /kuhsonline/qptrans/get1.php?q=1 HTTP/1.1" 200 10 "http://www.kuhas.ac.in/kuhsonline/qptrans/dnload.php" "Mozilla/5.0 (Windows NT 6.1; rv:11.0) Gecko/20100101 Firefox/11.0"
117.211.75.52 - - [02/Apr/2012:08:26:05 +0530] "GET /kuhsonline/images/cap_logo.jpg HTTP/1.1" 200 1839559 "http://kuhas.ac.in/kuhsonline/main/head.php" "Mozilla/5.0 (Windows; U; Windows NT 5.1; en-US; rv:1.9.2.28) Gecko/20120306 Firefox/3.6.28"
117.211.75.52 - - [02/Apr/2012:08:26:07 +0530] "GET /favicon.ico HTTP/1.1" 404 613 "-" "Mozilla/5.0 (Windows; U; Windows NT 5.1; en-US; rv:1.9.2.28) Gecko/20120306 Firefox/3.6.28"
117.211.75.52 - - [02/Apr/2012:08:26:08 +0530] "GET /favicon.ico HTTP/1.1" 404 613 "-" "Mozilla/5.0 (Windows; U; Windows NT 5.1; en-US; rv:1.9.2.28) Gecko/20120306 Firefox/3.6.28"
117.211.75.52 - - [02/Apr/2012:08:26:16 +0530] "POST /kuhsonline/main/logincheck.php HTTP/1.1" 200 254 "http://kuhas.ac.in/kuhsonline/main/login.php" "Mozilla/5.0 (Windows; U; Windows NT 5.1; en-US; rv:1.9.2.28) Gecko/20120306 Firefox/3.6.28"
117.211.75.52 - - [02/Apr/2012:08:26:16 +0530] "GET /kuhsonline/main/maincap.php HTTP/1.1" 200 4046 "http://kuhas.ac.in/kuhsonline/main/logincheck.php" "Mozilla/5.0 (Windows; U; Windows NT 5.1; en-US; rv:1.9.2.28) Gecko/20120306 Firefox/3.6.28"
117.211.75.52 - - [02/Apr/2012:08:26:17 +0530] "GET /kuhsonline/js/stm31.js HTTP/1.1" 200 36599 "http://kuhas.ac.in/kuhsonline/main/maincap.php" "Mozilla/5.0 (Windows; U; Windows NT 5.1; en-US; rv:1.9.2.28) Gecko/20120306 Firefox/3.6.28"
117.211.75.52 - - [02/Apr/2012:08:26:17 +0530] "GET /kuhsonline/images/blank.gif HTTP/1.1" 200 49 "http://kuhas.ac.in/kuhsonline/main/maincap.php" "Mozilla/5.0 (Windows; U; Windows NT 5.1; en-US; rv:1.9.2.28) Gecko/20120306 Firefox/3.6.28"
117.211.75.52 - - [02/Apr/2012:08:26:19 +0530] "GET /kuhsonline/qptrans/index.php HTTP/1.1" 200 2732 "http://kuhas.ac.in/kuhsonline/main/maincap.php" "Mozilla/5.0 (Windows; U; Windows NT 5.1; en-US; rv:1.9.2.28) Gecko/20120306 Firefox/3.6.28"
117.211.75.52 - - [02/Apr/2012:08:26:19 +0530] "GET /kuhsonline/css/loginmodule.css HTTP/1.1" 200 571 "http://kuhas.ac.in/kuhsonline/qptrans/index.php" "Mozilla/5.0 (Windows; U; Windows NT 5.1; en-US; rv:1.9.2.28) Gecko/20120306 Firefox/3.6.28"
117.211.75.52 - - [02/Apr/2012:08:26:19 +0530] "GET /kuhsonline/js/myjslib.js HTTP/1.1" 200 180 "http://kuhas.ac.in/kuhsonline/qptrans/index.php" "Mozilla/5.0 (Windows; U; Windows NT 5.1; en-US; rv:1.9.2.28) Gecko/20120306 Firefox/3.6.28"
117.211.75.52 - - [02/Apr/2012:08:26:19 +0530] "GET /kuhsonline/images/ReturnButton.gif HTTP/1.1" 200 1396 "http://kuhas.ac.in/kuhsonline/qptrans/index.php" "Mozilla/5.0 (Windows; U; Windows NT 5.1; en-US; rv:1.9.2.28) Gecko/20120306 Firefox/3.6.28"
117.211.75.52 - - [02/Apr/2012:08:26:19 +0530] "GET /kuhsonline/css/css2.css HTTP/1.1" 200 2129 "http://kuhas.ac.in/kuhsonline/qptrans/index.php" "Mozilla/5.0 (Windows; U; Windows NT 5.1; en-US; rv:1.9.2.28) Gecko/20120306 Firefox/3.6.28"
117.211.75.52 - - [02/Apr/2012:08:26:19 +0530] "GET /kuhsonline/images/login55.gif HTTP/1.1" 200 5048 "http://kuhas.ac.in/kuhsonline/qptrans/index.php" "Mozilla/5.0 (Windows; U; Windows NT 5.1; en-US; rv:1.9.2.28) Gecko/20120306 Firefox/3.6.28"
117.211.75.52 - - [02/Apr/2012:08:26:27 +0530] "POST /kuhsonline/qptrans/login-exec.php HTTP/1.1" 302 - "http://kuhas.ac.in/kuhsonline/qptrans/index.php" "Mozilla/5.0 (Windows; U; Windows NT 5.1; en-US; rv:1.9.2.28) Gecko/20120306 Firefox/3.6.28"
117.211.75.52 - - [02/Apr/2012:08:26:28 +0530] "GET /kuhsonline/qptrans/collpage.php HTTP/1.1" 200 1636 "http://kuhas.ac.in/kuhsonline/qptrans/index.php" "Mozilla/5.0 (Windows; U; Windows NT 5.1; en-US; rv:1.9.2.28) Gecko/20120306 Firefox/3.6.28"
117.211.75.52 - - [02/Apr/2012:08:26:28 +0530] "GET /kuhsonline/qptrans/blankpage.html HTTP/1.1" 200 304 "http://kuhas.ac.in/kuhsonline/qptrans/collpage.php" "Mozilla/5.0 (Windows; U; Windows NT 5.1; en-US; rv:1.9.2.28) Gecko/20120306 Firefox/3.6.28"
117.211.75.52 - - [02/Apr/2012:08:26:30 +0530] "GET /kuhsonline/qptrans/dnload.php HTTP/1.1" 200 11906 "http://kuhas.ac.in/kuhsonline/qptrans/collpage.php" "Mozilla/5.0 (Windows; U; Windows NT 5.1; en-US; rv:1.9.2.28) Gecko/20120306 Firefox/3.6.28"
117.211.75.52 - - [02/Apr/2012:08:26:30 +0530] "GET /kuhsonline/images/pleasewait.gif HTTP/1.1" 200 1522 "http://kuhas.ac.in/kuhsonline/qptrans/dnload.php" "Mozilla/5.0 (Windows; U; Windows NT 5.1; en-US; rv:1.9.2.28) Gecko/20120306 Firefox/3.6.28"
117.211.75.52 - - [02/Apr/2012:08:26:30 +0530] "POST /kuhsonline/qptrans/get1.php?q=1 HTTP/1.1" 200 10 "http://kuhas.ac.in/kuhsonline/qptrans/dnload.php" "Mozilla/5.0 (Windows; U; Windows NT 5.1; en-US; rv:1.9.2.28) Gecko/20120306 Firefox/3.6.28"
117.211.75.52 - - [02/Apr/2012:08:26:32 +0530] "GET /kuhsonline/main/frame.html HTTP/1.1" 304 - "-" "Mozilla/5.0 (Windows; U; Windows NT 5.1; en-US; rv:1.9.2.28) Gecko/20120306 Firefox/3.6.28"
117.211.75.52 - - [02/Apr/2012:08:26:32 +0530] "GET /kuhsonline/main/head.php HTTP/1.1" 200 1157 "http://kuhas.ac.in/kuhsonline/main/frame.html" "Mozilla/5.0 (Windows; U; Windows NT 5.1; en-US; rv:1.9.2.28) Gecko/20120306 Firefox/3.6.28"
117.211.75.52 - - [02/Apr/2012:08:26:32 +0530] "GET /kuhsonline/css/style.css HTTP/1.1" 304 - "http://kuhas.ac.in/kuhsonline/main/head.php" "Mozilla/5.0 (Windows; U; Windows NT 5.1; en-US; rv:1.9.2.28) Gecko/20120306 Firefox/3.6.28"
117.211.75.52 - - [02/Apr/2012:08:26:32 +0530] "GET /kuhsonline/images/cap_logo.jpg HTTP/1.1" 304 - "http://kuhas.ac.in/kuhsonline/main/head.php" "Mozilla/5.0 (Windows; U; Windows NT 5.1; en-US; rv:1.9.2.28) Gecko/20120306 Firefox/3.6.28"
117.211.75.52 - - [02/Apr/2012:08:26:32 +0530] "GET /kuhsonline/css/loginmodule.css HTTP/1.1" 304 - "http://kuhas.ac.in/kuhsonline/qptrans/dnload.php" "Mozilla/5.0 (Windows; U; Windows NT 5.1; en-US; rv:1.9.2.28) Gecko/20120306 Firefox/3.6.28"
117.211.75.52 - - [02/Apr/2012:08:26:32 +0530] "GET /kuhsonline/qptrans/dnload.php HTTP/1.1" 200 11906 "http://kuhas.ac.in/kuhsonline/qptrans/collpage.php" "Mozilla/5.0 (Windows; U; Windows NT 5.1; en-US; rv:1.9.2.28) Gecko/20120306 Firefox/3.6.28"
117.211.75.52 - - [02/Apr/2012:08:26:32 +0530] "GET /kuhsonline/js/myjslib.js HTTP/1.1" 304 - "http://kuhas.ac.in/kuhsonline/qptrans/dnload.php" "Mozilla/5.0 (Windows; U; Windows NT 5.1; en-US; rv:1.9.2.28) Gecko/20120306 Firefox/3.6.28"
117.211.75.52 - - [02/Apr/2012:08:26:32 +0530] "GET /kuhsonline/css/css2.css HTTP/1.1" 304 - "http://kuhas.ac.in/kuhsonline/qptrans/dnload.php" "Mozilla/5.0 (Windows; U; Windows NT 5.1; en-US; rv:1.9.2.28) Gecko/20120306 Firefox/3.6.28"
117.211.75.52 - - [02/Apr/2012:08:26:32 +0530] "GET /kuhsonline/images/pleasewait.gif HTTP/1.1" 304 - "http://kuhas.ac.in/kuhsonline/qptrans/dnload.php" "Mozilla/5.0 (Windows; U; Windows NT 5.1; en-US; rv:1.9.2.28) Gecko/20120306 Firefox/3.6.28"
117.211.75.52 - - [02/Apr/2012:08:26:32 +0530] "POST /kuhsonline/qptrans/get1.php?q=1 HTTP/1.1" 200 10 "http://kuhas.ac.in/kuhsonline/qptrans/dnload.php" "Mozilla/5.0 (Windows; U; Windows NT 5.1; en-US; rv:1.9.2.28) Gecko/20120306 Firefox/3.6.28"
117.196.169.62 - - [02/Apr/2012:08:26:44 +0530] "GET /kuhsonline/ HTTP/1.1" 302 80 "-" "Mozilla/5.0 (Windows; U; Windows NT 6.1; en-US; rv:1.9.2.13) Gecko/20101203 Firefox/3.6.13"
117.196.169.62 - - [02/Apr/2012:08:26:44 +0530] "GET /kuhsonline/main/head.php HTTP/1.1" 200 1157 "http://www.kuhas.ac.in/kuhsonline/main/frame.html" "Mozilla/5.0 (Windows; U; Windows NT 6.1; en-US; rv:1.9.2.13) Gecko/20101203 Firefox/3.6.13"
117.196.169.62 - - [02/Apr/2012:08:26:44 +0530] "GET /kuhsonline/main/maincap.php HTTP/1.1" 302 - "http://www.kuhas.ac.in/kuhsonline/main/frame.html" "Mozilla/5.0 (Windows; U; Windows NT 6.1; en-US; rv:1.9.2.13) Gecko/20101203 Firefox/3.6.13"
117.196.169.62 - - [02/Apr/2012:08:26:45 +0530] "GET /kuhsonline/main/login.php HTTP/1.1" 200 5038 "http://www.kuhas.ac.in/kuhsonline/main/frame.html" "Mozilla/5.0 (Windows; U; Windows NT 6.1; en-US; rv:1.9.2.13) Gecko/20101203 Firefox/3.6.13"
117.196.169.62 - - [02/Apr/2012:08:26:45 +0530] "GET /kuhsonline/images/newimage.png HTTP/1.1" 404 613 "http://www.kuhas.ac.in/kuhsonline/main/login.php" "Mozilla/5.0 (Windows; U; Windows NT 6.1; en-US; rv:1.9.2.13) Gecko/20101203 Firefox/3.6.13"
117.211.75.52 - - [02/Apr/2012:08:26:46 +0530] "GET /kuhsonline/qptrans/dnload.php HTTP/1.1" 200 11906 "-" "Mozilla/5.0 (Windows; U; Windows NT 5.1; en-US; rv:1.9.1.5) Gecko/20091102 Firefox/3.5.5"
117.211.75.52 - - [02/Apr/2012:08:26:46 +0530] "GET /kuhsonline/css/loginmodule.css HTTP/1.1" 304 - "http://kuhas.ac.in/kuhsonline/qptrans/dnload.php" "Mozilla/5.0 (Windows; U; Windows NT 5.1; en-US; rv:1.9.1.5) Gecko/20091102 Firefox/3.5.5"
117.211.75.52 - - [02/Apr/2012:08:26:46 +0530] "GET /kuhsonline/js/myjslib.js HTTP/1.1" 304 - "http://kuhas.ac.in/kuhsonline/qptrans/dnload.php" "Mozilla/5.0 (Windows; U; Windows NT 5.1; en-US; rv:1.9.1.5) Gecko/20091102 Firefox/3.5.5"
117.211.75.52 - - [02/Apr/2012:08:26:46 +0530] "GET /kuhsonline/css/css2.css HTTP/1.1" 304 - "http://kuhas.ac.in/kuhsonline/qptrans/dnload.php" "Mozilla/5.0 (Windows; U; Windows NT 5.1; en-US; rv:1.9.1.5) Gecko/20091102 Firefox/3.5.5"
117.211.75.52 - - [02/Apr/2012:08:26:46 +0530] "GET /kuhsonline/images/pleasewait.gif HTTP/1.1" 304 - "http://kuhas.ac.in/kuhsonline/qptrans/dnload.php" "Mozilla/5.0 (Windows; U; Windows NT 5.1; en-US; rv:1.9.1.5) Gecko/20091102 Firefox/3.5.5"
117.211.75.52 - - [02/Apr/2012:08:26:46 +0530] "POST /kuhsonline/qptrans/get1.php?q=1 HTTP/1.1" 200 10 "http://kuhas.ac.in/kuhsonline/qptrans/dnload.php" "Mozilla/5.0 (Windows; U; Windows NT 5.1; en-US; rv:1.9.1.5) Gecko/20091102 Firefox/3.5.5"
117.196.169.62 - - [02/Apr/2012:08:26:48 +0530] "GET /favicon.ico HTTP/1.1" 404 613 "-" "Mozilla/5.0 (Windows; U; Windows NT 6.1; en-US; rv:1.9.2.13) Gecko/20101203 Firefox/3.6.13"
117.211.133.6 - - [02/Apr/2012:08:26:51 +0530] "GET /kuhsonline/qptrans/dnload.php HTTP/1.1" 200 11906 "-" "Mozilla/5.0 (Windows NT 6.1; rv:11.0) Gecko/20100101 Firefox/11.0"
117.211.133.6 - - [02/Apr/2012:08:26:52 +0530] "GET /kuhsonline/css/loginmodule.css HTTP/1.1" 304 - "http://kuhas.ac.in/kuhsonline/qptrans/dnload.php" "Mozilla/5.0 (Windows NT 6.1; rv:11.0) Gecko/20100101 Firefox/11.0"
117.211.133.6 - - [02/Apr/2012:08:26:52 +0530] "GET /kuhsonline/css/css2.css HTTP/1.1" 304 - "http://kuhas.ac.in/kuhsonline/qptrans/dnload.php" "Mozilla/5.0 (Windows NT 6.1; rv:11.0) Gecko/20100101 Firefox/11.0"
117.211.133.6 - - [02/Apr/2012:08:26:52 +0530] "GET /kuhsonline/js/myjslib.js HTTP/1.1" 304 - "http://kuhas.ac.in/kuhsonline/qptrans/dnload.php" "Mozilla/5.0 (Windows NT 6.1; rv:11.0) Gecko/20100101 Firefox/11.0"
117.211.133.6 - - [02/Apr/2012:08:26:52 +0530] "GET /kuhsonline/images/pleasewait.gif HTTP/1.1" 304 - "http://kuhas.ac.in/kuhsonline/qptrans/dnload.php" "Mozilla/5.0 (Windows NT 6.1; rv:11.0) Gecko/20100101 Firefox/11.0"
117.211.133.6 - - [02/Apr/2012:08:26:52 +0530] "POST /kuhsonline/qptrans/get1.php?q=1 HTTP/1.1" 200 10 "http://kuhas.ac.in/kuhsonline/qptrans/dnload.php" "Mozilla/5.0 (Windows NT 6.1; rv:11.0) Gecko/20100101 Firefox/11.0"
59.90.167.4 - - [02/Apr/2012:08:27:06 +0530] "GET /kuhsonline/qptrans/dnload.php HTTP/1.1" 200 11905 "-" "Mozilla/5.0 (Windows NT 6.1; rv:11.0) Gecko/20100101 Firefox/11.0"
59.90.167.4 - - [02/Apr/2012:08:27:06 +0530] "GET /kuhsonline/css/loginmodule.css HTTP/1.1" 304 - "http://www.kuhas.ac.in/kuhsonline/qptrans/dnload.php" "Mozilla/5.0 (Windows NT 6.1; rv:11.0) Gecko/20100101 Firefox/11.0"
59.90.167.4 - - [02/Apr/2012:08:27:06 +0530] "GET /kuhsonline/css/css2.css HTTP/1.1" 304 - "http://www.kuhas.ac.in/kuhsonline/qptrans/dnload.php" "Mozilla/5.0 (Windows NT 6.1; rv:11.0) Gecko/20100101 Firefox/11.0"
59.90.167.4 - - [02/Apr/2012:08:27:06 +0530] "GET /kuhsonline/js/myjslib.js HTTP/1.1" 304 - "http://www.kuhas.ac.in/kuhsonline/qptrans/dnload.php" "Mozilla/5.0 (Windows NT 6.1; rv:11.0) Gecko/20100101 Firefox/11.0"
59.90.167.4 - - [02/Apr/2012:08:27:07 +0530] "GET /kuhsonline/images/pleasewait.gif HTTP/1.1" 304 - "http://www.kuhas.ac.in/kuhsonline/qptrans/dnload.php" "Mozilla/5.0 (Windows NT 6.1; rv:11.0) Gecko/20100101 Firefox/11.0"
59.90.167.4 - - [02/Apr/2012:08:27:07 +0530] "POST /kuhsonline/qptrans/get1.php?q=1 HTTP/1.1" 200 10 "http://www.kuhas.ac.in/kuhsonline/qptrans/dnload.php" "Mozilla/5.0 (Windows NT 6.1; rv:11.0) Gecko/20100101 Firefox/11.0"
117.211.75.52 - - [02/Apr/2012:08:27:33 +0530] "GET /kuhsonline/qptrans/dnload.php HTTP/1.1" 200 11906 "-" "Mozilla/5.0 (Windows; U; Windows NT 5.1; en-US; rv:1.9.2.28) Gecko/20120306 Firefox/3.6.28"
117.211.75.52 - - [02/Apr/2012:08:27:33 +0530] "GET /kuhsonline/css/css2.css HTTP/1.1" 304 - "http://kuhas.ac.in/kuhsonline/qptrans/dnload.php" "Mozilla/5.0 (Windows; U; Windows NT 5.1; en-US; rv:1.9.2.28) Gecko/20120306 Firefox/3.6.28"
117.211.75.52 - - [02/Apr/2012:08:27:33 +0530] "GET /kuhsonline/css/loginmodule.css HTTP/1.1" 304 - "http://kuhas.ac.in/kuhsonline/qptrans/dnload.php" "Mozilla/5.0 (Windows; U; Windows NT 5.1; en-US; rv:1.9.2.28) Gecko/20120306 Firefox/3.6.28"
117.211.75.52 - - [02/Apr/2012:08:27:33 +0530] "GET /kuhsonline/js/myjslib.js HTTP/1.1" 304 - "http://kuhas.ac.in/kuhsonline/qptrans/dnload.php" "Mozilla/5.0 (Windows; U; Windows NT 5.1; en-US; rv:1.9.2.28) Gecko/20120306 Firefox/3.6.28"
117.211.75.52 - - [02/Apr/2012:08:27:33 +0530] "GET /kuhsonline/images/pleasewait.gif HTTP/1.1" 304 - "http://kuhas.ac.in/kuhsonline/qptrans/dnload.php" "Mozilla/5.0 (Windows; U; Windows NT 5.1; en-US; rv:1.9.2.28) Gecko/20120306 Firefox/3.6.28"
117.211.75.52 - - [02/Apr/2012:08:27:33 +0530] "POST /kuhsonline/qptrans/get1.php?q=1 HTTP/1.1" 200 10 "http://kuhas.ac.in/kuhsonline/qptrans/dnload.php" "Mozilla/5.0 (Windows; U; Windows NT 5.1; en-US; rv:1.9.2.28) Gecko/20120306 Firefox/3.6.28"
117.196.169.62 - - [02/Apr/2012:08:27:40 +0530] "POST /kuhsonline/main/logincheck.php HTTP/1.1" 200 254 "http://www.kuhas.ac.in/kuhsonline/main/login.php" "Mozilla/5.0 (Windows; U; Windows NT 6.1; en-US; rv:1.9.2.13) Gecko/20101203 Firefox/3.6.13"
117.196.169.62 - - [02/Apr/2012:08:27:40 +0530] "GET /kuhsonline/main/maincap.php HTTP/1.1" 200 4051 "http://www.kuhas.ac.in/kuhsonline/main/logincheck.php" "Mozilla/5.0 (Windows; U; Windows NT 6.1; en-US; rv:1.9.2.13) Gecko/20101203 Firefox/3.6.13"
117.196.169.62 - - [02/Apr/2012:08:27:44 +0530] "GET /kuhsonline/qptrans/index.php HTTP/1.1" 200 2732 "http://www.kuhas.ac.in/kuhsonline/main/maincap.php" "Mozilla/5.0 (Windows; U; Windows NT 6.1; en-US; rv:1.9.2.13) Gecko/20101203 Firefox/3.6.13"
117.211.75.52 - - [02/Apr/2012:08:27:46 +0530] "GET /kuhsonline/qptrans/dnload.php HTTP/1.1" 200 11906 "-" "Mozilla/5.0 (Windows; U; Windows NT 5.1; en-US; rv:1.9.1.5) Gecko/20091102 Firefox/3.5.5"
117.211.75.52 - - [02/Apr/2012:08:27:46 +0530] "GET /kuhsonline/css/loginmodule.css HTTP/1.1" 304 - "http://kuhas.ac.in/kuhsonline/qptrans/dnload.php" "Mozilla/5.0 (Windows; U; Windows NT 5.1; en-US; rv:1.9.1.5) Gecko/20091102 Firefox/3.5.5"
117.211.75.52 - - [02/Apr/2012:08:27:46 +0530] "GET /kuhsonline/js/myjslib.js HTTP/1.1" 304 - "http://kuhas.ac.in/kuhsonline/qptrans/dnload.php" "Mozilla/5.0 (Windows; U; Windows NT 5.1; en-US; rv:1.9.1.5) Gecko/20091102 Firefox/3.5.5"
117.211.75.52 - - [02/Apr/2012:08:27:46 +0530] "GET /kuhsonline/css/css2.css HTTP/1.1" 304 - "http://kuhas.ac.in/kuhsonline/qptrans/dnload.php" "Mozilla/5.0 (Windows; U; Windows NT 5.1; en-US; rv:1.9.1.5) Gecko/20091102 Firefox/3.5.5"
117.211.75.52 - - [02/Apr/2012:08:27:46 +0530] "GET /kuhsonline/images/pleasewait.gif HTTP/1.1" 304 - "http://kuhas.ac.in/kuhsonline/qptrans/dnload.php" "Mozilla/5.0 (Windows; U; Windows NT 5.1; en-US; rv:1.9.1.5) Gecko/20091102 Firefox/3.5.5"
117.211.75.52 - - [02/Apr/2012:08:27:47 +0530] "POST /kuhsonline/qptrans/get1.php?q=1 HTTP/1.1" 200 10 "http://kuhas.ac.in/kuhsonline/qptrans/dnload.php" "Mozilla/5.0 (Windows; U; Windows NT 5.1; en-US; rv:1.9.1.5) Gecko/20091102 Firefox/3.5.5"
117.211.133.6 - - [02/Apr/2012:08:27:52 +0530] "GET /kuhsonline/qptrans/dnload.php HTTP/1.1" 200 11906 "-" "Mozilla/5.0 (Windows NT 6.1; rv:11.0) Gecko/20100101 Firefox/11.0"
117.211.133.6 - - [02/Apr/2012:08:27:52 +0530] "GET /kuhsonline/css/loginmodule.css HTTP/1.1" 304 - "http://kuhas.ac.in/kuhsonline/qptrans/dnload.php" "Mozilla/5.0 (Windows NT 6.1; rv:11.0) Gecko/20100101 Firefox/11.0"
117.211.133.6 - - [02/Apr/2012:08:27:52 +0530] "GET /kuhsonline/css/css2.css HTTP/1.1" 304 - "http://kuhas.ac.in/kuhsonline/qptrans/dnload.php" "Mozilla/5.0 (Windows NT 6.1; rv:11.0) Gecko/20100101 Firefox/11.0"
117.211.133.6 - - [02/Apr/2012:08:27:52 +0530] "GET /kuhsonline/js/myjslib.js HTTP/1.1" 304 - "http://kuhas.ac.in/kuhsonline/qptrans/dnload.php" "Mozilla/5.0 (Windows NT 6.1; rv:11.0) Gecko/20100101 Firefox/11.0"
117.211.133.6 - - [02/Apr/2012:08:27:52 +0530] "GET /kuhsonline/images/pleasewait.gif HTTP/1.1" 304 - "http://kuhas.ac.in/kuhsonline/qptrans/dnload.php" "Mozilla/5.0 (Windows NT 6.1; rv:11.0) Gecko/20100101 Firefox/11.0"
117.211.133.6 - - [02/Apr/2012:08:27:52 +0530] "POST /kuhsonline/qptrans/get1.php?q=1 HTTP/1.1" 200 10 "http://kuhas.ac.in/kuhsonline/qptrans/dnload.php" "Mozilla/5.0 (Windows NT 6.1; rv:11.0) Gecko/20100101 Firefox/11.0"
117.196.169.62 - - [02/Apr/2012:08:27:53 +0530] "POST /kuhsonline/qptrans/login-exec.php HTTP/1.1" 302 - "http://www.kuhas.ac.in/kuhsonline/qptrans/index.php" "Mozilla/5.0 (Windows; U; Windows NT 6.1; en-US; rv:1.9.2.13) Gecko/20101203 Firefox/3.6.13"
117.196.169.62 - - [02/Apr/2012:08:27:54 +0530] "GET /kuhsonline/qptrans/collpage.php HTTP/1.1" 200 1636 "http://www.kuhas.ac.in/kuhsonline/qptrans/index.php" "Mozilla/5.0 (Windows; U; Windows NT 6.1; en-US; rv:1.9.2.13) Gecko/20101203 Firefox/3.6.13"
117.196.169.62 - - [02/Apr/2012:08:27:59 +0530] "GET /kuhsonline/qptrans/dnload.php HTTP/1.1" 200 11906 "http://www.kuhas.ac.in/kuhsonline/qptrans/collpage.php" "Mozilla/5.0 (Windows; U; Windows NT 6.1; en-US; rv:1.9.2.13) Gecko/20101203 Firefox/3.6.13"
117.196.169.62 - - [02/Apr/2012:08:27:59 +0530] "POST /kuhsonline/qptrans/get1.php?q=1 HTTP/1.1" 200 10 "http://www.kuhas.ac.in/kuhsonline/qptrans/dnload.php" "Mozilla/5.0 (Windows; U; Windows NT 6.1; en-US; rv:1.9.2.13) Gecko/20101203 Firefox/3.6.13"
117.211.133.6 - - [02/Apr/2012:08:28:05 +0530] "GET /kuhsonline/main/frame.html HTTP/1.1" 304 - "-" "Mozilla/5.0 (Windows NT 6.1; rv:11.0) Gecko/20100101 Firefox/11.0"
117.196.169.62 - - [02/Apr/2012:08:28:05 +0530] "GET /kuhsonline/main/frame.html HTTP/1.1" 304 - "-" "Mozilla/5.0 (Windows; U; Windows NT 6.1; en-US; rv:1.9.2.13) Gecko/20101203 Firefox/3.6.13"
117.211.133.6 - - [02/Apr/2012:08:28:05 +0530] "GET /kuhsonline/main/head.php HTTP/1.1" 200 1157 "http://kuhas.ac.in/kuhsonline/main/frame.html" "Mozilla/5.0 (Windows NT 6.1; rv:11.0) Gecko/20100101 Firefox/11.0"
117.196.169.62 - - [02/Apr/2012:08:28:05 +0530] "GET /kuhsonline/main/head.php HTTP/1.1" 200 1157 "http://www.kuhas.ac.in/kuhsonline/main/frame.html" "Mozilla/5.0 (Windows; U; Windows NT 6.1; en-US; rv:1.9.2.13) Gecko/20101203 Firefox/3.6.13"
117.211.133.6 - - [02/Apr/2012:08:28:06 +0530] "GET /kuhsonline/css/style.css HTTP/1.1" 304 - "http://kuhas.ac.in/kuhsonline/main/head.php" "Mozilla/5.0 (Windows NT 6.1; rv:11.0) Gecko/20100101 Firefox/11.0"
117.196.169.62 - - [02/Apr/2012:08:28:06 +0530] "GET /kuhsonline/css/style.css HTTP/1.1" 304 - "http://www.kuhas.ac.in/kuhsonline/main/head.php" "Mozilla/5.0 (Windows; U; Windows NT 6.1; en-US; rv:1.9.2.13) Gecko/20101203 Firefox/3.6.13"
117.211.133.6 - - [02/Apr/2012:08:28:06 +0530] "GET /kuhsonline/css/loginmodule.css HTTP/1.1" 304 - "http://kuhas.ac.in/kuhsonline/qptrans/dnload.php" "Mozilla/5.0 (Windows NT 6.1; rv:11.0) Gecko/20100101 Firefox/11.0"
117.211.133.6 - - [02/Apr/2012:08:28:05 +0530] "GET /kuhsonline/qptrans/dnload.php HTTP/1.1" 200 11905 "http://kuhas.ac.in/kuhsonline/qptrans/collpage.php" "Mozilla/5.0 (Windows NT 6.1; rv:11.0) Gecko/20100101 Firefox/11.0"
117.211.133.6 - - [02/Apr/2012:08:28:06 +0530] "GET /kuhsonline/css/css2.css HTTP/1.1" 304 - "http://kuhas.ac.in/kuhsonline/qptrans/dnload.php" "Mozilla/5.0 (Windows NT 6.1; rv:11.0) Gecko/20100101 Firefox/11.0"
117.211.133.6 - - [02/Apr/2012:08:28:06 +0530] "GET /kuhsonline/js/myjslib.js HTTP/1.1" 304 - "http://kuhas.ac.in/kuhsonline/qptrans/dnload.php" "Mozilla/5.0 (Windows NT 6.1; rv:11.0) Gecko/20100101 Firefox/11.0"
117.211.133.6 - - [02/Apr/2012:08:28:06 +0530] "GET /kuhsonline/images/cap_logo.jpg HTTP/1.1" 304 - "http://kuhas.ac.in/kuhsonline/main/head.php" "Mozilla/5.0 (Windows NT 6.1; rv:11.0) Gecko/20100101 Firefox/11.0"
117.196.169.62 - - [02/Apr/2012:08:28:06 +0530] "GET /kuhsonline/images/cap_logo.jpg HTTP/1.1" 304 - "http://www.kuhas.ac.in/kuhsonline/main/head.php" "Mozilla/5.0 (Windows; U; Windows NT 6.1; en-US; rv:1.9.2.13) Gecko/20101203 Firefox/3.6.13"
117.211.133.6 - - [02/Apr/2012:08:28:06 +0530] "GET /kuhsonline/images/pleasewait.gif HTTP/1.1" 304 - "http://kuhas.ac.in/kuhsonline/qptrans/dnload.php" "Mozilla/5.0 (Windows NT 6.1; rv:11.0) Gecko/20100101 Firefox/11.0"
117.196.169.62 - - [02/Apr/2012:08:28:05 +0530] "GET /kuhsonline/qptrans/dnload.php HTTP/1.1" 200 11905 "http://www.kuhas.ac.in/kuhsonline/qptrans/collpage.php" "Mozilla/5.0 (Windows; U; Windows NT 6.1; en-US; rv:1.9.2.13) Gecko/20101203 Firefox/3.6.13"
117.211.133.6 - - [02/Apr/2012:08:28:06 +0530] "POST /kuhsonline/qptrans/get1.php?q=1 HTTP/1.1" 200 10 "http://kuhas.ac.in/kuhsonline/qptrans/dnload.php" "Mozilla/5.0 (Windows NT 6.1; rv:11.0) Gecko/20100101 Firefox/11.0"
117.196.169.62 - - [02/Apr/2012:08:28:06 +0530] "GET /kuhsonline/css/loginmodule.css HTTP/1.1" 304 - "http://www.kuhas.ac.in/kuhsonline/qptrans/dnload.php" "Mozilla/5.0 (Windows; U; Windows NT 6.1; en-US; rv:1.9.2.13) Gecko/20101203 Firefox/3.6.13"
117.196.169.62 - - [02/Apr/2012:08:28:06 +0530] "GET /kuhsonline/css/css2.css HTTP/1.1" 304 - "http://www.kuhas.ac.in/kuhsonline/qptrans/dnload.php" "Mozilla/5.0 (Windows; U; Windows NT 6.1; en-US; rv:1.9.2.13) Gecko/20101203 Firefox/3.6.13"
117.196.169.62 - - [02/Apr/2012:08:28:06 +0530] "GET /kuhsonline/js/myjslib.js HTTP/1.1" 304 - "http://www.kuhas.ac.in/kuhsonline/qptrans/dnload.php" "Mozilla/5.0 (Windows; U; Windows NT 6.1; en-US; rv:1.9.2.13) Gecko/20101203 Firefox/3.6.13"
117.196.169.62 - - [02/Apr/2012:08:28:06 +0530] "GET /kuhsonline/images/pleasewait.gif HTTP/1.1" 304 - "http://www.kuhas.ac.in/kuhsonline/qptrans/dnload.php" "Mozilla/5.0 (Windows; U; Windows NT 6.1; en-US; rv:1.9.2.13) Gecko/20101203 Firefox/3.6.13"
117.196.169.62 - - [02/Apr/2012:08:28:06 +0530] "POST /kuhsonline/qptrans/get1.php?q=1 HTTP/1.1" 200 10 "http://www.kuhas.ac.in/kuhsonline/qptrans/dnload.php" "Mozilla/5.0 (Windows; U; Windows NT 6.1; en-US; rv:1.9.2.13) Gecko/20101203 Firefox/3.6.13"
59.90.167.4 - - [02/Apr/2012:08:28:07 +0530] "GET /kuhsonline/qptrans/dnload.php HTTP/1.1" 200 11905 "-" "Mozilla/5.0 (Windows NT 6.1; rv:11.0) Gecko/20100101 Firefox/11.0"
59.90.167.4 - - [02/Apr/2012:08:28:08 +0530] "GET /kuhsonline/css/loginmodule.css HTTP/1.1" 304 - "http://www.kuhas.ac.in/kuhsonline/qptrans/dnload.php" "Mozilla/5.0 (Windows NT 6.1; rv:11.0) Gecko/20100101 Firefox/11.0"
59.90.167.4 - - [02/Apr/2012:08:28:08 +0530] "GET /kuhsonline/css/css2.css HTTP/1.1" 304 - "http://www.kuhas.ac.in/kuhsonline/qptrans/dnload.php" "Mozilla/5.0 (Windows NT 6.1; rv:11.0) Gecko/20100101 Firefox/11.0"
59.90.167.4 - - [02/Apr/2012:08:28:08 +0530] "GET /kuhsonline/js/myjslib.js HTTP/1.1" 304 - "http://www.kuhas.ac.in/kuhsonline/qptrans/dnload.php" "Mozilla/5.0 (Windows NT 6.1; rv:11.0) Gecko/20100101 Firefox/11.0"
59.90.167.4 - - [02/Apr/2012:08:28:08 +0530] "GET /kuhsonline/images/pleasewait.gif HTTP/1.1" 304 - "http://www.kuhas.ac.in/kuhsonline/qptrans/dnload.php" "Mozilla/5.0 (Windows NT 6.1; rv:11.0) Gecko/20100101 Firefox/11.0"
59.90.167.4 - - [02/Apr/2012:08:28:08 +0530] "POST /kuhsonline/qptrans/get1.php?q=1 HTTP/1.1" 200 10 "http://www.kuhas.ac.in/kuhsonline/qptrans/dnload.php" "Mozilla/5.0 (Windows NT 6.1; rv:11.0) Gecko/20100101 Firefox/11.0"
117.204.90.120 - - [02/Apr/2012:08:28:13 +0530] "GET /kuhsonline/qptrans/dnload.php HTTP/1.1" 200 11906 "http://kuhas.ac.in/kuhsonline/qptrans/collpage.php" "Mozilla/5.0 (Windows NT 6.1; rv:5.0.1) Gecko/20100101 Firefox/5.0.1"
117.204.90.120 - - [02/Apr/2012:08:28:15 +0530] "GET /kuhsonline/css/loginmodule.css HTTP/1.1" 304 - "http://kuhas.ac.in/kuhsonline/qptrans/dnload.php" "Mozilla/5.0 (Windows NT 6.1; rv:5.0.1) Gecko/20100101 Firefox/5.0.1"
117.204.90.120 - - [02/Apr/2012:08:28:15 +0530] "GET /kuhsonline/css/css2.css HTTP/1.1" 304 - "http://kuhas.ac.in/kuhsonline/qptrans/dnload.php" "Mozilla/5.0 (Windows NT 6.1; rv:5.0.1) Gecko/20100101 Firefox/5.0.1"
117.204.90.120 - - [02/Apr/2012:08:28:15 +0530] "GET /kuhsonline/js/myjslib.js HTTP/1.1" 304 - "http://kuhas.ac.in/kuhsonline/qptrans/dnload.php" "Mozilla/5.0 (Windows NT 6.1; rv:5.0.1) Gecko/20100101 Firefox/5.0.1"
117.204.90.120 - - [02/Apr/2012:08:28:15 +0530] "GET /kuhsonline/images/pleasewait.gif HTTP/1.1" 304 - "http://kuhas.ac.in/kuhsonline/qptrans/dnload.php" "Mozilla/5.0 (Windows NT 6.1; rv:5.0.1) Gecko/20100101 Firefox/5.0.1"
117.204.90.120 - - [02/Apr/2012:08:28:15 +0530] "POST /kuhsonline/qptrans/get1.php?q=1 HTTP/1.1" 200 10 "http://kuhas.ac.in/kuhsonline/qptrans/dnload.php" "Mozilla/5.0 (Windows NT 6.1; rv:5.0.1) Gecko/20100101 Firefox/5.0.1"
106.66.92.63 - - [02/Apr/2012:08:28:21 +0530] "GET /kuhsonline/ HTTP/1.1" 302 80 "-" "Mozilla/5.0 (Windows NT 6.1; rv:6.0) Gecko/20100101 Firefox/6.0"
106.66.92.63 - - [02/Apr/2012:08:28:21 +0530] "GET /kuhsonline/main/head.php HTTP/1.1" 200 1157 "http://www.kuhas.ac.in/kuhsonline/main/frame.html" "Mozilla/5.0 (Windows NT 6.1; rv:6.0) Gecko/20100101 Firefox/6.0"
106.66.92.63 - - [02/Apr/2012:08:28:21 +0530] "GET /kuhsonline/main/maincap.php HTTP/1.1" 302 - "http://www.kuhas.ac.in/kuhsonline/main/frame.html" "Mozilla/5.0 (Windows NT 6.1; rv:6.0) Gecko/20100101 Firefox/6.0"
106.66.92.63 - - [02/Apr/2012:08:28:22 +0530] "GET /kuhsonline/main/login.php HTTP/1.1" 200 5038 "http://www.kuhas.ac.in/kuhsonline/main/frame.html" "Mozilla/5.0 (Windows NT 6.1; rv:6.0) Gecko/20100101 Firefox/6.0"
106.66.92.63 - - [02/Apr/2012:08:28:22 +0530] "GET /kuhsonline/images/newimage.png HTTP/1.1" 404 613 "http://www.kuhas.ac.in/kuhsonline/main/login.php" "Mozilla/5.0 (Windows NT 6.1; rv:6.0) Gecko/20100101 Firefox/6.0"
117.211.75.52 - - [02/Apr/2012:08:28:33 +0530] "GET /kuhsonline/qptrans/dnload.php HTTP/1.1" 200 11906 "-" "Mozilla/5.0 (Windows; U; Windows NT 5.1; en-US; rv:1.9.2.28) Gecko/20120306 Firefox/3.6.28"
117.211.75.52 - - [02/Apr/2012:08:28:33 +0530] "GET /kuhsonline/css/loginmodule.css HTTP/1.1" 304 - "http://kuhas.ac.in/kuhsonline/qptrans/dnload.php" "Mozilla/5.0 (Windows; U; Windows NT 5.1; en-US; rv:1.9.2.28) Gecko/20120306 Firefox/3.6.28"
117.211.75.52 - - [02/Apr/2012:08:28:33 +0530] "GET /kuhsonline/css/css2.css HTTP/1.1" 304 - "http://kuhas.ac.in/kuhsonline/qptrans/dnload.php" "Mozilla/5.0 (Windows; U; Windows NT 5.1; en-US; rv:1.9.2.28) Gecko/20120306 Firefox/3.6.28"
117.211.75.52 - - [02/Apr/2012:08:28:33 +0530] "GET /kuhsonline/js/myjslib.js HTTP/1.1" 304 - "http://kuhas.ac.in/kuhsonline/qptrans/dnload.php" "Mozilla/5.0 (Windows; U; Windows NT 5.1; en-US; rv:1.9.2.28) Gecko/20120306 Firefox/3.6.28"
117.211.75.52 - - [02/Apr/2012:08:28:33 +0530] "GET /kuhsonline/images/pleasewait.gif HTTP/1.1" 304 - "http://kuhas.ac.in/kuhsonline/qptrans/dnload.php" "Mozilla/5.0 (Windows; U; Windows NT 5.1; en-US; rv:1.9.2.28) Gecko/20120306 Firefox/3.6.28"
117.211.75.52 - - [02/Apr/2012:08:28:34 +0530] "POST /kuhsonline/qptrans/get1.php?q=1 HTTP/1.1" 200 10 "http://kuhas.ac.in/kuhsonline/qptrans/dnload.php" "Mozilla/5.0 (Windows; U; Windows NT 5.1; en-US; rv:1.9.2.28) Gecko/20120306 Firefox/3.6.28"
106.66.92.63 - - [02/Apr/2012:08:28:36 +0530] "POST /kuhsonline/main/logincheck.php HTTP/1.1" 200 254 "http://www.kuhas.ac.in/kuhsonline/main/login.php" "Mozilla/5.0 (Windows NT 6.1; rv:6.0) Gecko/20100101 Firefox/6.0"
106.66.92.63 - - [02/Apr/2012:08:28:37 +0530] "GET /kuhsonline/main/maincap.php HTTP/1.1" 200 4041 "http://www.kuhas.ac.in/kuhsonline/main/logincheck.php" "Mozilla/5.0 (Windows NT 6.1; rv:6.0) Gecko/20100101 Firefox/6.0"
106.66.92.63 - - [02/Apr/2012:08:28:39 +0530] "GET /kuhsonline/qptrans/index.php HTTP/1.1" 200 2732 "http://www.kuhas.ac.in/kuhsonline/main/maincap.php" "Mozilla/5.0 (Windows NT 6.1; rv:6.0) Gecko/20100101 Firefox/6.0"
117.211.75.54 - - [02/Apr/2012:08:28:43 +0530] "GET /kuhsonline/main/head.php HTTP/1.1" 200 1157 "http://kuhas.ac.in/kuhsonline/main/frame.html" "Mozilla/5.0 (Windows NT 6.1; rv:5.0.1) Gecko/20100101 Firefox/5.0.1"
117.211.75.54 - - [02/Apr/2012:08:28:43 +0530] "GET /kuhsonline/main/maincap.php HTTP/1.1" 302 - "http://kuhas.ac.in/kuhsonline/main/frame.html" "Mozilla/5.0 (Windows NT 6.1; rv:5.0.1) Gecko/20100101 Firefox/5.0.1"
117.211.75.54 - - [02/Apr/2012:08:28:43 +0530] "GET /kuhsonline/main/login.php HTTP/1.1" 200 5037 "http://kuhas.ac.in/kuhsonline/main/frame.html" "Mozilla/5.0 (Windows NT 6.1; rv:5.0.1) Gecko/20100101 Firefox/5.0.1"
117.211.75.54 - - [02/Apr/2012:08:28:43 +0530] "GET /kuhsonline/main/head.php HTTP/1.1" 200 1157 "http://kuhas.ac.in/kuhsonline/main/frame.html" "Mozilla/5.0 (Windows NT 6.1; rv:5.0.1) Gecko/20100101 Firefox/5.0.1"
117.211.75.54 - - [02/Apr/2012:08:28:43 +0530] "GET /kuhsonline/main/maincap.php HTTP/1.1" 302 - "http://kuhas.ac.in/kuhsonline/main/frame.html" "Mozilla/5.0 (Windows NT 6.1; rv:5.0.1) Gecko/20100101 Firefox/5.0.1"
117.211.75.54 - - [02/Apr/2012:08:28:44 +0530] "GET /kuhsonline/images/newimage.png HTTP/1.1" 404 613 "http://kuhas.ac.in/kuhsonline/main/login.php" "Mozilla/5.0 (Windows NT 6.1; rv:5.0.1) Gecko/20100101 Firefox/5.0.1"
117.211.75.54 - - [02/Apr/2012:08:28:44 +0530] "GET /kuhsonline/main/login.php HTTP/1.1" 200 5037 "http://kuhas.ac.in/kuhsonline/main/frame.html" "Mozilla/5.0 (Windows NT 6.1; rv:5.0.1) Gecko/20100101 Firefox/5.0.1"
117.211.75.54 - - [02/Apr/2012:08:28:44 +0530] "GET /kuhsonline/images/newimage.png HTTP/1.1" 404 613 "http://kuhas.ac.in/kuhsonline/main/login.php" "Mozilla/5.0 (Windows NT 6.1; rv:5.0.1) Gecko/20100101 Firefox/5.0.1"
117.211.75.52 - - [02/Apr/2012:08:28:47 +0530] "GET /kuhsonline/qptrans/dnload.php HTTP/1.1" 200 11906 "-" "Mozilla/5.0 (Windows; U; Windows NT 5.1; en-US; rv:1.9.1.5) Gecko/20091102 Firefox/3.5.5"
117.211.75.52 - - [02/Apr/2012:08:28:47 +0530] "GET /kuhsonline/js/myjslib.js HTTP/1.1" 304 - "http://kuhas.ac.in/kuhsonline/qptrans/dnload.php" "Mozilla/5.0 (Windows; U; Windows NT 5.1; en-US; rv:1.9.1.5) Gecko/20091102 Firefox/3.5.5"
117.211.75.52 - - [02/Apr/2012:08:28:47 +0530] "GET /kuhsonline/css/css2.css HTTP/1.1" 304 - "http://kuhas.ac.in/kuhsonline/qptrans/dnload.php" "Mozilla/5.0 (Windows; U; Windows NT 5.1; en-US; rv:1.9.1.5) Gecko/20091102 Firefox/3.5.5"
117.211.75.52 - - [02/Apr/2012:08:28:47 +0530] "GET /kuhsonline/css/loginmodule.css HTTP/1.1" 304 - "http://kuhas.ac.in/kuhsonline/qptrans/dnload.php" "Mozilla/5.0 (Windows; U; Windows NT 5.1; en-US; rv:1.9.1.5) Gecko/20091102 Firefox/3.5.5"
117.211.75.52 - - [02/Apr/2012:08:28:47 +0530] "GET /kuhsonline/images/pleasewait.gif HTTP/1.1" 304 - "http://kuhas.ac.in/kuhsonline/qptrans/dnload.php" "Mozilla/5.0 (Windows; U; Windows NT 5.1; en-US; rv:1.9.1.5) Gecko/20091102 Firefox/3.5.5"
117.211.75.52 - - [02/Apr/2012:08:28:47 +0530] "POST /kuhsonline/qptrans/get1.php?q=1 HTTP/1.1" 200 10 "http://kuhas.ac.in/kuhsonline/qptrans/dnload.php" "Mozilla/5.0 (Windows; U; Windows NT 5.1; en-US; rv:1.9.1.5) Gecko/20091102 Firefox/3.5.5"
106.66.92.63 - - [02/Apr/2012:08:28:47 +0530] "POST /kuhsonline/qptrans/login-exec.php HTTP/1.1" 302 - "http://www.kuhas.ac.in/kuhsonline/qptrans/index.php" "Mozilla/5.0 (Windows NT 6.1; rv:6.0) Gecko/20100101 Firefox/6.0"
106.66.92.63 - - [02/Apr/2012:08:28:48 +0530] "GET /kuhsonline/qptrans/collpage.php HTTP/1.1" 200 1636 "http://www.kuhas.ac.in/kuhsonline/qptrans/index.php" "Mozilla/5.0 (Windows NT 6.1; rv:6.0) Gecko/20100101 Firefox/6.0"
106.66.92.63 - - [02/Apr/2012:08:28:52 +0530] "GET /kuhsonline/qptrans/dnload.php HTTP/1.1" 200 11906 "http://www.kuhas.ac.in/kuhsonline/qptrans/collpage.php" "Mozilla/5.0 (Windows NT 6.1; rv:6.0) Gecko/20100101 Firefox/6.0"
117.211.133.6 - - [02/Apr/2012:08:29:06 +0530] "GET /kuhsonline/qptrans/dnload.php HTTP/1.1" 200 11905 "-" "Mozilla/5.0 (Windows NT 6.1; rv:11.0) Gecko/20100101 Firefox/11.0"
117.211.133.6 - - [02/Apr/2012:08:29:06 +0530] "GET /kuhsonline/css/loginmodule.css HTTP/1.1" 304 - "http://kuhas.ac.in/kuhsonline/qptrans/dnload.php" "Mozilla/5.0 (Windows NT 6.1; rv:11.0) Gecko/20100101 Firefox/11.0"
117.211.133.6 - - [02/Apr/2012:08:29:06 +0530] "GET /kuhsonline/css/css2.css HTTP/1.1" 304 - "http://kuhas.ac.in/kuhsonline/qptrans/dnload.php" "Mozilla/5.0 (Windows NT 6.1; rv:11.0) Gecko/20100101 Firefox/11.0"
117.211.133.6 - - [02/Apr/2012:08:29:06 +0530] "GET /kuhsonline/js/myjslib.js HTTP/1.1" 304 - "http://kuhas.ac.in/kuhsonline/qptrans/dnload.php" "Mozilla/5.0 (Windows NT 6.1; rv:11.0) Gecko/20100101 Firefox/11.0"
117.211.133.6 - - [02/Apr/2012:08:29:06 +0530] "GET /kuhsonline/images/pleasewait.gif HTTP/1.1" 304 - "http://kuhas.ac.in/kuhsonline/qptrans/dnload.php" "Mozilla/5.0 (Windows NT 6.1; rv:11.0) Gecko/20100101 Firefox/11.0"
117.211.133.6 - - [02/Apr/2012:08:29:07 +0530] "POST /kuhsonline/qptrans/get1.php?q=1 HTTP/1.1" 200 10 "http://kuhas.ac.in/kuhsonline/qptrans/dnload.php" "Mozilla/5.0 (Windows NT 6.1; rv:11.0) Gecko/20100101 Firefox/11.0"
117.196.169.62 - - [02/Apr/2012:08:29:06 +0530] "GET /kuhsonline/qptrans/dnload.php HTTP/1.1" 200 11905 "-" "Mozilla/5.0 (Windows; U; Windows NT 6.1; en-US; rv:1.9.2.13) Gecko/20101203 Firefox/3.6.13"
117.196.169.62 - - [02/Apr/2012:08:29:07 +0530] "GET /kuhsonline/css/loginmodule.css HTTP/1.1" 304 - "http://www.kuhas.ac.in/kuhsonline/qptrans/dnload.php" "Mozilla/5.0 (Windows; U; Windows NT 6.1; en-US; rv:1.9.2.13) Gecko/20101203 Firefox/3.6.13"
117.196.169.62 - - [02/Apr/2012:08:29:07 +0530] "GET /kuhsonline/css/css2.css HTTP/1.1" 304 - "http://www.kuhas.ac.in/kuhsonline/qptrans/dnload.php" "Mozilla/5.0 (Windows; U; Windows NT 6.1; en-US; rv:1.9.2.13) Gecko/20101203 Firefox/3.6.13"
117.196.169.62 - - [02/Apr/2012:08:29:07 +0530] "GET /kuhsonline/js/myjslib.js HTTP/1.1" 304 - "http://www.kuhas.ac.in/kuhsonline/qptrans/dnload.php" "Mozilla/5.0 (Windows; U; Windows NT 6.1; en-US; rv:1.9.2.13) Gecko/20101203 Firefox/3.6.13"
117.196.169.62 - - [02/Apr/2012:08:29:07 +0530] "GET /kuhsonline/images/pleasewait.gif HTTP/1.1" 304 - "http://www.kuhas.ac.in/kuhsonline/qptrans/dnload.php" "Mozilla/5.0 (Windows; U; Windows NT 6.1; en-US; rv:1.9.2.13) Gecko/20101203 Firefox/3.6.13"
117.196.169.62 - - [02/Apr/2012:08:29:07 +0530] "POST /kuhsonline/qptrans/get1.php?q=1 HTTP/1.1" 200 10 "http://www.kuhas.ac.in/kuhsonline/qptrans/dnload.php" "Mozilla/5.0 (Windows; U; Windows NT 6.1; en-US; rv:1.9.2.13) Gecko/20101203 Firefox/3.6.13"
106.66.92.63 - - [02/Apr/2012:08:29:08 +0530] "POST /kuhsonline/qptrans/get1.php?q=1 HTTP/1.1" 200 10 "http://www.kuhas.ac.in/kuhsonline/qptrans/dnload.php" "Mozilla/5.0 (Windows NT 6.1; rv:6.0) Gecko/20100101 Firefox/6.0"
59.90.167.4 - - [02/Apr/2012:08:29:08 +0530] "GET /kuhsonline/qptrans/dnload.php HTTP/1.1" 200 11905 "-" "Mozilla/5.0 (Windows NT 6.1; rv:11.0) Gecko/20100101 Firefox/11.0"
59.90.167.4 - - [02/Apr/2012:08:29:09 +0530] "GET /kuhsonline/css/loginmodule.css HTTP/1.1" 304 - "http://www.kuhas.ac.in/kuhsonline/qptrans/dnload.php" "Mozilla/5.0 (Windows NT 6.1; rv:11.0) Gecko/20100101 Firefox/11.0"
59.90.167.4 - - [02/Apr/2012:08:29:09 +0530] "GET /kuhsonline/css/css2.css HTTP/1.1" 304 - "http://www.kuhas.ac.in/kuhsonline/qptrans/dnload.php" "Mozilla/5.0 (Windows NT 6.1; rv:11.0) Gecko/20100101 Firefox/11.0"
59.90.167.4 - - [02/Apr/2012:08:29:09 +0530] "GET /kuhsonline/js/myjslib.js HTTP/1.1" 304 - "http://www.kuhas.ac.in/kuhsonline/qptrans/dnload.php" "Mozilla/5.0 (Windows NT 6.1; rv:11.0) Gecko/20100101 Firefox/11.0"
59.90.167.4 - - [02/Apr/2012:08:29:09 +0530] "GET /kuhsonline/images/pleasewait.gif HTTP/1.1" 304 - "http://www.kuhas.ac.in/kuhsonline/qptrans/dnload.php" "Mozilla/5.0 (Windows NT 6.1; rv:11.0) Gecko/20100101 Firefox/11.0"
59.90.167.4 - - [02/Apr/2012:08:29:09 +0530] "POST /kuhsonline/qptrans/get1.php?q=1 HTTP/1.1" 200 10 "http://www.kuhas.ac.in/kuhsonline/qptrans/dnload.php" "Mozilla/5.0 (Windows NT 6.1; rv:11.0) Gecko/20100101 Firefox/11.0"
117.204.90.120 - - [02/Apr/2012:08:29:15 +0530] "GET /kuhsonline/qptrans/dnload.php HTTP/1.1" 200 11906 "-" "Mozilla/5.0 (Windows NT 6.1; rv:5.0.1) Gecko/20100101 Firefox/5.0.1"
117.204.90.120 - - [02/Apr/2012:08:29:16 +0530] "GET /kuhsonline/css/loginmodule.css HTTP/1.1" 304 - "http://kuhas.ac.in/kuhsonline/qptrans/dnload.php" "Mozilla/5.0 (Windows NT 6.1; rv:5.0.1) Gecko/20100101 Firefox/5.0.1"
117.204.90.120 - - [02/Apr/2012:08:29:16 +0530] "GET /kuhsonline/css/css2.css HTTP/1.1" 304 - "http://kuhas.ac.in/kuhsonline/qptrans/dnload.php" "Mozilla/5.0 (Windows NT 6.1; rv:5.0.1) Gecko/20100101 Firefox/5.0.1"
117.204.90.120 - - [02/Apr/2012:08:29:16 +0530] "GET /kuhsonline/js/myjslib.js HTTP/1.1" 304 - "http://kuhas.ac.in/kuhsonline/qptrans/dnload.php" "Mozilla/5.0 (Windows NT 6.1; rv:5.0.1) Gecko/20100101 Firefox/5.0.1"
117.204.90.120 - - [02/Apr/2012:08:29:16 +0530] "GET /kuhsonline/images/pleasewait.gif HTTP/1.1" 304 - "http://kuhas.ac.in/kuhsonline/qptrans/dnload.php" "Mozilla/5.0 (Windows NT 6.1; rv:5.0.1) Gecko/20100101 Firefox/5.0.1"
117.204.90.120 - - [02/Apr/2012:08:29:16 +0530] "POST /kuhsonline/qptrans/get1.php?q=1 HTTP/1.1" 200 10 "http://kuhas.ac.in/kuhsonline/qptrans/dnload.php" "Mozilla/5.0 (Windows NT 6.1; rv:5.0.1) Gecko/20100101 Firefox/5.0.1"
117.211.75.52 - - [02/Apr/2012:08:29:34 +0530] "GET /kuhsonline/qptrans/dnload.php HTTP/1.1" 200 11906 "-" "Mozilla/5.0 (Windows; U; Windows NT 5.1; en-US; rv:1.9.2.28) Gecko/20120306 Firefox/3.6.28"
117.211.75.52 - - [02/Apr/2012:08:29:34 +0530] "GET /kuhsonline/css/loginmodule.css HTTP/1.1" 304 - "http://kuhas.ac.in/kuhsonline/qptrans/dnload.php" "Mozilla/5.0 (Windows; U; Windows NT 5.1; en-US; rv:1.9.2.28) Gecko/20120306 Firefox/3.6.28"
117.211.75.52 - - [02/Apr/2012:08:29:34 +0530] "GET /kuhsonline/js/myjslib.js HTTP/1.1" 304 - "http://kuhas.ac.in/kuhsonline/qptrans/dnload.php" "Mozilla/5.0 (Windows; U; Windows NT 5.1; en-US; rv:1.9.2.28) Gecko/20120306 Firefox/3.6.28"
117.211.75.52 - - [02/Apr/2012:08:29:34 +0530] "GET /kuhsonline/css/css2.css HTTP/1.1" 304 - "http://kuhas.ac.in/kuhsonline/qptrans/dnload.php" "Mozilla/5.0 (Windows; U; Windows NT 5.1; en-US; rv:1.9.2.28) Gecko/20120306 Firefox/3.6.28"
