106.66.92.63 - - [02/Apr/2012:08:50:36 +0530] "GET /kuhsonline/main/head.php HTTP/1.1" 200 1157 "http://www.kuhas.ac.in/kuhsonline/main/frame.html" "Mozilla/5.0 (Windows NT 6.1; rv:6.0) Gecko/20100101 Firefox/6.0"
115.184.205.197 - - [02/Apr/2012:08:50:36 +0530] "GET /kuhsonline/qptrans/dnload.php HTTP/1.1" 200 11906 "http://www.kuhas.ac.in/kuhsonline/qptrans/collpage.php" "Mozilla/4.0 (compatible; MSIE 8.0; Windows NT 6.1; Trident/4.0; SLCC2; .NET CLR 2.0.50727; .NET CLR 3.5.30729; .NET CLR 3.0.30729; Media Center PC 6.0; InfoPath.3)"
106.66.92.63 - - [02/Apr/2012:08:50:36 +0530] "GET /kuhsonline/css/style.css HTTP/1.1" 304 - "http://www.kuhas.ac.in/kuhsonline/main/head.php" "Mozilla/5.0 (Windows NT 6.1; rv:6.0) Gecko/20100101 Firefox/6.0"
106.66.92.63 - - [02/Apr/2012:08:50:37 +0530] "GET /kuhsonline/images/cap_logo.jpg HTTP/1.1" 304 - "http://www.kuhas.ac.in/kuhsonline/main/head.php" "Mozilla/5.0 (Windows NT 6.1; rv:6.0) Gecko/20100101 Firefox/6.0"
106.66.92.63 - - [02/Apr/2012:08:50:36 +0530] "GET /kuhsonline/qptrans/dnload.php HTTP/1.1" 200 11906 "http://www.kuhas.ac.in/kuhsonline/qptrans/collpage.php" "Mozilla/5.0 (Windows NT 6.1; rv:6.0) Gecko/20100101 Firefox/6.0"
106.66.92.63 - - [02/Apr/2012:08:50:37 +0530] "GET /kuhsonline/css/loginmodule.css HTTP/1.1" 304 - "http://www.kuhas.ac.in/kuhsonline/qptrans/dnload.php" "Mozilla/5.0 (Windows NT 6.1; rv:6.0) Gecko/20100101 Firefox/6.0"
106.66.92.63 - - [02/Apr/2012:08:50:37 +0530] "GET /kuhsonline/css/css2.css HTTP/1.1" 304 - "http://www.kuhas.ac.in/kuhsonline/qptrans/dnload.php" "Mozilla/5.0 (Windows NT 6.1; rv:6.0) Gecko/20100101 Firefox/6.0"
106.66.92.63 - - [02/Apr/2012:08:50:37 +0530] "GET /kuhsonline/js/myjslib.js HTTP/1.1" 304 - "http://www.kuhas.ac.in/kuhsonline/qptrans/dnload.php" "Mozilla/5.0 (Windows NT 6.1; rv:6.0) Gecko/20100101 Firefox/6.0"
106.66.92.63 - - [02/Apr/2012:08:50:37 +0530] "GET /kuhsonline/images/pleasewait.gif HTTP/1.1" 304 - "http://www.kuhas.ac.in/kuhsonline/qptrans/dnload.php" "Mozilla/5.0 (Windows NT 6.1; rv:6.0) Gecko/20100101 Firefox/6.0"
106.66.92.63 - - [02/Apr/2012:08:50:37 +0530] "POST /kuhsonline/qptrans/get1.php?q=1 HTTP/1.1" 200 10 "http://www.kuhas.ac.in/kuhsonline/qptrans/dnload.php" "Mozilla/5.0 (Windows NT 6.1; rv:6.0) Gecko/20100101 Firefox/6.0"
117.253.194.41 - - [02/Apr/2012:08:50:37 +0530] "GET /kuhsonline/qptrans/get.php?id=download HTTP/1.1" 200 284 "http://www.kuhas.ac.in/kuhsonline/qptrans/dnload.php" "Mozilla/5.0 (Windows NT 6.1; rv:11.0) Gecko/20100101 Firefox/11.0"
117.253.194.41 - - [02/Apr/2012:08:50:38 +0530] "GET /kuhsonline/qptrans/get.php?id=download HTTP/1.1" 200 284 "http://www.kuhas.ac.in/kuhsonline/qptrans/dnload.php" "Mozilla/5.0 (Windows NT 6.1; rv:11.0) Gecko/20100101 Firefox/11.0"
115.184.205.197 - - [02/Apr/2012:08:50:38 +0530] "GET /kuhsonline/images/pleasewait.gif HTTP/1.1" 304 - "http://www.kuhas.ac.in/kuhsonline/qptrans/dnload.php" "Mozilla/4.0 (compatible; MSIE 8.0; Windows NT 6.1; Trident/4.0; SLCC2; .NET CLR 2.0.50727; .NET CLR 3.5.30729; .NET CLR 3.0.30729; Media Center PC 6.0; InfoPath.3)"
115.249.106.74 - - [02/Apr/2012:08:50:38 +0530] "GET /kuhsonline/main/frame.html HTTP/1.1" 304 - "-" "Mozilla/5.0 (Windows NT 6.1; rv:11.0) Gecko/20100101 Firefox/11.0"
117.253.194.41 - - [02/Apr/2012:08:50:38 +0530] "GET /kuhsonline/qptrans/get.php?id=download HTTP/1.1" 200 284 "http://www.kuhas.ac.in/kuhsonline/qptrans/dnload.php" "Mozilla/5.0 (Windows NT 6.1; rv:11.0) Gecko/20100101 Firefox/11.0"
115.249.106.74 - - [02/Apr/2012:08:50:38 +0530] "GET /kuhsonline/main/head.php HTTP/1.1" 200 1157 "http://kuhas.ac.in/kuhsonline/main/frame.html" "Mozilla/5.0 (Windows NT 6.1; rv:11.0) Gecko/20100101 Firefox/11.0"
115.249.106.74 - - [02/Apr/2012:08:50:39 +0530] "GET /kuhsonline/css/style.css HTTP/1.1" 304 - "http://kuhas.ac.in/kuhsonline/main/head.php" "Mozilla/5.0 (Windows NT 6.1; rv:11.0) Gecko/20100101 Firefox/11.0"
115.249.106.74 - - [02/Apr/2012:08:50:39 +0530] "GET /kuhsonline/images/cap_logo.jpg HTTP/1.1" 304 - "http://kuhas.ac.in/kuhsonline/main/head.php" "Mozilla/5.0 (Windows NT 6.1; rv:11.0) Gecko/20100101 Firefox/11.0"
117.253.194.41 - - [02/Apr/2012:08:50:38 +0530] "GET /kuhsonline/qptrans/get.php?id=download HTTP/1.1" 200 284 "http://www.kuhas.ac.in/kuhsonline/qptrans/dnload.php" "Mozilla/5.0 (Windows NT 6.1; rv:11.0) Gecko/20100101 Firefox/11.0"
115.249.106.74 - - [02/Apr/2012:08:50:38 +0530] "GET /kuhsonline/qptrans/dnload.php HTTP/1.1" 200 11906 "http://kuhas.ac.in/kuhsonline/qptrans/collpage.php" "Mozilla/5.0 (Windows NT 6.1; rv:11.0) Gecko/20100101 Firefox/11.0"
117.253.194.41 - - [02/Apr/2012:08:50:39 +0530] "GET /kuhsonline/qptrans/get.php?id=download HTTP/1.1" 200 284 "http://www.kuhas.ac.in/kuhsonline/qptrans/dnload.php" "Mozilla/5.0 (Windows NT 6.1; rv:11.0) Gecko/20100101 Firefox/11.0"
115.249.106.74 - - [02/Apr/2012:08:50:39 +0530] "GET /kuhsonline/css/loginmodule.css HTTP/1.1" 304 - "http://kuhas.ac.in/kuhsonline/qptrans/dnload.php" "Mozilla/5.0 (Windows NT 6.1; rv:11.0) Gecko/20100101 Firefox/11.0"
115.249.106.74 - - [02/Apr/2012:08:50:39 +0530] "GET /kuhsonline/js/myjslib.js HTTP/1.1" 304 - "http://kuhas.ac.in/kuhsonline/qptrans/dnload.php" "Mozilla/5.0 (Windows NT 6.1; rv:11.0) Gecko/20100101 Firefox/11.0"
115.249.106.74 - - [02/Apr/2012:08:50:39 +0530] "GET /kuhsonline/css/css2.css HTTP/1.1" 304 - "http://kuhas.ac.in/kuhsonline/qptrans/dnload.php" "Mozilla/5.0 (Windows NT 6.1; rv:11.0) Gecko/20100101 Firefox/11.0"
115.249.106.74 - - [02/Apr/2012:08:50:39 +0530] "GET /kuhsonline/images/pleasewait.gif HTTP/1.1" 304 - "http://kuhas.ac.in/kuhsonline/qptrans/dnload.php" "Mozilla/5.0 (Windows NT 6.1; rv:11.0) Gecko/20100101 Firefox/11.0"
115.184.205.197 - - [02/Apr/2012:08:50:39 +0530] "POST /kuhsonline/qptrans/get1.php?q=1 HTTP/1.1" 200 10 "http://www.kuhas.ac.in/kuhsonline/qptrans/dnload.php" "Mozilla/4.0 (compatible; MSIE 8.0; Windows NT 6.1; Trident/4.0; SLCC2; .NET CLR 2.0.50727; .NET CLR 3.5.30729; .NET CLR 3.0.30729; Media Center PC 6.0; InfoPath.3)"
115.249.106.74 - - [02/Apr/2012:08:50:39 +0530] "POST /kuhsonline/qptrans/get1.php?q=1 HTTP/1.1" 200 10 "http://kuhas.ac.in/kuhsonline/qptrans/dnload.php" "Mozilla/5.0 (Windows NT 6.1; rv:11.0) Gecko/20100101 Firefox/11.0"
117.211.133.6 - - [02/Apr/2012:08:50:40 +0530] "GET /kuhsonline/qptrans/get.php?id=download HTTP/1.1" 200 284 "http://kuhas.ac.in/kuhsonline/qptrans/dnload.php" "Mozilla/5.0 (Windows NT 6.1; rv:11.0) Gecko/20100101 Firefox/11.0"
117.253.194.41 - - [02/Apr/2012:08:50:42 +0530] "GET /kuhsonline/main/frame.html HTTP/1.1" 304 - "-" "Mozilla/5.0 (Windows NT 6.1; rv:11.0) Gecko/20100101 Firefox/11.0"
117.253.194.41 - - [02/Apr/2012:08:50:42 +0530] "GET /kuhsonline/main/head.php HTTP/1.1" 200 1157 "http://www.kuhas.ac.in/kuhsonline/main/frame.html" "Mozilla/5.0 (Windows NT 6.1; rv:11.0) Gecko/20100101 Firefox/11.0"
117.253.194.41 - - [02/Apr/2012:08:50:42 +0530] "GET /kuhsonline/css/style.css HTTP/1.1" 304 - "http://www.kuhas.ac.in/kuhsonline/main/head.php" "Mozilla/5.0 (Windows NT 6.1; rv:11.0) Gecko/20100101 Firefox/11.0"
117.253.194.41 - - [02/Apr/2012:08:50:42 +0530] "GET /kuhsonline/images/cap_logo.jpg HTTP/1.1" 304 - "http://www.kuhas.ac.in/kuhsonline/main/head.php" "Mozilla/5.0 (Windows NT 6.1; rv:11.0) Gecko/20100101 Firefox/11.0"
115.184.205.197 - - [02/Apr/2012:08:50:42 +0530] "GET /kuhsonline/qptrans/get.php?id=download HTTP/1.1" 200 284 "http://www.kuhas.ac.in/kuhsonline/qptrans/dnload.php" "Mozilla/4.0 (compatible; MSIE 8.0; Windows NT 6.1; Trident/4.0; SLCC2; .NET CLR 2.0.50727; .NET CLR 3.5.30729; .NET CLR 3.0.30729; Media Center PC 6.0; InfoPath.3)"
117.253.194.41 - - [02/Apr/2012:08:50:42 +0530] "GET /kuhsonline/qptrans/dnload.php HTTP/1.1" 200 11906 "http://www.kuhas.ac.in/kuhsonline/qptrans/collpage.php" "Mozilla/5.0 (Windows NT 6.1; rv:11.0) Gecko/20100101 Firefox/11.0"
117.253.194.41 - - [02/Apr/2012:08:50:42 +0530] "GET /kuhsonline/css/css2.css HTTP/1.1" 304 - "http://www.kuhas.ac.in/kuhsonline/qptrans/dnload.php" "Mozilla/5.0 (Windows NT 6.1; rv:11.0) Gecko/20100101 Firefox/11.0"
117.253.194.41 - - [02/Apr/2012:08:50:42 +0530] "GET /kuhsonline/css/loginmodule.css HTTP/1.1" 304 - "http://www.kuhas.ac.in/kuhsonline/qptrans/dnload.php" "Mozilla/5.0 (Windows NT 6.1; rv:11.0) Gecko/20100101 Firefox/11.0"
117.253.194.41 - - [02/Apr/2012:08:50:42 +0530] "GET /kuhsonline/js/myjslib.js HTTP/1.1" 304 - "http://www.kuhas.ac.in/kuhsonline/qptrans/dnload.php" "Mozilla/5.0 (Windows NT 6.1; rv:11.0) Gecko/20100101 Firefox/11.0"
117.253.194.41 - - [02/Apr/2012:08:50:42 +0530] "GET /kuhsonline/images/pleasewait.gif HTTP/1.1" 304 - "http://www.kuhas.ac.in/kuhsonline/qptrans/dnload.php" "Mozilla/5.0 (Windows NT 6.1; rv:11.0) Gecko/20100101 Firefox/11.0"
117.253.194.41 - - [02/Apr/2012:08:50:43 +0530] "POST /kuhsonline/qptrans/get1.php?q=1 HTTP/1.1" 200 10 "http://www.kuhas.ac.in/kuhsonline/qptrans/dnload.php" "Mozilla/5.0 (Windows NT 6.1; rv:11.0) Gecko/20100101 Firefox/11.0"
59.98.104.122 - - [02/Apr/2012:08:50:43 +0530] "POST /kuhsonline/qptrans/login-exec.php HTTP/1.1" 302 - "http://kuhas.ac.in/kuhsonline/qptrans/index.php" "Mozilla/5.0 (Windows; U; Windows NT 6.1; en-US; rv:1.9.1.7) Gecko/20091221 BRI/1 Firefox/3.5.7"
59.98.104.122 - - [02/Apr/2012:08:50:43 +0530] "GET /kuhsonline/qptrans/collpage.php HTTP/1.1" 200 1636 "http://kuhas.ac.in/kuhsonline/qptrans/index.php" "Mozilla/5.0 (Windows; U; Windows NT 6.1; en-US; rv:1.9.1.7) Gecko/20091221 BRI/1 Firefox/3.5.7"
117.253.194.41 - - [02/Apr/2012:08:50:44 +0530] "GET /kuhsonline/qptrans/get.php?id=download HTTP/1.1" 200 284 "http://www.kuhas.ac.in/kuhsonline/qptrans/dnload.php" "Mozilla/5.0 (Windows NT 6.1; rv:11.0) Gecko/20100101 Firefox/11.0"
117.211.75.54 - - [02/Apr/2012:08:50:44 +0530] "GET /kuhsonline/qptrans/get.php?id=download HTTP/1.1" 200 284 "http://kuhas.ac.in/kuhsonline/qptrans/dnload.php" "Mozilla/5.0 (Windows NT 6.1; rv:5.0.1) Gecko/20100101 Firefox/5.0.1"
117.211.75.52 - - [02/Apr/2012:08:50:45 +0530] "GET /kuhsonline/main/frame.html HTTP/1.1" 304 - "-" "Mozilla/5.0 (Windows; U; Windows NT 5.1; en-US; rv:1.9.1.5) Gecko/20091102 Firefox/3.5.5"
117.253.194.41 - - [02/Apr/2012:08:50:45 +0530] "GET /kuhsonline/qptrans/get.php?id=download HTTP/1.1" 200 284 "http://www.kuhas.ac.in/kuhsonline/qptrans/dnload.php" "Mozilla/5.0 (Windows NT 6.1; rv:11.0) Gecko/20100101 Firefox/11.0"
117.211.75.52 - - [02/Apr/2012:08:50:45 +0530] "GET /kuhsonline/main/head.php HTTP/1.1" 200 1157 "http://kuhas.ac.in/kuhsonline/main/frame.html" "Mozilla/5.0 (Windows; U; Windows NT 5.1; en-US; rv:1.9.1.5) Gecko/20091102 Firefox/3.5.5"
117.211.75.52 - - [02/Apr/2012:08:50:46 +0530] "GET /kuhsonline/css/style.css HTTP/1.1" 304 - "http://kuhas.ac.in/kuhsonline/main/head.php" "Mozilla/5.0 (Windows; U; Windows NT 5.1; en-US; rv:1.9.1.5) Gecko/20091102 Firefox/3.5.5"
117.211.75.52 - - [02/Apr/2012:08:50:46 +0530] "GET /kuhsonline/images/cap_logo.jpg HTTP/1.1" 304 - "http://kuhas.ac.in/kuhsonline/main/head.php" "Mozilla/5.0 (Windows; U; Windows NT 5.1; en-US; rv:1.9.1.5) Gecko/20091102 Firefox/3.5.5"
117.211.75.52 - - [02/Apr/2012:08:50:46 +0530] "GET /kuhsonline/css/loginmodule.css HTTP/1.1" 304 - "http://kuhas.ac.in/kuhsonline/qptrans/dnload.php" "Mozilla/5.0 (Windows; U; Windows NT 5.1; en-US; rv:1.9.1.5) Gecko/20091102 Firefox/3.5.5"
117.211.75.52 - - [02/Apr/2012:08:50:45 +0530] "GET /kuhsonline/qptrans/dnload.php HTTP/1.1" 200 11906 "http://kuhas.ac.in/kuhsonline/qptrans/collpage.php" "Mozilla/5.0 (Windows; U; Windows NT 5.1; en-US; rv:1.9.1.5) Gecko/20091102 Firefox/3.5.5"
117.211.75.52 - - [02/Apr/2012:08:50:46 +0530] "GET /kuhsonline/css/css2.css HTTP/1.1" 304 - "http://kuhas.ac.in/kuhsonline/qptrans/dnload.php" "Mozilla/5.0 (Windows; U; Windows NT 5.1; en-US; rv:1.9.1.5) Gecko/20091102 Firefox/3.5.5"
117.211.75.52 - - [02/Apr/2012:08:50:46 +0530] "GET /kuhsonline/js/myjslib.js HTTP/1.1" 304 - "http://kuhas.ac.in/kuhsonline/qptrans/dnload.php" "Mozilla/5.0 (Windows; U; Windows NT 5.1; en-US; rv:1.9.1.5) Gecko/20091102 Firefox/3.5.5"
117.211.75.52 - - [02/Apr/2012:08:50:46 +0530] "GET /kuhsonline/images/pleasewait.gif HTTP/1.1" 304 - "http://kuhas.ac.in/kuhsonline/qptrans/dnload.php" "Mozilla/5.0 (Windows; U; Windows NT 5.1; en-US; rv:1.9.1.5) Gecko/20091102 Firefox/3.5.5"
117.253.194.41 - - [02/Apr/2012:08:50:46 +0530] "GET /kuhsonline/qptrans/get.php?id=download HTTP/1.1" 200 284 "http://www.kuhas.ac.in/kuhsonline/qptrans/dnload.php" "Mozilla/5.0 (Windows NT 6.1; rv:11.0) Gecko/20100101 Firefox/11.0"
117.211.75.52 - - [02/Apr/2012:08:50:46 +0530] "POST /kuhsonline/qptrans/get1.php?q=1 HTTP/1.1" 200 10 "http://kuhas.ac.in/kuhsonline/qptrans/dnload.php" "Mozilla/5.0 (Windows; U; Windows NT 5.1; en-US; rv:1.9.1.5) Gecko/20091102 Firefox/3.5.5"
117.253.194.41 - - [02/Apr/2012:08:50:46 +0530] "GET /kuhsonline/qptrans/get.php?id=download HTTP/1.1" 200 284 "http://www.kuhas.ac.in/kuhsonline/qptrans/dnload.php" "Mozilla/5.0 (Windows NT 6.1; rv:11.0) Gecko/20100101 Firefox/11.0"
117.253.194.41 - - [02/Apr/2012:08:50:46 +0530] "GET /kuhsonline/qptrans/get.php?id=download HTTP/1.1" 200 284 "http://www.kuhas.ac.in/kuhsonline/qptrans/dnload.php" "Mozilla/5.0 (Windows NT 6.1; rv:11.0) Gecko/20100101 Firefox/11.0"
117.253.194.41 - - [02/Apr/2012:08:50:46 +0530] "GET /kuhsonline/qptrans/get.php?id=download HTTP/1.1" 200 284 "http://www.kuhas.ac.in/kuhsonline/qptrans/dnload.php" "Mozilla/5.0 (Windows NT 6.1; rv:11.0) Gecko/20100101 Firefox/11.0"
117.253.194.41 - - [02/Apr/2012:08:50:47 +0530] "GET /kuhsonline/qptrans/get.php?id=download HTTP/1.1" 200 284 "http://www.kuhas.ac.in/kuhsonline/qptrans/dnload.php" "Mozilla/5.0 (Windows NT 6.1; rv:11.0) Gecko/20100101 Firefox/11.0"
117.207.199.48 - - [02/Apr/2012:08:50:48 +0530] "GET /kuhsonline/qptrans/get.php?id=download HTTP/1.1" 200 284 "http://kuhas.ac.in/kuhsonline/qptrans/dnload.php" "Mozilla/5.0 (Windows NT 6.1; rv:7.0.1) Gecko/20100101 Firefox/7.0.1"
59.98.104.122 - - [02/Apr/2012:08:50:49 +0530] "GET /kuhsonline/qptrans/dnload.php HTTP/1.1" 200 11906 "http://kuhas.ac.in/kuhsonline/qptrans/collpage.php" "Mozilla/5.0 (Windows; U; Windows NT 6.1; en-US; rv:1.9.1.7) Gecko/20091221 BRI/1 Firefox/3.5.7"
59.98.104.122 - - [02/Apr/2012:08:50:50 +0530] "POST /kuhsonline/qptrans/get1.php?q=1 HTTP/1.1" 200 10 "http://kuhas.ac.in/kuhsonline/qptrans/dnload.php" "Mozilla/5.0 (Windows; U; Windows NT 6.1; en-US; rv:1.9.1.7) Gecko/20091221 BRI/1 Firefox/3.5.7"
117.211.75.64 - - [02/Apr/2012:08:50:52 +0530] "GET /kuhsonline/main/frame.html HTTP/1.1" 304 - "-" "Mozilla/5.0 (Windows NT 6.1; rv:11.0) Gecko/20100101 Firefox/11.0"
117.211.75.64 - - [02/Apr/2012:08:50:52 +0530] "GET /kuhsonline/main/frame.html HTTP/1.1" 304 - "-" "Mozilla/5.0 (Windows NT 6.1; rv:11.0) Gecko/20100101 Firefox/11.0"
117.211.75.64 - - [02/Apr/2012:08:50:52 +0530] "GET /kuhsonline/main/frame.html HTTP/1.1" 304 - "-" "Mozilla/5.0 (Windows NT 6.1; rv:11.0) Gecko/20100101 Firefox/11.0"
117.211.75.64 - - [02/Apr/2012:08:50:52 +0530] "GET /kuhsonline/main/frame.html HTTP/1.1" 304 - "-" "Mozilla/5.0 (Windows NT 6.1; rv:11.0) Gecko/20100101 Firefox/11.0"
117.211.75.64 - - [02/Apr/2012:08:50:52 +0530] "GET /kuhsonline/main/head.php HTTP/1.1" 200 1157 "http://kuhas.ac.in/kuhsonline/main/frame.html" "Mozilla/5.0 (Windows NT 6.1; rv:11.0) Gecko/20100101 Firefox/11.0"
117.211.75.64 - - [02/Apr/2012:08:50:53 +0530] "GET /kuhsonline/main/frame.html HTTP/1.1" 304 - "-" "Mozilla/5.0 (Windows NT 6.1; rv:11.0) Gecko/20100101 Firefox/11.0"
117.211.75.64 - - [02/Apr/2012:08:50:52 +0530] "GET /kuhsonline/qptrans/dnload.php HTTP/1.1" 200 11906 "http://kuhas.ac.in/kuhsonline/qptrans/collpage.php" "Mozilla/5.0 (Windows NT 6.1; rv:11.0) Gecko/20100101 Firefox/11.0"
117.211.75.64 - - [02/Apr/2012:08:50:53 +0530] "GET /kuhsonline/images/cap_logo.jpg HTTP/1.1" 304 - "http://kuhas.ac.in/kuhsonline/main/head.php" "Mozilla/5.0 (Windows NT 6.1; rv:11.0) Gecko/20100101 Firefox/11.0"
117.211.75.64 - - [02/Apr/2012:08:50:53 +0530] "GET /kuhsonline/main/head.php HTTP/1.1" 200 1157 "http://kuhas.ac.in/kuhsonline/main/frame.html" "Mozilla/5.0 (Windows NT 6.1; rv:11.0) Gecko/20100101 Firefox/11.0"
117.211.75.64 - - [02/Apr/2012:08:50:53 +0530] "GET /kuhsonline/css/loginmodule.css HTTP/1.1" 304 - "http://kuhas.ac.in/kuhsonline/qptrans/dnload.php" "Mozilla/5.0 (Windows NT 6.1; rv:11.0) Gecko/20100101 Firefox/11.0"
117.211.75.64 - - [02/Apr/2012:08:50:53 +0530] "GET /kuhsonline/css/css2.css HTTP/1.1" 304 - "http://kuhas.ac.in/kuhsonline/qptrans/dnload.php" "Mozilla/5.0 (Windows NT 6.1; rv:11.0) Gecko/20100101 Firefox/11.0"
117.211.75.64 - - [02/Apr/2012:08:50:53 +0530] "GET /kuhsonline/js/myjslib.js HTTP/1.1" 304 - "http://kuhas.ac.in/kuhsonline/qptrans/dnload.php" "Mozilla/5.0 (Windows NT 6.1; rv:11.0) Gecko/20100101 Firefox/11.0"
117.211.75.64 - - [02/Apr/2012:08:50:53 +0530] "GET /kuhsonline/css/style.css HTTP/1.1" 304 - "http://kuhas.ac.in/kuhsonline/main/head.php" "Mozilla/5.0 (Windows NT 6.1; rv:11.0) Gecko/20100101 Firefox/11.0"
117.211.75.64 - - [02/Apr/2012:08:50:53 +0530] "GET /kuhsonline/qptrans/dnload.php HTTP/1.1" 200 11906 "http://kuhas.ac.in/kuhsonline/qptrans/collpage.php" "Mozilla/5.0 (Windows NT 6.1; rv:11.0) Gecko/20100101 Firefox/11.0"
117.211.75.64 - - [02/Apr/2012:08:50:53 +0530] "GET /kuhsonline/images/cap_logo.jpg HTTP/1.1" 304 - "http://kuhas.ac.in/kuhsonline/main/head.php" "Mozilla/5.0 (Windows NT 6.1; rv:11.0) Gecko/20100101 Firefox/11.0"
117.211.75.64 - - [02/Apr/2012:08:50:53 +0530] "GET /kuhsonline/images/pleasewait.gif HTTP/1.1" 304 - "http://kuhas.ac.in/kuhsonline/qptrans/dnload.php" "Mozilla/5.0 (Windows NT 6.1; rv:11.0) Gecko/20100101 Firefox/11.0"
117.211.75.64 - - [02/Apr/2012:08:50:53 +0530] "POST /kuhsonline/qptrans/get1.php?q=1 HTTP/1.1" 200 10 "http://kuhas.ac.in/kuhsonline/qptrans/dnload.php" "Mozilla/5.0 (Windows NT 6.1; rv:11.0) Gecko/20100101 Firefox/11.0"
117.211.75.64 - - [02/Apr/2012:08:50:58 +0530] "GET /kuhsonline/qptrans/get.php?id=download HTTP/1.1" 200 284 "http://kuhas.ac.in/kuhsonline/qptrans/dnload.php" "Mozilla/5.0 (Windows NT 6.1; rv:11.0) Gecko/20100101 Firefox/11.0"
117.211.75.54 - - [02/Apr/2012:08:50:58 +0530] "GET /kuhsonline/main/frame.html HTTP/1.1" 304 - "-" "Mozilla/5.0 (Windows NT 6.1; rv:5.0.1) Gecko/20100101 Firefox/5.0.1"
117.211.75.54 - - [02/Apr/2012:08:50:58 +0530] "GET /kuhsonline/main/head.php HTTP/1.1" 200 1157 "http://kuhas.ac.in/kuhsonline/main/frame.html" "Mozilla/5.0 (Windows NT 6.1; rv:5.0.1) Gecko/20100101 Firefox/5.0.1"
106.66.92.63 - - [02/Apr/2012:08:50:58 +0530] "GET /kuhsonline/main/frame.html HTTP/1.1" 304 - "-" "Mozilla/5.0 (Windows NT 6.1; rv:6.0) Gecko/20100101 Firefox/6.0"
117.211.75.54 - - [02/Apr/2012:08:50:58 +0530] "GET /kuhsonline/images/cap_logo.jpg HTTP/1.1" 304 - "http://kuhas.ac.in/kuhsonline/main/head.php" "Mozilla/5.0 (Windows NT 6.1; rv:5.0.1) Gecko/20100101 Firefox/5.0.1"
117.211.75.54 - - [02/Apr/2012:08:50:58 +0530] "GET /kuhsonline/css/style.css HTTP/1.1" 304 - "http://kuhas.ac.in/kuhsonline/main/head.php" "Mozilla/5.0 (Windows NT 6.1; rv:5.0.1) Gecko/20100101 Firefox/5.0.1"
117.211.75.54 - - [02/Apr/2012:08:50:58 +0530] "GET /kuhsonline/css/loginmodule.css HTTP/1.1" 304 - "http://kuhas.ac.in/kuhsonline/qptrans/dnload.php" "Mozilla/5.0 (Windows NT 6.1; rv:5.0.1) Gecko/20100101 Firefox/5.0.1"
117.211.75.54 - - [02/Apr/2012:08:50:58 +0530] "GET /kuhsonline/css/css2.css HTTP/1.1" 304 - "http://kuhas.ac.in/kuhsonline/qptrans/dnload.php" "Mozilla/5.0 (Windows NT 6.1; rv:5.0.1) Gecko/20100101 Firefox/5.0.1"
117.211.75.54 - - [02/Apr/2012:08:50:58 +0530] "GET /kuhsonline/qptrans/dnload.php HTTP/1.1" 200 11906 "http://kuhas.ac.in/kuhsonline/qptrans/collpage.php" "Mozilla/5.0 (Windows NT 6.1; rv:5.0.1) Gecko/20100101 Firefox/5.0.1"
117.211.75.54 - - [02/Apr/2012:08:50:58 +0530] "GET /kuhsonline/js/myjslib.js HTTP/1.1" 304 - "http://kuhas.ac.in/kuhsonline/qptrans/dnload.php" "Mozilla/5.0 (Windows NT 6.1; rv:5.0.1) Gecko/20100101 Firefox/5.0.1"
106.66.92.63 - - [02/Apr/2012:08:50:58 +0530] "GET /kuhsonline/main/head.php HTTP/1.1" 200 1157 "http://www.kuhas.ac.in/kuhsonline/main/frame.html" "Mozilla/5.0 (Windows NT 6.1; rv:6.0) Gecko/20100101 Firefox/6.0"
117.211.75.54 - - [02/Apr/2012:08:50:59 +0530] "GET /kuhsonline/images/pleasewait.gif HTTP/1.1" 304 - "http://kuhas.ac.in/kuhsonline/qptrans/dnload.php" "Mozilla/5.0 (Windows NT 6.1; rv:5.0.1) Gecko/20100101 Firefox/5.0.1"
117.211.75.54 - - [02/Apr/2012:08:50:59 +0530] "POST /kuhsonline/qptrans/get1.php?q=1 HTTP/1.1" 200 10 "http://kuhas.ac.in/kuhsonline/qptrans/dnload.php" "Mozilla/5.0 (Windows NT 6.1; rv:5.0.1) Gecko/20100101 Firefox/5.0.1"
106.66.92.63 - - [02/Apr/2012:08:50:59 +0530] "GET /kuhsonline/css/style.css HTTP/1.1" 304 - "http://www.kuhas.ac.in/kuhsonline/main/head.php" "Mozilla/5.0 (Windows NT 6.1; rv:6.0) Gecko/20100101 Firefox/6.0"
106.66.92.63 - - [02/Apr/2012:08:50:58 +0530] "GET /kuhsonline/qptrans/dnload.php HTTP/1.1" 200 11906 "http://www.kuhas.ac.in/kuhsonline/qptrans/collpage.php" "Mozilla/5.0 (Windows NT 6.1; rv:6.0) Gecko/20100101 Firefox/6.0"
106.66.92.63 - - [02/Apr/2012:08:50:59 +0530] "GET /kuhsonline/images/cap_logo.jpg HTTP/1.1" 304 - "http://www.kuhas.ac.in/kuhsonline/main/head.php" "Mozilla/5.0 (Windows NT 6.1; rv:6.0) Gecko/20100101 Firefox/6.0"
59.98.104.122 - - [02/Apr/2012:08:50:59 +0530] "GET /kuhsonline/qptrans/get.php?id=download HTTP/1.1" 200 284 "http://kuhas.ac.in/kuhsonline/qptrans/dnload.php" "Mozilla/5.0 (Windows; U; Windows NT 6.1; en-US; rv:1.9.1.7) Gecko/20091221 BRI/1 Firefox/3.5.7"
106.66.92.63 - - [02/Apr/2012:08:50:59 +0530] "GET /kuhsonline/css/loginmodule.css HTTP/1.1" 304 - "http://www.kuhas.ac.in/kuhsonline/qptrans/dnload.php" "Mozilla/5.0 (Windows NT 6.1; rv:6.0) Gecko/20100101 Firefox/6.0"
106.66.92.63 - - [02/Apr/2012:08:50:59 +0530] "GET /kuhsonline/css/css2.css HTTP/1.1" 304 - "http://www.kuhas.ac.in/kuhsonline/qptrans/dnload.php" "Mozilla/5.0 (Windows NT 6.1; rv:6.0) Gecko/20100101 Firefox/6.0"
106.66.92.63 - - [02/Apr/2012:08:50:59 +0530] "GET /kuhsonline/js/myjslib.js HTTP/1.1" 304 - "http://www.kuhas.ac.in/kuhsonline/qptrans/dnload.php" "Mozilla/5.0 (Windows NT 6.1; rv:6.0) Gecko/20100101 Firefox/6.0"
59.98.104.122 - - [02/Apr/2012:08:50:59 +0530] "GET /kuhsonline/qptrans/get.php?id=download HTTP/1.1" 200 284 "http://kuhas.ac.in/kuhsonline/qptrans/dnload.php" "Mozilla/5.0 (Windows; U; Windows NT 6.1; en-US; rv:1.9.1.7) Gecko/20091221 BRI/1 Firefox/3.5.7"
106.66.92.63 - - [02/Apr/2012:08:50:59 +0530] "GET /kuhsonline/images/pleasewait.gif HTTP/1.1" 304 - "http://www.kuhas.ac.in/kuhsonline/qptrans/dnload.php" "Mozilla/5.0 (Windows NT 6.1; rv:6.0) Gecko/20100101 Firefox/6.0"
106.66.92.63 - - [02/Apr/2012:08:51:00 +0530] "POST /kuhsonline/qptrans/get1.php?q=1 HTTP/1.1" 200 10 "http://www.kuhas.ac.in/kuhsonline/qptrans/dnload.php" "Mozilla/5.0 (Windows NT 6.1; rv:6.0) Gecko/20100101 Firefox/6.0"
106.66.92.63 - - [02/Apr/2012:08:51:01 +0530] "GET /kuhsonline/qptrans/get.php?id=download HTTP/1.1" 200 284 "http://www.kuhas.ac.in/kuhsonline/qptrans/dnload.php" "Mozilla/5.0 (Windows NT 6.1; rv:6.0) Gecko/20100101 Firefox/6.0"
117.211.75.54 - - [02/Apr/2012:08:51:02 +0530] "GET /kuhsonline/main/frame.html HTTP/1.1" 304 - "-" "Mozilla/5.0 (Windows NT 6.1; rv:5.0.1) Gecko/20100101 Firefox/5.0.1"
117.211.75.54 - - [02/Apr/2012:08:51:03 +0530] "GET /kuhsonline/main/head.php HTTP/1.1" 200 1157 "http://kuhas.ac.in/kuhsonline/main/frame.html" "Mozilla/5.0 (Windows NT 6.1; rv:5.0.1) Gecko/20100101 Firefox/5.0.1"
117.211.75.54 - - [02/Apr/2012:08:51:03 +0530] "GET /kuhsonline/css/style.css HTTP/1.1" 304 - "http://kuhas.ac.in/kuhsonline/main/head.php" "Mozilla/5.0 (Windows NT 6.1; rv:5.0.1) Gecko/20100101 Firefox/5.0.1"
117.211.75.54 - - [02/Apr/2012:08:51:03 +0530] "GET /kuhsonline/qptrans/dnload.php HTTP/1.1" 200 11905 "http://kuhas.ac.in/kuhsonline/qptrans/collpage.php" "Mozilla/5.0 (Windows NT 6.1; rv:5.0.1) Gecko/20100101 Firefox/5.0.1"
117.211.75.54 - - [02/Apr/2012:08:51:03 +0530] "GET /kuhsonline/css/loginmodule.css HTTP/1.1" 304 - "http://kuhas.ac.in/kuhsonline/qptrans/dnload.php" "Mozilla/5.0 (Windows NT 6.1; rv:5.0.1) Gecko/20100101 Firefox/5.0.1"
117.211.75.54 - - [02/Apr/2012:08:51:03 +0530] "GET /kuhsonline/css/css2.css HTTP/1.1" 304 - "http://kuhas.ac.in/kuhsonline/qptrans/dnload.php" "Mozilla/5.0 (Windows NT 6.1; rv:5.0.1) Gecko/20100101 Firefox/5.0.1"
117.211.75.54 - - [02/Apr/2012:08:51:03 +0530] "GET /kuhsonline/images/cap_logo.jpg HTTP/1.1" 304 - "http://kuhas.ac.in/kuhsonline/main/head.php" "Mozilla/5.0 (Windows NT 6.1; rv:5.0.1) Gecko/20100101 Firefox/5.0.1"
117.211.75.54 - - [02/Apr/2012:08:51:03 +0530] "GET /kuhsonline/js/myjslib.js HTTP/1.1" 304 - "http://kuhas.ac.in/kuhsonline/qptrans/dnload.php" "Mozilla/5.0 (Windows NT 6.1; rv:5.0.1) Gecko/20100101 Firefox/5.0.1"
117.211.75.54 - - [02/Apr/2012:08:51:03 +0530] "GET /kuhsonline/images/pleasewait.gif HTTP/1.1" 304 - "http://kuhas.ac.in/kuhsonline/qptrans/dnload.php" "Mozilla/5.0 (Windows NT 6.1; rv:5.0.1) Gecko/20100101 Firefox/5.0.1"
117.211.75.54 - - [02/Apr/2012:08:51:03 +0530] "POST /kuhsonline/qptrans/get1.php?q=1 HTTP/1.1" 200 10 "http://kuhas.ac.in/kuhsonline/qptrans/dnload.php" "Mozilla/5.0 (Windows NT 6.1; rv:5.0.1) Gecko/20100101 Firefox/5.0.1"
106.66.92.63 - - [02/Apr/2012:08:51:07 +0530] "GET /kuhsonline/main/frame.html HTTP/1.1" 304 - "-" "Mozilla/5.0 (Windows NT 6.1; rv:6.0) Gecko/20100101 Firefox/6.0"
106.66.92.63 - - [02/Apr/2012:08:51:07 +0530] "GET /kuhsonline/main/head.php HTTP/1.1" 200 1157 "http://www.kuhas.ac.in/kuhsonline/main/frame.html" "Mozilla/5.0 (Windows NT 6.1; rv:6.0) Gecko/20100101 Firefox/6.0"
106.66.92.63 - - [02/Apr/2012:08:51:08 +0530] "GET /kuhsonline/css/style.css HTTP/1.1" 304 - "http://www.kuhas.ac.in/kuhsonline/main/head.php" "Mozilla/5.0 (Windows NT 6.1; rv:6.0) Gecko/20100101 Firefox/6.0"
106.66.92.63 - - [02/Apr/2012:08:51:08 +0530] "GET /kuhsonline/images/cap_logo.jpg HTTP/1.1" 304 - "http://www.kuhas.ac.in/kuhsonline/main/head.php" "Mozilla/5.0 (Windows NT 6.1; rv:6.0) Gecko/20100101 Firefox/6.0"
106.66.92.63 - - [02/Apr/2012:08:51:08 +0530] "GET /kuhsonline/qptrans/dnload.php HTTP/1.1" 200 11905 "http://www.kuhas.ac.in/kuhsonline/qptrans/collpage.php" "Mozilla/5.0 (Windows NT 6.1; rv:6.0) Gecko/20100101 Firefox/6.0"
106.66.92.63 - - [02/Apr/2012:08:51:09 +0530] "GET /kuhsonline/css/loginmodule.css HTTP/1.1" 304 - "http://www.kuhas.ac.in/kuhsonline/qptrans/dnload.php" "Mozilla/5.0 (Windows NT 6.1; rv:6.0) Gecko/20100101 Firefox/6.0"
106.66.92.63 - - [02/Apr/2012:08:51:09 +0530] "GET /kuhsonline/css/css2.css HTTP/1.1" 304 - "http://www.kuhas.ac.in/kuhsonline/qptrans/dnload.php" "Mozilla/5.0 (Windows NT 6.1; rv:6.0) Gecko/20100101 Firefox/6.0"
106.66.92.63 - - [02/Apr/2012:08:51:09 +0530] "GET /kuhsonline/js/myjslib.js HTTP/1.1" 304 - "http://www.kuhas.ac.in/kuhsonline/qptrans/dnload.php" "Mozilla/5.0 (Windows NT 6.1; rv:6.0) Gecko/20100101 Firefox/6.0"
106.66.92.63 - - [02/Apr/2012:08:51:09 +0530] "GET /kuhsonline/images/pleasewait.gif HTTP/1.1" 304 - "http://www.kuhas.ac.in/kuhsonline/qptrans/dnload.php" "Mozilla/5.0 (Windows NT 6.1; rv:6.0) Gecko/20100101 Firefox/6.0"
106.66.92.63 - - [02/Apr/2012:08:51:09 +0530] "POST /kuhsonline/qptrans/get1.php?q=1 HTTP/1.1" 200 10 "http://www.kuhas.ac.in/kuhsonline/qptrans/dnload.php" "Mozilla/5.0 (Windows NT 6.1; rv:6.0) Gecko/20100101 Firefox/6.0"
117.253.194.41 - - [02/Apr/2012:08:51:10 +0530] "GET /kuhsonline/qptrans/get.php?id=download HTTP/1.1" 200 20034 "http://www.kuhas.ac.in/kuhsonline/qptrans/dnload.php" "Mozilla/5.0 (Windows NT 6.1; rv:11.0) Gecko/20100101 Firefox/11.0"
115.249.106.74 - - [02/Apr/2012:08:51:13 +0530] "GET /kuhsonline/main/frame.html HTTP/1.1" 304 - "-" "Mozilla/5.0 (Windows NT 6.1; rv:11.0) Gecko/20100101 Firefox/11.0"
115.249.106.74 - - [02/Apr/2012:08:51:13 +0530] "GET /kuhsonline/main/head.php HTTP/1.1" 200 1157 "http://kuhas.ac.in/kuhsonline/main/frame.html" "Mozilla/5.0 (Windows NT 6.1; rv:11.0) Gecko/20100101 Firefox/11.0"
115.249.106.74 - - [02/Apr/2012:08:51:14 +0530] "GET /kuhsonline/css/style.css HTTP/1.1" 304 - "http://kuhas.ac.in/kuhsonline/main/head.php" "Mozilla/5.0 (Windows NT 6.1; rv:11.0) Gecko/20100101 Firefox/11.0"
115.249.106.74 - - [02/Apr/2012:08:51:14 +0530] "GET /kuhsonline/images/cap_logo.jpg HTTP/1.1" 304 - "http://kuhas.ac.in/kuhsonline/main/head.php" "Mozilla/5.0 (Windows NT 6.1; rv:11.0) Gecko/20100101 Firefox/11.0"
115.249.106.74 - - [02/Apr/2012:08:51:14 +0530] "GET /kuhsonline/qptrans/dnload.php HTTP/1.1" 200 11906 "http://kuhas.ac.in/kuhsonline/qptrans/collpage.php" "Mozilla/5.0 (Windows NT 6.1; rv:11.0) Gecko/20100101 Firefox/11.0"
115.249.106.74 - - [02/Apr/2012:08:51:14 +0530] "GET /kuhsonline/css/loginmodule.css HTTP/1.1" 304 - "http://kuhas.ac.in/kuhsonline/qptrans/dnload.php" "Mozilla/5.0 (Windows NT 6.1; rv:11.0) Gecko/20100101 Firefox/11.0"
115.249.106.74 - - [02/Apr/2012:08:51:14 +0530] "GET /kuhsonline/js/myjslib.js HTTP/1.1" 304 - "http://kuhas.ac.in/kuhsonline/qptrans/dnload.php" "Mozilla/5.0 (Windows NT 6.1; rv:11.0) Gecko/20100101 Firefox/11.0"
115.249.106.74 - - [02/Apr/2012:08:51:14 +0530] "GET /kuhsonline/css/css2.css HTTP/1.1" 304 - "http://kuhas.ac.in/kuhsonline/qptrans/dnload.php" "Mozilla/5.0 (Windows NT 6.1; rv:11.0) Gecko/20100101 Firefox/11.0"
115.249.106.74 - - [02/Apr/2012:08:51:14 +0530] "GET /kuhsonline/images/pleasewait.gif HTTP/1.1" 304 - "http://kuhas.ac.in/kuhsonline/qptrans/dnload.php" "Mozilla/5.0 (Windows NT 6.1; rv:11.0) Gecko/20100101 Firefox/11.0"
117.211.133.6 - - [02/Apr/2012:08:51:14 +0530] "GET /kuhsonline/main/frame.html HTTP/1.1" 304 - "-" "Mozilla/5.0 (Windows NT 6.1; rv:11.0) Gecko/20100101 Firefox/11.0"
115.249.106.74 - - [02/Apr/2012:08:51:14 +0530] "POST /kuhsonline/qptrans/get1.php?q=1 HTTP/1.1" 200 10 "http://kuhas.ac.in/kuhsonline/qptrans/dnload.php" "Mozilla/5.0 (Windows NT 6.1; rv:11.0) Gecko/20100101 Firefox/11.0"
117.211.133.6 - - [02/Apr/2012:08:51:14 +0530] "GET /kuhsonline/main/head.php HTTP/1.1" 200 1157 "http://kuhas.ac.in/kuhsonline/main/frame.html" "Mozilla/5.0 (Windows NT 6.1; rv:11.0) Gecko/20100101 Firefox/11.0"
117.211.133.6 - - [02/Apr/2012:08:51:14 +0530] "GET /kuhsonline/css/style.css HTTP/1.1" 304 - "http://kuhas.ac.in/kuhsonline/main/head.php" "Mozilla/5.0 (Windows NT 6.1; rv:11.0) Gecko/20100101 Firefox/11.0"
117.211.133.6 - - [02/Apr/2012:08:51:14 +0530] "GET /kuhsonline/images/cap_logo.jpg HTTP/1.1" 304 - "http://kuhas.ac.in/kuhsonline/main/head.php" "Mozilla/5.0 (Windows NT 6.1; rv:11.0) Gecko/20100101 Firefox/11.0"
117.211.133.6 - - [02/Apr/2012:08:51:15 +0530] "GET /kuhsonline/css/loginmodule.css HTTP/1.1" 304 - "http://kuhas.ac.in/kuhsonline/qptrans/dnload.php" "Mozilla/5.0 (Windows NT 6.1; rv:11.0) Gecko/20100101 Firefox/11.0"
117.211.133.6 - - [02/Apr/2012:08:51:14 +0530] "GET /kuhsonline/qptrans/dnload.php HTTP/1.1" 200 11906 "http://kuhas.ac.in/kuhsonline/qptrans/collpage.php" "Mozilla/5.0 (Windows NT 6.1; rv:11.0) Gecko/20100101 Firefox/11.0"
117.211.133.6 - - [02/Apr/2012:08:51:15 +0530] "GET /kuhsonline/css/css2.css HTTP/1.1" 304 - "http://kuhas.ac.in/kuhsonline/qptrans/dnload.php" "Mozilla/5.0 (Windows NT 6.1; rv:11.0) Gecko/20100101 Firefox/11.0"
117.211.133.6 - - [02/Apr/2012:08:51:15 +0530] "GET /kuhsonline/js/myjslib.js HTTP/1.1" 304 - "http://kuhas.ac.in/kuhsonline/qptrans/dnload.php" "Mozilla/5.0 (Windows NT 6.1; rv:11.0) Gecko/20100101 Firefox/11.0"
117.211.133.6 - - [02/Apr/2012:08:51:15 +0530] "GET /kuhsonline/images/pleasewait.gif HTTP/1.1" 304 - "http://kuhas.ac.in/kuhsonline/qptrans/dnload.php" "Mozilla/5.0 (Windows NT 6.1; rv:11.0) Gecko/20100101 Firefox/11.0"
117.211.133.6 - - [02/Apr/2012:08:51:15 +0530] "POST /kuhsonline/qptrans/get1.php?q=1 HTTP/1.1" 200 10 "http://kuhas.ac.in/kuhsonline/qptrans/dnload.php" "Mozilla/5.0 (Windows NT 6.1; rv:11.0) Gecko/20100101 Firefox/11.0"
115.249.106.74 - - [02/Apr/2012:08:51:17 +0530] "GET /kuhsonline/qptrans/get.php?id=download HTTP/1.1" 200 20034 "http://kuhas.ac.in/kuhsonline/qptrans/dnload.php" "Mozilla/5.0 (Windows NT 6.1; rv:11.0) Gecko/20100101 Firefox/11.0"
117.211.133.6 - - [02/Apr/2012:08:51:20 +0530] "GET /kuhsonline/qptrans/get.php?id=download HTTP/1.1" 200 20034 "http://kuhas.ac.in/kuhsonline/qptrans/dnload.php" "Mozilla/5.0 (Windows NT 6.1; rv:11.0) Gecko/20100101 Firefox/11.0"
117.211.75.52 - - [02/Apr/2012:08:51:21 +0530] "GET /kuhsonline/qptrans/dnload.php HTTP/1.1" 200 11906 "-" "Mozilla/5.0 (Windows; U; Windows NT 5.1; en-US; rv:1.9.2.28) Gecko/20120306 Firefox/3.6.28"
117.211.75.52 - - [02/Apr/2012:08:51:21 +0530] "GET /kuhsonline/css/loginmodule.css HTTP/1.1" 304 - "http://kuhas.ac.in/kuhsonline/qptrans/dnload.php" "Mozilla/5.0 (Windows; U; Windows NT 5.1; en-US; rv:1.9.2.28) Gecko/20120306 Firefox/3.6.28"
117.211.75.52 - - [02/Apr/2012:08:51:21 +0530] "GET /kuhsonline/js/myjslib.js HTTP/1.1" 304 - "http://kuhas.ac.in/kuhsonline/qptrans/dnload.php" "Mozilla/5.0 (Windows; U; Windows NT 5.1; en-US; rv:1.9.2.28) Gecko/20120306 Firefox/3.6.28"
117.211.75.52 - - [02/Apr/2012:08:51:21 +0530] "GET /kuhsonline/css/css2.css HTTP/1.1" 304 - "http://kuhas.ac.in/kuhsonline/qptrans/dnload.php" "Mozilla/5.0 (Windows; U; Windows NT 5.1; en-US; rv:1.9.2.28) Gecko/20120306 Firefox/3.6.28"
117.211.75.52 - - [02/Apr/2012:08:51:21 +0530] "GET /kuhsonline/images/pleasewait.gif HTTP/1.1" 304 - "http://kuhas.ac.in/kuhsonline/qptrans/dnload.php" "Mozilla/5.0 (Windows; U; Windows NT 5.1; en-US; rv:1.9.2.28) Gecko/20120306 Firefox/3.6.28"
117.211.75.52 - - [02/Apr/2012:08:51:21 +0530] "POST /kuhsonline/qptrans/get1.php?q=1 HTTP/1.1" 200 10 "http://kuhas.ac.in/kuhsonline/qptrans/dnload.php" "Mozilla/5.0 (Windows; U; Windows NT 5.1; en-US; rv:1.9.2.28) Gecko/20120306 Firefox/3.6.28"
117.253.194.41 - - [02/Apr/2012:08:51:26 +0530] "GET /kuhsonline/qptrans/get.php?id=download HTTP/1.1" 200 20034 "http://www.kuhas.ac.in/kuhsonline/qptrans/dnload.php" "Mozilla/5.0 (Windows NT 6.1; rv:11.0) Gecko/20100101 Firefox/11.0"
117.242.73.148 - - [02/Apr/2012:08:51:39 +0530] "GET /favicon.ico HTTP/1.1" 404 613 "-" "Mozilla/5.0 (Windows NT 6.1) AppleWebKit/535.11 (KHTML, like Gecko) Chrome/17.0.963.83 Safari/535.11"
117.242.73.148 - - [02/Apr/2012:08:51:39 +0530] "GET /kuhsonline/qptrans/get.php?id=download HTTP/1.1" 200 20034 "http://kuhas.ac.in/kuhsonline/qptrans/dnload.php" "Mozilla/5.0 (Windows NT 6.1) AppleWebKit/535.11 (KHTML, like Gecko) Chrome/17.0.963.83 Safari/535.11"
117.211.75.64 - - [02/Apr/2012:08:51:44 +0530] "GET /kuhsonline/qptrans/get.php?id=download HTTP/1.1" 200 20034 "http://kuhas.ac.in/kuhsonline/qptrans/dnload.php" "Mozilla/5.0 (Windows NT 6.1; rv:11.0) Gecko/20100101 Firefox/11.0"
117.211.75.52 - - [02/Apr/2012:08:51:46 +0530] "GET /kuhsonline/qptrans/dnload.php HTTP/1.1" 200 11906 "-" "Mozilla/5.0 (Windows; U; Windows NT 5.1; en-US; rv:1.9.1.5) Gecko/20091102 Firefox/3.5.5"
117.211.75.52 - - [02/Apr/2012:08:51:47 +0530] "GET /kuhsonline/css/css2.css HTTP/1.1" 304 - "http://kuhas.ac.in/kuhsonline/qptrans/dnload.php" "Mozilla/5.0 (Windows; U; Windows NT 5.1; en-US; rv:1.9.1.5) Gecko/20091102 Firefox/3.5.5"
117.211.75.52 - - [02/Apr/2012:08:51:47 +0530] "GET /kuhsonline/js/myjslib.js HTTP/1.1" 304 - "http://kuhas.ac.in/kuhsonline/qptrans/dnload.php" "Mozilla/5.0 (Windows; U; Windows NT 5.1; en-US; rv:1.9.1.5) Gecko/20091102 Firefox/3.5.5"
117.211.75.52 - - [02/Apr/2012:08:51:47 +0530] "GET /kuhsonline/css/loginmodule.css HTTP/1.1" 304 - "http://kuhas.ac.in/kuhsonline/qptrans/dnload.php" "Mozilla/5.0 (Windows; U; Windows NT 5.1; en-US; rv:1.9.1.5) Gecko/20091102 Firefox/3.5.5"
117.211.75.52 - - [02/Apr/2012:08:51:47 +0530] "GET /kuhsonline/images/pleasewait.gif HTTP/1.1" 304 - "http://kuhas.ac.in/kuhsonline/qptrans/dnload.php" "Mozilla/5.0 (Windows; U; Windows NT 5.1; en-US; rv:1.9.1.5) Gecko/20091102 Firefox/3.5.5"
117.211.75.52 - - [02/Apr/2012:08:51:47 +0530] "POST /kuhsonline/qptrans/get1.php?q=1 HTTP/1.1" 200 10 "http://kuhas.ac.in/kuhsonline/qptrans/dnload.php" "Mozilla/5.0 (Windows; U; Windows NT 5.1; en-US; rv:1.9.1.5) Gecko/20091102 Firefox/3.5.5"
117.211.75.54 - - [02/Apr/2012:08:51:50 +0530] "GET /kuhsonline/qptrans/get.php?id=download HTTP/1.1" 200 20034 "http://kuhas.ac.in/kuhsonline/qptrans/dnload.php" "Mozilla/5.0 (Windows NT 6.1; rv:5.0.1) Gecko/20100101 Firefox/5.0.1"
117.211.75.54 - - [02/Apr/2012:08:51:54 +0530] "GET /kuhsonline/main/frame.html HTTP/1.1" 304 - "-" "Mozilla/5.0 (Windows NT 6.1; rv:5.0.1) Gecko/20100101 Firefox/5.0.1"
117.211.75.54 - - [02/Apr/2012:08:51:54 +0530] "GET /kuhsonline/main/head.php HTTP/1.1" 200 1157 "http://kuhas.ac.in/kuhsonline/main/frame.html" "Mozilla/5.0 (Windows NT 6.1; rv:5.0.1) Gecko/20100101 Firefox/5.0.1"
117.211.75.54 - - [02/Apr/2012:08:51:54 +0530] "GET /kuhsonline/css/style.css HTTP/1.1" 304 - "http://kuhas.ac.in/kuhsonline/main/head.php" "Mozilla/5.0 (Windows NT 6.1; rv:5.0.1) Gecko/20100101 Firefox/5.0.1"
117.211.75.54 - - [02/Apr/2012:08:51:55 +0530] "GET /kuhsonline/images/cap_logo.jpg HTTP/1.1" 304 - "http://kuhas.ac.in/kuhsonline/main/head.php" "Mozilla/5.0 (Windows NT 6.1; rv:5.0.1) Gecko/20100101 Firefox/5.0.1"
117.211.75.54 - - [02/Apr/2012:08:51:54 +0530] "GET /kuhsonline/qptrans/dnload.php HTTP/1.1" 200 11906 "http://kuhas.ac.in/kuhsonline/qptrans/collpage.php" "Mozilla/5.0 (Windows NT 6.1; rv:5.0.1) Gecko/20100101 Firefox/5.0.1"
117.211.75.54 - - [02/Apr/2012:08:51:55 +0530] "GET /kuhsonline/css/loginmodule.css HTTP/1.1" 304 - "http://kuhas.ac.in/kuhsonline/qptrans/dnload.php" "Mozilla/5.0 (Windows NT 6.1; rv:5.0.1) Gecko/20100101 Firefox/5.0.1"
117.211.75.54 - - [02/Apr/2012:08:51:55 +0530] "GET /kuhsonline/css/css2.css HTTP/1.1" 304 - "http://kuhas.ac.in/kuhsonline/qptrans/dnload.php" "Mozilla/5.0 (Windows NT 6.1; rv:5.0.1) Gecko/20100101 Firefox/5.0.1"
117.211.75.54 - - [02/Apr/2012:08:51:55 +0530] "GET /kuhsonline/js/myjslib.js HTTP/1.1" 304 - "http://kuhas.ac.in/kuhsonline/qptrans/dnload.php" "Mozilla/5.0 (Windows NT 6.1; rv:5.0.1) Gecko/20100101 Firefox/5.0.1"
117.211.75.54 - - [02/Apr/2012:08:51:55 +0530] "GET /kuhsonline/images/pleasewait.gif HTTP/1.1" 304 - "http://kuhas.ac.in/kuhsonline/qptrans/dnload.php" "Mozilla/5.0 (Windows NT 6.1; rv:5.0.1) Gecko/20100101 Firefox/5.0.1"
117.211.75.54 - - [02/Apr/2012:08:51:55 +0530] "POST /kuhsonline/qptrans/get1.php?q=1 HTTP/1.1" 200 10 "http://kuhas.ac.in/kuhsonline/qptrans/dnload.php" "Mozilla/5.0 (Windows NT 6.1; rv:5.0.1) Gecko/20100101 Firefox/5.0.1"
117.211.75.54 - - [02/Apr/2012:08:51:56 +0530] "GET /kuhsonline/qptrans/get.php?id=download HTTP/1.1" 200 20034 "http://kuhas.ac.in/kuhsonline/qptrans/dnload.php" "Mozilla/5.0 (Windows NT 6.1; rv:5.0.1) Gecko/20100101 Firefox/5.0.1"
59.90.167.4 - - [02/Apr/2012:08:51:59 +0530] "GET /kuhsonline/main/frame.html HTTP/1.1" 304 - "-" "Mozilla/5.0 (Windows NT 6.1; rv:11.0) Gecko/20100101 Firefox/11.0"
59.90.167.4 - - [02/Apr/2012:08:51:59 +0530] "GET /kuhsonline/main/head.php HTTP/1.1" 200 1157 "http://www.kuhas.ac.in/kuhsonline/main/frame.html" "Mozilla/5.0 (Windows NT 6.1; rv:11.0) Gecko/20100101 Firefox/11.0"
59.90.167.4 - - [02/Apr/2012:08:52:00 +0530] "GET /kuhsonline/css/style.css HTTP/1.1" 304 - "http://www.kuhas.ac.in/kuhsonline/main/head.php" "Mozilla/5.0 (Windows NT 6.1; rv:11.0) Gecko/20100101 Firefox/11.0"
59.90.167.4 - - [02/Apr/2012:08:52:00 +0530] "GET /kuhsonline/images/cap_logo.jpg HTTP/1.1" 304 - "http://www.kuhas.ac.in/kuhsonline/main/head.php" "Mozilla/5.0 (Windows NT 6.1; rv:11.0) Gecko/20100101 Firefox/11.0"
59.90.167.4 - - [02/Apr/2012:08:52:00 +0530] "GET /kuhsonline/css/loginmodule.css HTTP/1.1" 304 - "http://www.kuhas.ac.in/kuhsonline/qptrans/dnload.php" "Mozilla/5.0 (Windows NT 6.1; rv:11.0) Gecko/20100101 Firefox/11.0"
59.90.167.4 - - [02/Apr/2012:08:52:00 +0530] "GET /kuhsonline/css/css2.css HTTP/1.1" 304 - "http://www.kuhas.ac.in/kuhsonline/qptrans/dnload.php" "Mozilla/5.0 (Windows NT 6.1; rv:11.0) Gecko/20100101 Firefox/11.0"
59.90.167.4 - - [02/Apr/2012:08:52:00 +0530] "GET /kuhsonline/js/myjslib.js HTTP/1.1" 304 - "http://www.kuhas.ac.in/kuhsonline/qptrans/dnload.php" "Mozilla/5.0 (Windows NT 6.1; rv:11.0) Gecko/20100101 Firefox/11.0"
59.90.167.4 - - [02/Apr/2012:08:52:00 +0530] "GET /kuhsonline/qptrans/dnload.php HTTP/1.1" 200 11905 "http://www.kuhas.ac.in/kuhsonline/qptrans/collpage.php" "Mozilla/5.0 (Windows NT 6.1; rv:11.0) Gecko/20100101 Firefox/11.0"
59.90.167.4 - - [02/Apr/2012:08:52:00 +0530] "GET /kuhsonline/images/pleasewait.gif HTTP/1.1" 304 - "http://www.kuhas.ac.in/kuhsonline/qptrans/dnload.php" "Mozilla/5.0 (Windows NT 6.1; rv:11.0) Gecko/20100101 Firefox/11.0"
117.211.75.52 - - [02/Apr/2012:08:52:00 +0530] "GET /kuhsonline/main/frame.html HTTP/1.1" 304 - "-" "Mozilla/5.0 (Windows; U; Windows NT 5.1; en-US; rv:1.9.2.28) Gecko/20120306 Firefox/3.6.28"
117.207.199.48 - - [02/Apr/2012:08:52:00 +0530] "GET /kuhsonline/main/frame.html HTTP/1.1" 304 - "-" "Mozilla/5.0 (Windows NT 6.1; rv:7.0.1) Gecko/20100101 Firefox/7.0.1"
59.90.167.4 - - [02/Apr/2012:08:52:00 +0530] "POST /kuhsonline/qptrans/get1.php?q=1 HTTP/1.1" 200 10 "http://www.kuhas.ac.in/kuhsonline/qptrans/dnload.php" "Mozilla/5.0 (Windows NT 6.1; rv:11.0) Gecko/20100101 Firefox/11.0"
117.211.75.52 - - [02/Apr/2012:08:52:00 +0530] "GET /kuhsonline/main/head.php HTTP/1.1" 200 1157 "http://kuhas.ac.in/kuhsonline/main/frame.html" "Mozilla/5.0 (Windows; U; Windows NT 5.1; en-US; rv:1.9.2.28) Gecko/20120306 Firefox/3.6.28"
117.211.75.52 - - [02/Apr/2012:08:52:01 +0530] "GET /kuhsonline/images/cap_logo.jpg HTTP/1.1" 304 - "http://kuhas.ac.in/kuhsonline/main/head.php" "Mozilla/5.0 (Windows; U; Windows NT 5.1; en-US; rv:1.9.2.28) Gecko/20120306 Firefox/3.6.28"
117.211.75.52 - - [02/Apr/2012:08:52:01 +0530] "GET /kuhsonline/css/style.css HTTP/1.1" 304 - "http://kuhas.ac.in/kuhsonline/main/head.php" "Mozilla/5.0 (Windows; U; Windows NT 5.1; en-US; rv:1.9.2.28) Gecko/20120306 Firefox/3.6.28"
117.211.75.52 - - [02/Apr/2012:08:52:01 +0530] "GET /kuhsonline/css/loginmodule.css HTTP/1.1" 304 - "http://kuhas.ac.in/kuhsonline/qptrans/dnload.php" "Mozilla/5.0 (Windows; U; Windows NT 5.1; en-US; rv:1.9.2.28) Gecko/20120306 Firefox/3.6.28"
117.211.75.52 - - [02/Apr/2012:08:52:00 +0530] "GET /kuhsonline/qptrans/dnload.php HTTP/1.1" 200 11905 "http://kuhas.ac.in/kuhsonline/qptrans/collpage.php" "Mozilla/5.0 (Windows; U; Windows NT 5.1; en-US; rv:1.9.2.28) Gecko/20120306 Firefox/3.6.28"
117.211.75.52 - - [02/Apr/2012:08:52:01 +0530] "GET /kuhsonline/css/css2.css HTTP/1.1" 304 - "http://kuhas.ac.in/kuhsonline/qptrans/dnload.php" "Mozilla/5.0 (Windows; U; Windows NT 5.1; en-US; rv:1.9.2.28) Gecko/20120306 Firefox/3.6.28"
117.211.75.52 - - [02/Apr/2012:08:52:01 +0530] "GET /kuhsonline/js/myjslib.js HTTP/1.1" 304 - "http://kuhas.ac.in/kuhsonline/qptrans/dnload.php" "Mozilla/5.0 (Windows; U; Windows NT 5.1; en-US; rv:1.9.2.28) Gecko/20120306 Firefox/3.6.28"
117.207.199.48 - - [02/Apr/2012:08:52:01 +0530] "GET /kuhsonline/main/head.php HTTP/1.1" 200 1157 "http://kuhas.ac.in/kuhsonline/main/frame.html" "Mozilla/5.0 (Windows NT 6.1; rv:7.0.1) Gecko/20100101 Firefox/7.0.1"
117.211.75.52 - - [02/Apr/2012:08:52:01 +0530] "GET /kuhsonline/images/pleasewait.gif HTTP/1.1" 304 - "http://kuhas.ac.in/kuhsonline/qptrans/dnload.php" "Mozilla/5.0 (Windows; U; Windows NT 5.1; en-US; rv:1.9.2.28) Gecko/20120306 Firefox/3.6.28"
117.207.199.48 - - [02/Apr/2012:08:52:01 +0530] "GET /kuhsonline/css/style.css HTTP/1.1" 304 - "http://kuhas.ac.in/kuhsonline/main/head.php" "Mozilla/5.0 (Windows NT 6.1; rv:7.0.1) Gecko/20100101 Firefox/7.0.1"
117.207.199.48 - - [02/Apr/2012:08:52:01 +0530] "GET /kuhsonline/css/loginmodule.css HTTP/1.1" 304 - "http://kuhas.ac.in/kuhsonline/qptrans/dnload.php" "Mozilla/5.0 (Windows NT 6.1; rv:7.0.1) Gecko/20100101 Firefox/7.0.1"
117.207.199.48 - - [02/Apr/2012:08:52:01 +0530] "GET /kuhsonline/images/cap_logo.jpg HTTP/1.1" 304 - "http://kuhas.ac.in/kuhsonline/main/head.php" "Mozilla/5.0 (Windows NT 6.1; rv:7.0.1) Gecko/20100101 Firefox/7.0.1"
117.207.199.48 - - [02/Apr/2012:08:52:01 +0530] "GET /kuhsonline/css/css2.css HTTP/1.1" 304 - "http://kuhas.ac.in/kuhsonline/qptrans/dnload.php" "Mozilla/5.0 (Windows NT 6.1; rv:7.0.1) Gecko/20100101 Firefox/7.0.1"
117.207.199.48 - - [02/Apr/2012:08:52:01 +0530] "GET /kuhsonline/js/myjslib.js HTTP/1.1" 304 - "http://kuhas.ac.in/kuhsonline/qptrans/dnload.php" "Mozilla/5.0 (Windows NT 6.1; rv:7.0.1) Gecko/20100101 Firefox/7.0.1"
117.207.199.48 - - [02/Apr/2012:08:52:01 +0530] "GET /kuhsonline/qptrans/dnload.php HTTP/1.1" 200 11905 "http://kuhas.ac.in/kuhsonline/qptrans/collpage.php" "Mozilla/5.0 (Windows NT 6.1; rv:7.0.1) Gecko/20100101 Firefox/7.0.1"
117.211.75.52 - - [02/Apr/2012:08:52:01 +0530] "POST /kuhsonline/qptrans/get1.php?q=1 HTTP/1.1" 200 10 "http://kuhas.ac.in/kuhsonline/qptrans/dnload.php" "Mozilla/5.0 (Windows; U; Windows NT 5.1; en-US; rv:1.9.2.28) Gecko/20120306 Firefox/3.6.28"
117.207.199.48 - - [02/Apr/2012:08:52:01 +0530] "GET /kuhsonline/images/pleasewait.gif HTTP/1.1" 304 - "http://kuhas.ac.in/kuhsonline/qptrans/dnload.php" "Mozilla/5.0 (Windows NT 6.1; rv:7.0.1) Gecko/20100101 Firefox/7.0.1"
117.231.61.145 - - [02/Apr/2012:08:52:02 +0530] "POST /kuhsonline/qptrans/login-exec.php HTTP/1.1" 302 - "http://www.kuhas.ac.in/kuhsonline/qptrans/index.php" "Mozilla/5.0 (Windows NT 6.1; rv:11.0) Gecko/20100101 Firefox/11.0"
59.90.167.4 - - [02/Apr/2012:08:52:01 +0530] "GET /kuhsonline/qptrans/get.php?id=download HTTP/1.1" 200 20034 "http://www.kuhas.ac.in/kuhsonline/qptrans/dnload.php" "Mozilla/5.0 (Windows NT 6.1; rv:11.0) Gecko/20100101 Firefox/11.0"
117.207.199.48 - - [02/Apr/2012:08:52:02 +0530] "POST /kuhsonline/qptrans/get1.php?q=1 HTTP/1.1" 200 10 "http://kuhas.ac.in/kuhsonline/qptrans/dnload.php" "Mozilla/5.0 (Windows NT 6.1; rv:7.0.1) Gecko/20100101 Firefox/7.0.1"
117.231.61.145 - - [02/Apr/2012:08:52:02 +0530] "GET /kuhsonline/qptrans/collpage.php HTTP/1.1" 200 1636 "http://www.kuhas.ac.in/kuhsonline/qptrans/index.php" "Mozilla/5.0 (Windows NT 6.1; rv:11.0) Gecko/20100101 Firefox/11.0"
117.199.12.206 - - [02/Apr/2012:08:52:04 +0530] "POST /kuhsonline/qptrans/login-exec.php HTTP/1.1" 302 - "http://www.kuhas.ac.in/kuhsonline/qptrans/index.php" "Mozilla/5.0 (Windows NT 6.1; rv:11.0) Gecko/20100101 Firefox/11.0"
117.207.199.48 - - [02/Apr/2012:08:52:04 +0530] "GET /kuhsonline/qptrans/get.php?id=download HTTP/1.1" 200 20034 "http://kuhas.ac.in/kuhsonline/qptrans/dnload.php" "Mozilla/5.0 (Windows NT 6.1; rv:7.0.1) Gecko/20100101 Firefox/7.0.1"
117.199.12.206 - - [02/Apr/2012:08:52:04 +0530] "GET /kuhsonline/qptrans/collpage.php HTTP/1.1" 200 1636 "http://www.kuhas.ac.in/kuhsonline/qptrans/index.php" "Mozilla/5.0 (Windows NT 6.1; rv:11.0) Gecko/20100101 Firefox/11.0"
106.66.92.63 - - [02/Apr/2012:08:52:10 +0530] "GET /kuhsonline/qptrans/dnload.php HTTP/1.1" 200 11906 "-" "Mozilla/5.0 (Windows NT 6.1; rv:6.0) Gecko/20100101 Firefox/6.0"
106.66.92.63 - - [02/Apr/2012:08:52:11 +0530] "GET /kuhsonline/css/loginmodule.css HTTP/1.1" 304 - "http://www.kuhas.ac.in/kuhsonline/qptrans/dnload.php" "Mozilla/5.0 (Windows NT 6.1; rv:6.0) Gecko/20100101 Firefox/6.0"
106.66.92.63 - - [02/Apr/2012:08:52:11 +0530] "GET /kuhsonline/css/css2.css HTTP/1.1" 304 - "http://www.kuhas.ac.in/kuhsonline/qptrans/dnload.php" "Mozilla/5.0 (Windows NT 6.1; rv:6.0) Gecko/20100101 Firefox/6.0"
106.66.92.63 - - [02/Apr/2012:08:52:11 +0530] "GET /kuhsonline/js/myjslib.js HTTP/1.1" 304 - "http://www.kuhas.ac.in/kuhsonline/qptrans/dnload.php" "Mozilla/5.0 (Windows NT 6.1; rv:6.0) Gecko/20100101 Firefox/6.0"
106.66.92.63 - - [02/Apr/2012:08:52:12 +0530] "GET /kuhsonline/images/pleasewait.gif HTTP/1.1" 304 - "http://www.kuhas.ac.in/kuhsonline/qptrans/dnload.php" "Mozilla/5.0 (Windows NT 6.1; rv:6.0) Gecko/20100101 Firefox/6.0"
106.66.92.63 - - [02/Apr/2012:08:52:12 +0530] "POST /kuhsonline/qptrans/get1.php?q=1 HTTP/1.1" 200 10 "http://www.kuhas.ac.in/kuhsonline/qptrans/dnload.php" "Mozilla/5.0 (Windows NT 6.1; rv:6.0) Gecko/20100101 Firefox/6.0"
117.231.61.145 - - [02/Apr/2012:08:52:12 +0530] "GET /kuhsonline/qptrans/dnload.php HTTP/1.1" 200 11906 "http://www.kuhas.ac.in/kuhsonline/qptrans/collpage.php" "Mozilla/5.0 (Windows NT 6.1; rv:11.0) Gecko/20100101 Firefox/11.0"
117.231.61.145 - - [02/Apr/2012:08:52:14 +0530] "POST /kuhsonline/qptrans/get1.php?q=1 HTTP/1.1" 200 10 "http://www.kuhas.ac.in/kuhsonline/qptrans/dnload.php" "Mozilla/5.0 (Windows NT 6.1; rv:11.0) Gecko/20100101 Firefox/11.0"
117.231.61.145 - - [02/Apr/2012:08:52:17 +0530] "GET /kuhsonline/qptrans/get.php?id=download HTTP/1.1" 200 20034 "http://www.kuhas.ac.in/kuhsonline/qptrans/dnload.php" "Mozilla/5.0 (Windows NT 6.1; rv:11.0) Gecko/20100101 Firefox/11.0"
117.211.75.52 - - [02/Apr/2012:08:52:19 +0530] "GET /kuhsonline/main/frame.html HTTP/1.1" 304 - "-" "Mozilla/5.0 (Windows; U; Windows NT 5.1; en-US; rv:1.9.1.5) Gecko/20091102 Firefox/3.5.5"
117.211.75.52 - - [02/Apr/2012:08:52:19 +0530] "GET /kuhsonline/main/head.php HTTP/1.1" 200 1157 "http://kuhas.ac.in/kuhsonline/main/frame.html" "Mozilla/5.0 (Windows; U; Windows NT 5.1; en-US; rv:1.9.1.5) Gecko/20091102 Firefox/3.5.5"
117.211.75.52 - - [02/Apr/2012:08:52:19 +0530] "GET /kuhsonline/images/cap_logo.jpg HTTP/1.1" 304 - "http://kuhas.ac.in/kuhsonline/main/head.php" "Mozilla/5.0 (Windows; U; Windows NT 5.1; en-US; rv:1.9.1.5) Gecko/20091102 Firefox/3.5.5"
117.211.75.52 - - [02/Apr/2012:08:52:19 +0530] "GET /kuhsonline/css/style.css HTTP/1.1" 304 - "http://kuhas.ac.in/kuhsonline/main/head.php" "Mozilla/5.0 (Windows; U; Windows NT 5.1; en-US; rv:1.9.1.5) Gecko/20091102 Firefox/3.5.5"
117.211.75.52 - - [02/Apr/2012:08:52:19 +0530] "GET /kuhsonline/css/loginmodule.css HTTP/1.1" 304 - "http://kuhas.ac.in/kuhsonline/qptrans/dnload.php" "Mozilla/5.0 (Windows; U; Windows NT 5.1; en-US; rv:1.9.1.5) Gecko/20091102 Firefox/3.5.5"
117.211.75.52 - - [02/Apr/2012:08:52:19 +0530] "GET /kuhsonline/qptrans/dnload.php HTTP/1.1" 200 11906 "http://kuhas.ac.in/kuhsonline/qptrans/collpage.php" "Mozilla/5.0 (Windows; U; Windows NT 5.1; en-US; rv:1.9.1.5) Gecko/20091102 Firefox/3.5.5"
